<html>
<body>
<pre>
<h1>µVision Build Log</h1>
<h2>Tool Versions:</h2>
IDE-Version: ¦ÌVision V5.24.2.0
Copyright (C) 2017 ARM Ltd and ARM Germany GmbH. All rights reserved.
License Information: a a, a, LIC=SDA0P-MVGRV-12VLE-5EBKW-2QW6X-VA0U6
 
Tool Versions:
Toolchain:       MDK-ARM Plus  Version: 5.24.1
Toolchain Path:  D:\keil5\ARM\ARMCC\Bin
C Compiler:      Armcc.exe V5.06 update 5 (build 528)
Assembler:       Armasm.exe V5.06 update 5 (build 528)
Linker/Locator:  ArmLink.exe V5.06 update 5 (build 528)
Library Manager: ArmAr.exe V5.06 update 5 (build 528)
Hex Converter:   FromElf.exe V5.06 update 5 (build 528)
CPU DLL:         SARMCM3.DLL V5.24.1
Dialog DLL:      DCM.DLL V1.16.0.0
Target DLL:      STLink\ST-LINKIII-KEIL_SWO.dll V3.0.1.0
Dialog DLL:      TCM.DLL V1.32.0.0
 
<h2>Project:</h2>
d:\STM32F4project\Ultrasonic Ranging\STM32project\_04.uvprojx
Project File Date:  06/02/2026

<h2>Output:</h2>
*** Using Compiler 'V5.06 update 5 (build 528)', folder: 'D:\keil5\ARM\ARMCC\Bin'
Build target '_04 OS'
compiling App_LED.c...
.\_01_App\User.h(8): warning:  #1-D: last line of file ends without a newline
  #endif
.\_03_Drive\User_DAC.h(25): warning:  #1295-D: Deprecated declaration User_DAC_Configure - give arg types
  void User_DAC_Configure();
_01_App\App_LED.c: 2 warnings, 0 errors
compiling main.c...
.\_01_App\User.h(8): warning:  #1-D: last line of file ends without a newline
  #endif
.\_03_Drive\User_DAC.h(25): warning:  #1295-D: Deprecated declaration User_DAC_Configure - give arg types
  void User_DAC_Configure();
main.c: 2 warnings, 0 errors
compiling Os_malloc.c...
.\_01_App\User.h(8): warning:  #1-D: last line of file ends without a newline
  #endif
.\_03_Drive\User_DAC.h(25): warning:  #1295-D: Deprecated declaration User_DAC_Configure - give arg types
  void User_DAC_Configure();
_05_Os\Os_malloc.c: 2 warnings, 0 errors
compiling User_IIC.c...
.\_01_App\User.h(8): warning:  #1-D: last line of file ends without a newline
  #endif
.\_03_Drive\User_DAC.h(25): warning:  #1295-D: Deprecated declaration User_DAC_Configure - give arg types
  void User_DAC_Configure();
_03_Drive\User_IIC.c: 2 warnings, 0 errors
compiling W25Q64.c...
.\_01_App\User.h(8): warning:  #1-D: last line of file ends without a newline
  #endif
.\_03_Drive\User_DAC.h(25): warning:  #1295-D: Deprecated declaration User_DAC_Configure - give arg types
  void User_DAC_Configure();
_07_TFT_LCD\W25Q64.c: 2 warnings, 0 errors
compiling User_BGD.c...
.\_01_App\User.h(8): warning:  #1-D: last line of file ends without a newline
  #endif
.\_03_Drive\User_DAC.h(25): warning:  #1295-D: Deprecated declaration User_DAC_Configure - give arg types
  void User_DAC_Configure();
_03_Drive\User_BGD.c: 2 warnings, 0 errors
compiling Drive_PS2.c...
.\_01_App\User.h(8): warning:  #1-D: last line of file ends without a newline
  #endif
.\_03_Drive\User_DAC.h(25): warning:  #1295-D: Deprecated declaration User_DAC_Configure - give arg types
  void User_DAC_Configure();
_03_Drive\Drive_PS2.c: 2 warnings, 0 errors
compiling User_DAC8562.c...
.\_01_App\User.h(8): warning:  #1-D: last line of file ends without a newline
  #endif
.\_03_Drive\User_DAC.h(25): warning:  #1295-D: Deprecated declaration User_DAC_Configure - give arg types
  void User_DAC_Configure();
_03_Drive\User_DAC8562.c: 2 warnings, 0 errors
compiling Drive_Communication.c...
.\_01_App\User.h(8): warning:  #1-D: last line of file ends without a newline
  #endif
.\_03_Drive\User_DAC.h(25): warning:  #1295-D: Deprecated declaration User_DAC_Configure - give arg types
  void User_DAC_Configure();
_03_Drive\Drive_Communication.c: 2 warnings, 0 errors
compiling spi.c...
.\_01_App\User.h(8): warning:  #1-D: last line of file ends without a newline
  #endif
.\_03_Drive\User_DAC.h(25): warning:  #1295-D: Deprecated declaration User_DAC_Configure - give arg types
  void User_DAC_Configure();
_07_TFT_LCD\spi.c: 2 warnings, 0 errors
compiling Drive_DAC.c...
.\_01_App\User.h(8): warning:  #1-D: last line of file ends without a newline
  #endif
.\_03_Drive\User_DAC.h(25): warning:  #1295-D: Deprecated declaration User_DAC_Configure - give arg types
  void User_DAC_Configure();
_03_Drive\Drive_DAC.c: 2 warnings, 0 errors
compiling User_SPI.c...
.\_01_App\User.h(8): warning:  #1-D: last line of file ends without a newline
  #endif
.\_03_Drive\User_DAC.h(25): warning:  #1295-D: Deprecated declaration User_DAC_Configure - give arg types
  void User_DAC_Configure();
_03_Drive\User_SPI.c: 2 warnings, 0 errors
compiling Os_cpu.c...
.\_01_App\User.h(8): warning:  #1-D: last line of file ends without a newline
  #endif
.\_03_Drive\User_DAC.h(25): warning:  #1295-D: Deprecated declaration User_DAC_Configure - give arg types
  void User_DAC_Configure();
_05_Os\Os_cpu.c: 2 warnings, 0 errors
compiling User.c...
.\_01_App\User.h(8): warning:  #1-D: last line of file ends without a newline
  #endif
.\_03_Drive\User_DAC.h(25): warning:  #1295-D: Deprecated declaration User_DAC_Configure - give arg types
  void User_DAC_Configure();
_01_App\User.h(8): warning:  #1-D: last line of file ends without a newline
  #endif
_01_App\User.c(1087): warning:  #1-D: last line of file ends without a newline
  }
_01_App\User.c(284): warning:  #177-D: function "Show_Text_Line"  was declared but never referenced
  static void Show_Text_Line(uint16_t line, char *text)
_01_App\User.c(297): warning:  #177-D: function "Show_Value_Line"  was declared but never referenced
  static void Show_Value_Line(uint16_t line, char *label, double value, char *format)
_01_App\User.c(306): warning:  #177-D: function "Show_Value_Only"  was declared but never referenced
  static void Show_Value_Only(uint16_t line, double value, char *format)
_01_App\User.c: 7 warnings, 0 errors
compiling Drive_TouchKey.c...
.\_01_App\User.h(8): warning:  #1-D: last line of file ends without a newline
  #endif
.\_03_Drive\User_DAC.h(25): warning:  #1295-D: Deprecated declaration User_DAC_Configure - give arg types
  void User_DAC_Configure();
_03_Drive\Drive_TouchKey.c: 2 warnings, 0 errors
compiling Drive_GPIO.c...
.\_01_App\User.h(8): warning:  #1-D: last line of file ends without a newline
  #endif
.\_03_Drive\User_DAC.h(25): warning:  #1295-D: Deprecated declaration User_DAC_Configure - give arg types
  void User_DAC_Configure();
_03_Drive\Drive_GPIO.c: 2 warnings, 0 errors
compiling Drive_Timer.c...
.\_01_App\User.h(8): warning:  #1-D: last line of file ends without a newline
  #endif
.\_03_Drive\User_DAC.h(25): warning:  #1295-D: Deprecated declaration User_DAC_Configure - give arg types
  void User_DAC_Configure();
_03_Drive\Drive_Timer.c: 2 warnings, 0 errors
compiling User_DAC.c...
.\_01_App\User.h(8): warning:  #1-D: last line of file ends without a newline
  #endif
_03_Drive\User_DAC.h(25): warning:  #1295-D: Deprecated declaration User_DAC_Configure - give arg types
  void User_DAC_Configure();
_03_Drive\User_DAC.c(202): warning:  #1035-D: single-precision operand implicitly converted to double-precision
  			WaveData[count] = vol / 
aseVol *0x0fff;
_03_Drive\User_DAC.c(219): warning:  #1035-D: single-precision operand implicitly converted to double-precision
  			vol = (float)count/
ACDataLength *2 *
aseVol;
_03_Drive\User_DAC.c(220): warning:  #1035-D: single-precision operand implicitly converted to double-precision
  			WaveData[count] = vol / 
aseVol *0x0fff;
_03_Drive\User_DAC.c: 5 warnings, 0 errors
compiling App_Touch.c...
.\_01_App\User.h(8): warning:  #1-D: last line of file ends without a newline
  #endif
.\_03_Drive\User_DAC.h(25): warning:  #1295-D: Deprecated declaration User_DAC_Configure - give arg types
  void User_DAC_Configure();
_01_App\App_Touch.c(32): warning:  #223-D: function "TouchRead" declared implicitly
  		TouchRead(&TouchStruct.NowX,&TouchStruct.NowY);
_01_App\App_Touch.c: 3 warnings, 0 errors
compiling User_PGA2310.c...
.\_01_App\User.h(8): warning:  #1-D: last line of file ends without a newline
  #endif
.\_03_Drive\User_DAC.h(25): warning:  #1295-D: Deprecated declaration User_DAC_Configure - give arg types
  void User_DAC_Configure();
_03_Drive\User_PGA2310.c(41): warning:  #1035-D: single-precision operand implicitly converted to double-precision
  	if( av_l > 31.5 || av_l < -95.5 )
_03_Drive\User_PGA2310.c(43): warning:  #1035-D: single-precision operand implicitly converted to double-precision
  	if( av_r > 31.5 || av_r < -95.5 )
_03_Drive\User_PGA2310.c: 4 warnings, 0 errors
compiling Drive_ADS1256.c...
.\_01_App\User.h(8): warning:  #1-D: last line of file ends without a newline
  #endif
.\_03_Drive\User_DAC.h(25): warning:  #1295-D: Deprecated declaration User_DAC_Configure - give arg types
  void User_DAC_Configure();
_03_Drive\Drive_ADS1256.c(18): warning:  #47-D: incompatible redefinition of macro "SCLK"  (declared at line 37 of ".\_03_Drive\Drive_AD9959.h")
  #define SCLK		 	 GPIO_Pin_2
_03_Drive\Drive_ADS1256.c(22): warning:  #47-D: incompatible redefinition of macro "CS"  (declared at line 36 of ".\_03_Drive\Drive_AD9959.h")
  #define CS				 GPIO_Pin_10
_03_Drive\Drive_ADS1256.c: 4 warnings, 0 errors
compiling Drive_Touch.c...
.\_01_App\User.h(8): warning:  #1-D: last line of file ends without a newline
  #endif
.\_03_Drive\User_DAC.h(25): warning:  #1295-D: Deprecated declaration User_DAC_Configure - give arg types
  void User_DAC_Configure();
_03_Drive\Drive_Touch.c: 2 warnings, 0 errors
compiling Drive_PWM.c...
.\_01_App\User.h(8): warning:  #1-D: last line of file ends without a newline
  #endif
.\_03_Drive\User_DAC.h(25): warning:  #1295-D: Deprecated declaration User_DAC_Configure - give arg types
  void User_DAC_Configure();
_03_Drive\Drive_PWM.c: 2 warnings, 0 errors
compiling delay.c...
.\_01_App\User.h(8): warning:  #1-D: last line of file ends without a newline
  #endif
.\_03_Drive\User_DAC.h(25): warning:  #1295-D: Deprecated declaration User_DAC_Configure - give arg types
  void User_DAC_Configure();
_06_System\delay.c: 2 warnings, 0 errors
compiling User_AD8370.c...
.\_01_App\User.h(8): warning:  #1-D: last line of file ends without a newline
  #endif
.\_03_Drive\User_DAC.h(25): warning:  #1295-D: Deprecated declaration User_DAC_Configure - give arg types
  void User_DAC_Configure();
_03_Drive\User_AD8370.c: 2 warnings, 0 errors
compiling Drive_FFT.c...
.\_01_App\User.h(8): warning:  #1-D: last line of file ends without a newline
  #endif
.\_03_Drive\User_DAC.h(25): warning:  #1295-D: Deprecated declaration User_DAC_Configure - give arg types
  void User_DAC_Configure();
_03_Drive\Drive_FFT.c: 2 warnings, 0 errors
compiling User_PGA112.c...
.\_01_App\User.h(8): warning:  #1-D: last line of file ends without a newline
  #endif
.\_03_Drive\User_DAC.h(25): warning:  #1295-D: Deprecated declaration User_DAC_Configure - give arg types
  void User_DAC_Configure();
_03_Drive\User_PGA112.c: 2 warnings, 0 errors
compiling User_ADC.c...
.\_01_App\User.h(8): warning:  #1-D: last line of file ends without a newline
  #endif
.\_03_Drive\User_DAC.h(25): warning:  #1295-D: Deprecated declaration User_DAC_Configure - give arg types
  void User_DAC_Configure();
_03_Drive\User_ADC.c: 2 warnings, 0 errors
compiling Drive_DMA.c...
.\_01_App\User.h(8): warning:  #1-D: last line of file ends without a newline
  #endif
.\_03_Drive\User_DAC.h(25): warning:  #1295-D: Deprecated declaration User_DAC_Configure - give arg types
  void User_DAC_Configure();
_03_Drive\Drive_DMA.c: 2 warnings, 0 errors
compiling Os_UI.c...
.\_01_App\User.h(8): warning:  #1-D: last line of file ends without a newline
  #endif
.\_03_Drive\User_DAC.h(25): warning:  #1295-D: Deprecated declaration User_DAC_Configure - give arg types
  void User_DAC_Configure();
_05_Os\Os_UI.c: 2 warnings, 0 errors
linking...
Program Size: Code=20052 RO-data=42436 RW-data=144 ZI-data=1166840  
".\Output\_04.axf" - 0 Error(s), 73 Warning(s).

<h2>Software Packages used:</h2>

Package Vendor: Keil
                http://www.keil.com/pack/Keil.STM32F4xx_DFP.1.0.8.pack
                Keil.STM32F4xx_DFP.1.0.8
                STMicroelectronics STM32F4 Series Device Support, Drivers and Examples

<h2>Collection of Component include folders:</h2>
  .\RTE\__04_OS
  D:\keil5\ARM\PACK\Keil\STM32F4xx_DFP\1.0.8\Device\Include

<h2>Collection of Component Files used:</h2>
Build Time Elapsed:  00:00:03
</pre>
</body>
</html>
