Component: ARM Compiler 5.06 update 5 (build 528) Tool: armlink [4d35e2]

==============================================================================

Section Cross References

    app_touch.o(i.TouchStart_Judge) refers to app_touch.o(.bss) for TouchStruct
    app_touch.o(i.Touch_Clear) refers to app_touch.o(.bss) for TouchStruct
    app_touch.o(i.Touch_Judge) refers to app_touch.o(i.Touch_Clear) for Touch_Clear
    app_touch.o(i.Touch_Judge) refers to app_touch.o(.bss) for TouchStruct
    app_touch.o(i.Touch_main) refers to drive_touch.o(i.TouchRead) for TouchRead
    app_touch.o(i.Touch_main) refers to os_cpu.o(i.OSTimeDly) for OSTimeDly
    app_touch.o(i.Touch_main) refers to app_touch.o(.bss) for TouchStruct
    app_touch.o(i.Touch_main) refers to app_touch.o(.data) for LastX
    app_led.o(i.LED_main) refers to app_led.o(i.LED_Control) for LED_Control
    app_led.o(i.LED_main) refers to os_cpu.o(i.OSTimeDly) for OSTimeDly
    app_led.o(i.LED_main) refers to app_led.o(.data) for _led_cnt
    user.o(i.Calibration_Load) refers to rt_memcpy_w.o(.text) for __aeabi_memcpy4
    user.o(i.Calibration_Load) refers to user.o(i.Calibration_IsValid) for Calibration_IsValid
    user.o(i.Calibration_Load) refers to user.o(.bss) for g_calib
    user.o(i.Calibration_Load) refers to user.o(.data) for g_calib_valid
    user.o(i.Calibration_Save) refers to stm32f4xx_flash.o(i.FLASH_Unlock) for FLASH_Unlock
    user.o(i.Calibration_Save) refers to stm32f4xx_flash.o(i.FLASH_ClearFlag) for FLASH_ClearFlag
    user.o(i.Calibration_Save) refers to stm32f4xx_flash.o(i.FLASH_EraseSector) for FLASH_EraseSector
    user.o(i.Calibration_Save) refers to stm32f4xx_flash.o(i.FLASH_ProgramWord) for FLASH_ProgramWord
    user.o(i.Calibration_Save) refers to stm32f4xx_flash.o(i.FLASH_Lock) for FLASH_Lock
    user.o(i.Change_Menu) refers to os_ui.o(i.OS_String_Show) for OS_String_Show
    user.o(i.Change_Menu) refers to user.o(i.Clear_Work_Area) for Clear_Work_Area
    user.o(i.Change_Menu) refers to user.o(.data) for g_menu_sign
    user.o(i.Change_Menu) refers to drive_ps2.o(.data) for Ps2KeyValue
    user.o(i.Clear_Work_Area) refers to user.o(i.Clear_Work_Text) for Clear_Work_Text
    user.o(i.Clear_Work_Text) refers to os_ui.o(i.OS_String_Show) for OS_String_Show
    user.o(i.Clear_Work_Text) refers to user.o(.conststring) for .conststring
    user.o(i.Convert_Time_To_Distance) refers to user.o(i.Convert_Time_To_Distance_Default) for Convert_Time_To_Distance_Default
    user.o(i.Convert_Time_To_Distance) refers to user.o(.data) for g_calib_valid
    user.o(i.Convert_Time_To_Distance) refers to user.o(.bss) for g_calib
    user.o(i.Convert_Time_To_Distance) refers to user.o(.constdata) for k_calib_distance_mm
    user.o(i.Disp_Main) refers to os_ui.o(i.OS_String_Show) for OS_String_Show
    user.o(i.Disp_Main) refers to tft_lcd.o(i.LCD_Appoint_Clear) for LCD_Appoint_Clear
    user.o(i.Draw_Key_Tips) refers to os_ui.o(i.OS_String_Show) for OS_String_Show
    user.o(i.Draw_Work_Title) refers to os_ui.o(i.OS_String_Show) for OS_String_Show
    user.o(i.EXTI0_IRQHandler) refers to stm32f4xx_exti.o(i.EXTI_GetITStatus) for EXTI_GetITStatus
    user.o(i.EXTI0_IRQHandler) refers to stm32f4xx_tim.o(i.TIM_GetCounter) for TIM_GetCounter
    user.o(i.EXTI0_IRQHandler) refers to stm32f4xx_gpio.o(i.GPIO_ReadInputDataBit) for GPIO_ReadInputDataBit
    user.o(i.EXTI0_IRQHandler) refers to user.o(i.Ultrasonic_EstimatePeakTime) for Ultrasonic_EstimatePeakTime
    user.o(i.EXTI0_IRQHandler) refers to stm32f4xx_exti.o(i.EXTI_ClearITPendingBit) for EXTI_ClearITPendingBit
    user.o(i.EXTI0_IRQHandler) refers to user.o(.data) for g_measure_active
    user.o(i.Init_All) refers to tft_lcd.o(i.LCD_Clear) for LCD_Clear
    user.o(i.Init_All) refers to drive_pwm.o(i.Ultrasonic_PWM_Init) for Ultrasonic_PWM_Init
    user.o(i.Init_All) refers to user.o(i.Ultrasonic_Timer_Init) for Ultrasonic_Timer_Init
    user.o(i.Init_All) refers to user.o(i.Ultrasonic_Echo_Init) for Ultrasonic_Echo_Init
    user.o(i.Init_All) refers to user.o(i.Calibration_Load) for Calibration_Load
    user.o(i.Init_All) refers to user.o(i.Ultrasonic_ApplyGain) for Ultrasonic_ApplyGain
    user.o(i.Init_All) refers to user.o(.data) for g_gain_settle_discard
    user.o(i.MenuHandler_Calibrate) refers to _printf_pad.o(.text) for _printf_pre_padding
    user.o(i.MenuHandler_Calibrate) refers to _printf_percent.o(.ARM.Collect$$_printf_percent$$00000000) for _printf_percent
    user.o(i.MenuHandler_Calibrate) refers to _printf_u.o(.ARM.Collect$$_printf_percent$$0000000A) for _printf_u
    user.o(i.MenuHandler_Calibrate) refers to _printf_dec.o(.text) for _printf_int_dec
    user.o(i.MenuHandler_Calibrate) refers to user.o(i.Draw_Work_Title) for Draw_Work_Title
    user.o(i.MenuHandler_Calibrate) refers to user.o(i.Draw_Key_Tips) for Draw_Key_Tips
    user.o(i.MenuHandler_Calibrate) refers to os_ui.o(i.OS_String_Show) for OS_String_Show
[...]
    i.Task_Create                            0x08004404   Section        0  os_cpu.o(i.Task_Create)
    i.Task_End                               0x080044e0   Section        0  os_cpu.o(i.Task_End)
    i.USART1_IRQHandler                      0x080044e4   Section        0  usart.o(i.USART1_IRQHandler)
    i.USART_GetITStatus                      0x0800456c   Section        0  stm32f4xx_usart.o(i.USART_GetITStatus)
    i.USART_ReceiveData                      0x080045c0   Section        0  stm32f4xx_usart.o(i.USART_ReceiveData)
    i.Ultrasonic_ApplyGain                   0x080045cc   Section        0  user.o(i.Ultrasonic_ApplyGain)
    Ultrasonic_ApplyGain                     0x080045cd   Thumb Code    34  user.o(i.Ultrasonic_ApplyGain)
    i.Ultrasonic_Echo_Init                   0x080045f8   Section        0  user.o(i.Ultrasonic_Echo_Init)
    Ultrasonic_Echo_Init                     0x080045f9   Thumb Code   128  user.o(i.Ultrasonic_Echo_Init)
    i.Ultrasonic_EstimatePeakTime            0x0800467c   Section        0  user.o(i.Ultrasonic_EstimatePeakTime)
    Ultrasonic_EstimatePeakTime              0x0800467d   Thumb Code    18  user.o(i.Ultrasonic_EstimatePeakTime)
    i.Ultrasonic_FireBurst                   0x08004690   Section        0  drive_pwm.o(i.Ultrasonic_FireBurst)
    i.Ultrasonic_MeasureFiltered             0x080046e8   Section        0  user.o(i.Ultrasonic_MeasureFiltered)
    Ultrasonic_MeasureFiltered               0x080046e9   Thumb Code   220  user.o(i.Ultrasonic_MeasureFiltered)
    i.Ultrasonic_MeasureOnce                 0x080047cc   Section        0  user.o(i.Ultrasonic_MeasureOnce)
    Ultrasonic_MeasureOnce                   0x080047cd   Thumb Code   102  user.o(i.Ultrasonic_MeasureOnce)
    i.Ultrasonic_PWM_Init                    0x08004850   Section        0  drive_pwm.o(i.Ultrasonic_PWM_Init)
    i.Ultrasonic_PWM_OutputDisable           0x0800497c   Section        0  drive_pwm.o(i.Ultrasonic_PWM_OutputDisable)
    i.Ultrasonic_PWM_OutputEnable            0x080049a8   Section        0  drive_pwm.o(i.Ultrasonic_PWM_OutputEnable)
    i.Ultrasonic_PrepareGain                 0x080049dc   Section        0  user.o(i.Ultrasonic_PrepareGain)
    Ultrasonic_PrepareGain                   0x080049dd   Thumb Code    44  user.o(i.Ultrasonic_PrepareGain)
    i.Ultrasonic_SelectGainCode              0x08004a0c   Section        0  user.o(i.Ultrasonic_SelectGainCode)
    Ultrasonic_SelectGainCode                0x08004a0d   Thumb Code    78  user.o(i.Ultrasonic_SelectGainCode)
    i.Ultrasonic_Timer_Init                  0x08004a5c   Section        0  user.o(i.Ultrasonic_Timer_Init)
    Ultrasonic_Timer_Init                    0x08004a5d   Thumb Code    56  user.o(i.Ultrasonic_Timer_Init)
    i.UsageFault_Handler                     0x08004a98   Section        0  stm32f4xx_it.o(i.UsageFault_Handler)
    i.User_SPI_EndFrame                      0x08004a9c   Section        0  user_spi.o(i.User_SPI_EndFrame)
    i.User_SPI_Init                          0x08004ab8   Section        0  user_spi.o(i.User_SPI_Init)
    i.User_SPI_SetDioOutput                  0x08004ac8   Section        0  user_spi.o(i.User_SPI_SetDioOutput)
    i.User_SPI_SetIdle                       0x08004af4   Section        0  user_spi.o(i.User_SPI_SetIdle)
    User_SPI_SetIdle                         0x08004af5   Thumb Code    32  user_spi.o(i.User_SPI_SetIdle)
    i.User_SPI_StartFrame                    0x08004b18   Section        0  user_spi.o(i.User_SPI_StartFrame)
    i.User_SPI_Transfer16                    0x08004b34   Section        0  user_spi.o(i.User_SPI_Transfer16)
    i.User_SPI_Write16                       0x08004b9c   Section        0  user_spi.o(i.User_SPI_Write16)
    i.User_main                              0x08004bb0   Section        0  user.o(i.User_main)
    i.W25Q64_Init                            0x08004c1c   Section        0  w25q64.o(i.W25Q64_Init)
    i.W25Q64_Read                            0x08004c94   Section        0  w25q64.o(i.W25Q64_Read)
    i.W25Q64_ReadID                          0x08004cec   Section        0  w25q64.o(i.W25Q64_ReadID)
    i.__ARM_fpclassify                       0x08004d38   Section        0  fpclassify.o(i.__ARM_fpclassify)
    i._is_digit                              0x08004d68   Section        0  __printf_wp.o(i._is_digit)
    i._sys_exit                              0x08004d76   Section        0  usart.o(i._sys_exit)
    i.delay_ms                               0x08004d7c   Section        0  delay.o(i.delay_ms)
    i.delay_us                               0x08004dc0   Section        0  delay.o(i.delay_us)
    i.font_init                              0x08004e20   Section        0  fontupd.o(i.font_init)
    i.main                                   0x08004e64   Section        0  main.o(i.main)
    locale$$code                             0x08004eb0   Section       44  lc_numeric_c.o(locale$$code)
    x$fpl$dretinf                            0x08004edc   Section       12  dretinf.o(x$fpl$dretinf)
    $v0                                      0x08004edc   Number         0  dretinf.o(x$fpl$dretinf)
    x$fpl$f2d                                0x08004ee8   Section       86  f2d.o(x$fpl$f2d)
    $v0                                      0x08004ee8   Number         0  f2d.o(x$fpl$f2d)
    x$fpl$fnaninf                            0x08004f3e   Section      140  fnaninf.o(x$fpl$fnaninf)
    $v0                                      0x08004f3e   Number         0  fnaninf.o(x$fpl$fnaninf)
    x$fpl$fpinit                             0x08004fca   Section       10  fpinit.o(x$fpl$fpinit)
    $v0                                      0x08004fca   Number         0  fpinit.o(x$fpl$fpinit)
    x$fpl$printf1                            0x08004fd4   Section        4  printf1.o(x$fpl$printf1)
    $v0                                      0x08004fd4   Number         0  printf1.o(x$fpl$printf1)
    .constdata                               0x08004fd8   Section        8  user.o(.constdata)
    x$fpl$usenofp                            0x08004fd8   Section        0  usenofp.o(x$fpl$usenofp)
    k_calib_distance_mm                      0x08004fd8   Data           8  user.o(.constdata)
    .constdata                               0x08004fe0   Section    41740  fonts.o(.constdata)
    .constdata                               0x0800f2ec   Section       17  __printf_flags_ss_wp.o(.constdata)
    maptable                                 0x0800f2ec   Data          17  __printf_flags_ss_wp.o(.constdata)
    .constdata                               0x0800f300   Section      148  bigflt0.o(.constdata)
    tenpwrs_x                                0x0800f300   Data          60  bigflt0.o(.constdata)
    tenpwrs_i                                0x0800f33c   Data          64  bigflt0.o(.constdata)
    .conststring                             0x0800f394   Section       65  user.o(.conststring)
    locale$$data                             0x0800f3f8   Section       28  lc_numeric_c.o(locale$$data)
    __lcnum_c_name                           0x0800f3fc   Data           2  lc_numeric_c.o(locale$$data)
    __lcnum_c_start                          0x0800f404   Data           0  lc_numeric_c.o(locale$$data)
    __lcnum_c_point                          0x0800f410   Data           0  lc_numeric_c.o(locale$$data)
    __lcnum_c_thousands                      0x0800f412   Data           0  lc_numeric_c.o(locale$$data)
    __lcnum_c_grouping                       0x0800f413   Data           0  lc_numeric_c.o(locale$$data)
    __lcnum_c_end                            0x0800f414   Data           0  lc_numeric_c.o(locale$$data)
    .ARM.__AT_0x10000000                     0x10000000   Section    61440  os_malloc.o(.ARM.__AT_0x10000000)
    .ARM.__AT_0x1000F000                     0x1000f000   Section     3840  os_malloc.o(.ARM.__AT_0x1000F000)
    .data                                    0x20000000   Section        1  app_led.o(.data)
    _led_cnt                                 0x20000000   Data           1  app_led.o(.data)
    .data                                    0x20000004   Section       27  user.o(.data)
    g_echo_captured                          0x20000004   Data           1  user.o(.data)
    g_measure_active                         0x20000005   Data           1  user.o(.data)
    g_echo_time_us                           0x20000008   Data           4  user.o(.data)
    g_echo_rise_us                           0x2000000c   Data           4  user.o(.data)
    g_echo_fall_us                           0x20000010   Data           4  user.o(.data)
    g_echo_rise_seen                         0x20000014   Data           1  user.o(.data)
    g_gain_settle_discard                    0x20000015   Data           1  user.o(.data)
    g_last_echo_us                           0x20000018   Data           4  user.o(.data)
    g_ultrasonic_gain_code                   0x2000001c   Data           1  user.o(.data)
    g_calib_valid                            0x2000001d   Data           1  user.o(.data)
    g_menu_sign                              0x2000001e   Data           1  user.o(.data)
    .data                                    0x20000020   Section       30  os_cpu.o(.data)
    .data                                    0x20000040   Section        6  usart.o(.data)
    .data                                    0x20000048   Section        5  drive_ps2.o(.data)
    .data                                    0x2000004d   Section        2  user_pga112.o(.data)
    g_pga112_gain_code                       0x2000004d   Data           1  user_pga112.o(.data)
    g_pga112_channel_code                    0x2000004e   Data           1  user_pga112.o(.data)
    .data                                    0x20000050   Section       32  fonts.o(.data)
    .data                                    0x20000070   Section        8  tft_lcd.o(.data)
    LCD_Currentfonts                         0x20000070   Data           4  tft_lcd.o(.data)
    .data                                    0x20000078   Section        2  w25q64.o(.data)
    .data                                    0x2000007c   Section       20  system_stm32f4xx.o(.data)
    .bss                                     0x20000090   Section       32  user.o(.bss)
    g_calib                                  0x20000090   Data          32  user.o(.bss)
    .bss                                     0x200000b0   Section    22784  main.o(.bss)
    .bss                                     0x200059b0   Section     1152  os_cpu.o(.bss)
    .bss                                     0x20005e30   Section      200  usart.o(.bss)
    .bss                                     0x20005ef8   Section       10  drive_ps2.o(.bss)
    .bss                                     0x20005f02   Section       33  fontupd.o(.bss)
    .bss                                     0x20005f24   Section       96  libspace.o(.bss)
    HEAP                                     0x20005f88   Section        0  startup_stm32f40_41xxx.o(HEAP)
    STACK                                    0x20005f88   Section    32768  startup_stm32f40_41xxx.o(STACK)
    Heap_Mem                                 0x20005f88   Data           0  startup_stm32f40_41xxx.o(HEAP)
    Stack_Mem                                0x20005f88   Data       32768  startup_stm32f40_41xxx.o(STACK)
    __initial_sp                             0x2000df88   Data           0  startup_stm32f40_41xxx.o(STACK)
    .ARM.__AT_0x68000000                     0x68000000   Section    983040  os_malloc.o(.ARM.__AT_0x68000000)
    .ARM.__AT_0x680F0000                     0x680f0000   Section    61440  os_malloc.o(.ARM.__AT_0x680F0000)

    Global Symbols

    Symbol Name                              Value     Ov Type        Size  Object(Section)

    BuildAttributes$$THM_ISAv4$E$P$D$K$B$S$7EM$VFPi3$EXTD16$VFPS$VFMA$PE$A:L22UL41UL21$X:L11$S22US41US21$IEEE1$IW$USESV6$~STKCKD$USESV7$~SHL$OTIME$ROPI$IEEEX$EBA8$UX$STANDARDLIB$REQ8$PRES8$EABIv2 0x00000000   Number         0  anon$$obj.o ABSOLUTE
    __ARM_use_no_argv                        0x00000000   Number         0  main.o ABSOLUTE
    _printf_flags                            0x00000000   Number         0  printf_stubs.o ABSOLUTE
    _printf_return_value                     0x00000000   Number         0  printf_stubs.o ABSOLUTE
    _printf_sizespec                         0x00000000   Number         0  printf_stubs.o ABSOLUTE
    _printf_widthprec                        0x00000000   Number         0  printf_stubs.o ABSOLUTE
    __ARM_exceptions_init                     - Undefined Weak Reference
    __alloca_initialize                       - Undefined Weak Reference
    __arm_preinit_                            - Undefined Weak Reference
    __cpp_initialize__aeabi_                  - Undefined Weak Reference
    __cxa_finalize                            - Undefined Weak Reference
    __sigvec_lookup                           - Undefined Weak Reference
    _atexit_init                              - Undefined Weak Reference
    _call_atexit_fns                          - Undefined Weak Reference
    _clock_init                               - Undefined Weak Reference
    _fp_trap_init                             - Undefined Weak Reference
    _fp_trap_shutdown                         - Undefined Weak Reference
    _get_lc_collate                           - Undefined Weak Reference
    _get_lc_monetary                          - Undefined Weak Reference
    _get_lc_time                              - Undefined Weak Reference
    _getenv_init                              - Undefined Weak Reference
    _handle_redirection                       - Undefined Weak Reference
    _init_alloc                               - Undefined Weak Reference
    _init_user_alloc                          - Undefined Weak Reference
    _initio                                   - Undefined Weak Reference
    _printf_truncate_signed                   - Undefined Weak Reference
    _printf_truncate_unsigned                 - Undefined Weak Reference
    _rand_init                                - Undefined Weak Reference
    _signal_finish                            - Undefined Weak Reference
    _signal_init                              - Undefined Weak Reference
    _terminate_alloc                          - Undefined Weak Reference
    _terminate_user_alloc                     - Undefined Weak Reference
    _terminateio                              - Undefined Weak Reference
    __Vectors_Size                           0x00000188   Number         0  startup_stm32f40_41xxx.o ABSOLUTE
    __Vectors                                0x08000000   Data           4  startup_stm32f40_41xxx.o(RESET)
    __Vectors_End                            0x08000188   Data           0  startup_stm32f40_41xxx.o(RESET)
    __main                                   0x08000189   Thumb Code     8  __main.o(!!!main)
    __scatterload                            0x08000191   Thumb Code     0  __scatter.o(!!!scatter)
    __scatterload_rt2                        0x08000191   Thumb Code    44  __scatter.o(!!!scatter)
    __scatterload_rt2_thumb_only             0x08000191   Thumb Code     0  __scatter.o(!!!scatter)
    __scatterload_null                       0x0800019f   Thumb Code     0  __scatter.o(!!!scatter)
    __scatterload_copy                       0x080001c5   Thumb Code    26  __scatter_copy.o(!!handler_copy)
    __scatterload_zeroinit                   0x080001e1   Thumb Code    28  __scatter_zi.o(!!handler_zi)
    _printf_f                                0x080001fd   Thumb Code     0  _printf_f.o(.ARM.Collect$$_printf_percent$$00000003)
    _printf_percent                          0x080001fd   Thumb Code     0  _printf_percent.o(.ARM.Collect$$_printf_percent$$00000000)
    _printf_u                                0x08000203   Thumb Code     0  _printf_u.o(.ARM.Collect$$_printf_percent$$0000000A)
    _printf_percent_end                      0x08000209   Thumb Code     0  _printf_percent_end.o(.ARM.Collect$$_printf_percent$$00000017)
    __rt_lib_init                            0x0800020d   Thumb Code     0  libinit.o(.ARM.Collect$$libinit$$00000000)
    __rt_lib_init_fp_1                       0x0800020f   Thumb Code     0  libinit2.o(.ARM.Collect$$libinit$$00000001)
    __rt_lib_init_heap_1                     0x08000213   Thumb Code     0  libinit2.o(.ARM.Collect$$libinit$$0000000A)
    __rt_lib_init_lc_common                  0x08000213   Thumb Code     0  libinit2.o(.ARM.Collect$$libinit$$0000000F)
    __rt_lib_init_preinit_1                  0x08000213   Thumb Code     0  libinit2.o(.ARM.Collect$$libinit$$00000004)
    __rt_lib_init_rand_1                     0x08000213   Thumb Code     0  libinit2.o(.ARM.Collect$$libinit$$0000000E)
    __rt_lib_init_user_alloc_1               0x08000213   Thumb Code     0  libinit2.o(.ARM.Collect$$libinit$$0000000C)
    __rt_lib_init_lc_collate_1               0x08000219   Thumb Code     0  libinit2.o(.ARM.Collect$$libinit$$00000011)
    __rt_lib_init_lc_ctype_1                 0x08000219   Thumb Code     0  libinit2.o(.ARM.Collect$$libinit$$00000013)
    __rt_lib_init_lc_monetary_1              0x08000219   Thumb Code     0  libinit2.o(.ARM.Collect$$libinit$$00000015)
    __rt_lib_init_lc_numeric_2               0x08000219   Thumb Code     0  libinit2.o(.ARM.Collect$$libinit$$00000016)
    __rt_lib_init_alloca_1                   0x08000223   Thumb Code     0  libinit2.o(.ARM.Collect$$libinit$$0000002E)
    __rt_lib_init_argv_1                     0x08000223   Thumb Code     0  libinit2.o(.ARM.Collect$$libinit$$0000002C)
    __rt_lib_init_atexit_1                   0x08000223   Thumb Code     0  libinit2.o(.ARM.Collect$$libinit$$0000001B)
    __rt_lib_init_clock_1                    0x08000223   Thumb Code     0  libinit2.o(.ARM.Collect$$libinit$$00000021)
    __rt_lib_init_cpp_1                      0x08000223   Thumb Code     0  libinit2.o(.ARM.Collect$$libinit$$00000032)
    __rt_lib_init_exceptions_1               0x08000223   Thumb Code     0  libinit2.o(.ARM.Collect$$libinit$$00000030)
    __rt_lib_init_fp_trap_1                  0x08000223   Thumb Code     0  libinit2.o(.ARM.Collect$$libinit$$0000001F)
    __rt_lib_init_getenv_1                   0x08000223   Thumb Code     0  libinit2.o(.ARM.Collect$$libinit$$00000023)
    __rt_lib_init_lc_numeric_1               0x08000223   Thumb Code     0  libinit2.o(.ARM.Collect$$libinit$$00000017)
    __rt_lib_init_lc_time_1                  0x08000223   Thumb Code     0  libinit2.o(.ARM.Collect$$libinit$$00000019)
    __rt_lib_init_return                     0x08000223   Thumb Code     0  libinit2.o(.ARM.Collect$$libinit$$00000033)
    __rt_lib_init_signal_1                   0x08000223   Thumb Code     0  libinit2.o(.ARM.Collect$$libinit$$0000001D)
    __rt_lib_init_stdio_1                    0x08000223   Thumb Code     0  libinit2.o(.ARM.Collect$$libinit$$00000025)
    __rt_lib_shutdown                        0x08000225   Thumb Code     0  libshutdown.o(.ARM.Collect$$libshutdown$$00000000)
    __rt_lib_shutdown_cpp_1                  0x08000227   Thumb Code     0  libshutdown2.o(.ARM.Collect$$libshutdown$$00000002)
    __rt_lib_shutdown_fp_trap_1              0x08000227   Thumb Code     0  libshutdown2.o(.ARM.Collect$$libshutdown$$00000007)
    __rt_lib_shutdown_heap_1                 0x08000227   Thumb Code     0  libshutdown2.o(.ARM.Collect$$libshutdown$$0000000F)
    __rt_lib_shutdown_return                 0x08000227   Thumb Code     0  libshutdown2.o(.ARM.Collect$$libshutdown$$00000010)
    __rt_lib_shutdown_signal_1               0x08000227   Thumb Code     0  libshutdown2.o(.ARM.Collect$$libshutdown$$0000000A)
    __rt_lib_shutdown_stdio_1                0x08000227   Thumb Code     0  libshutdown2.o(.ARM.Collect$$libshutdown$$00000004)
    __rt_lib_shutdown_user_alloc_1           0x08000227   Thumb Code     0  libshutdown2.o(.ARM.Collect$$libshutdown$$0000000C)
    __rt_entry                               0x08000229   Thumb Code     0  __rtentry.o(.ARM.Collect$$rtentry$$00000000)
    __rt_entry_presh_1                       0x08000229   Thumb Code     0  __rtentry2.o(.ARM.Collect$$rtentry$$00000002)
    __rt_entry_sh                            0x08000229   Thumb Code     0  __rtentry4.o(.ARM.Collect$$rtentry$$00000004)
    __rt_entry_li                            0x0800022f   Thumb Code     0  __rtentry2.o(.ARM.Collect$$rtentry$$0000000A)
    __rt_entry_postsh_1                      0x0800022f   Thumb Code     0  __rtentry2.o(.ARM.Collect$$rtentry$$00000009)
    __rt_entry_main                          0x08000233   Thumb Code     0  __rtentry2.o(.ARM.Collect$$rtentry$$0000000D)
    __rt_entry_postli_1                      0x08000233   Thumb Code     0  __rtentry2.o(.ARM.Collect$$rtentry$$0000000C)
    __rt_exit                                0x0800023b   Thumb Code     0  rtexit.o(.ARM.Collect$$rtexit$$00000000)
    __rt_exit_ls                             0x0800023d   Thumb Code     0  rtexit2.o(.ARM.Collect$$rtexit$$00000003)
    __rt_exit_prels_1                        0x0800023d   Thumb Code     0  rtexit2.o(.ARM.Collect$$rtexit$$00000002)
    __rt_exit_exit                           0x08000241   Thumb Code     0  rtexit2.o(.ARM.Collect$$rtexit$$00000004)
    Reset_Handler                            0x08000249   Thumb Code     8  startup_stm32f40_41xxx.o(.text)
    ADC_IRQHandler                           0x08000263   Thumb Code     0  startup_stm32f40_41xxx.o(.text)
    CAN1_RX0_IRQHandler                      0x08000263   Thumb Code     0  startup_stm32f40_41xxx.o(.text)
    CAN1_RX1_IRQHandler                      0x08000263   Thumb Code     0  startup_stm32f40_41xxx.o(.text)
    CAN1_SCE_IRQHandler                      0x08000263   Thumb Code     0  startup_stm32f40_41xxx.o(.text)
    CAN1_TX_IRQHandler                       0x08000263   Thumb Code     0  startup_stm32f40_41xxx.o(.text)
    CAN2_RX0_IRQHandler                      0x08000263   Thumb Code     0  startup_stm32f40_41xxx.o(.text)
    CAN2_RX1_IRQHandler                      0x08000263   Thumb Code     0  startup_stm32f40_41xxx.o(.text)
    CAN2_SCE_IRQHandler                      0x08000263   Thumb Code     0  startup_stm32f40_41xxx.o(.text)
    CAN2_TX_IRQHandler                       0x08000263   Thumb Code     0  startup_stm32f40_41xxx.o(.text)
    CRYP_IRQHandler                          0x08000263   Thumb Code     0  startup_stm32f40_41xxx.o(.text)
    DCMI_IRQHandler                          0x08000263   Thumb Code     0  startup_stm32f40_41xxx.o(.text)
    DMA1_Stream0_IRQHandler                  0x08000263   Thumb Code     0  startup_stm32f40_41xxx.o(.text)
    DMA1_Stream1_IRQHandler                  0x08000263   Thumb Code     0  startup_stm32f40_41xxx.o(.text)
    DMA1_Stream2_IRQHandler                  0x08000263   Thumb Code     0  startup_stm32f40_41xxx.o(.text)
    DMA1_Stream3_IRQHandler                  0x08000263   Thumb Code     0  startup_stm32f40_41xxx.o(.text)
    DMA1_Stream4_IRQHandler                  0x08000263   Thumb Code     0  startup_stm32f40_41xxx.o(.text)
    DMA1_Stream5_IRQHandler                  0x08000263   Thumb Code     0  startup_stm32f40_41xxx.o(.text)
    DMA1_Stream6_IRQHandler                  0x08000263   Thumb Code     0  startup_stm32f40_41xxx.o(.text)
    DMA1_Stream7_IRQHandler                  0x08000263   Thumb Code     0  startup_stm32f40_41xxx.o(.text)
    DMA2_Stream1_IRQHandler                  0x08000263   Thumb Code     0  startup_stm32f40_41xxx.o(.text)
    DMA2_Stream2_IRQHandler                  0x08000263   Thumb Code     0  startup_stm32f40_41xxx.o(.text)
    DMA2_Stream3_IRQHandler                  0x08000263   Thumb Code     0  startup_stm32f40_41xxx.o(.text)
    DMA2_Stream4_IRQHandler                  0x08000263   Thumb Code     0  startup_stm32f40_41xxx.o(.text)
    DMA2_Stream5_IRQHandler                  0x08000263   Thumb Code     0  startup_stm32f40_41xxx.o(.text)
    DMA2_Stream6_IRQHandler                  0x08000263   Thumb Code     0  startup_stm32f40_41xxx.o(.text)
    DMA2_Stream7_IRQHandler                  0x08000263   Thumb Code     0  startup_stm32f40_41xxx.o(.text)
    ETH_IRQHandler                           0x08000263   Thumb Code     0  startup_stm32f40_41xxx.o(.text)
    ETH_WKUP_IRQHandler                      0x08000263   Thumb Code     0  startup_stm32f40_41xxx.o(.text)
    EXTI15_10_IRQHandler                     0x08000263   Thumb Code     0  startup_stm32f40_41xxx.o(.text)
    EXTI1_IRQHandler                         0x08000263   Thumb Code     0  startup_stm32f40_41xxx.o(.text)
    EXTI2_IRQHandler                         0x08000263   Thumb Code     0  startup_stm32f40_41xxx.o(.text)
    EXTI3_IRQHandler                         0x08000263   Thumb Code     0  startup_stm32f40_41xxx.o(.text)
    EXTI4_IRQHandler                         0x08000263   Thumb Code     0  startup_stm32f40_41xxx.o(.text)
    EXTI9_5_IRQHandler                       0x08000263   Thumb Code     0  startup_stm32f40_41xxx.o(.text)
    FLASH_IRQHandler                         0x08000263   Thumb Code     0  startup_stm32f40_41xxx.o(.text)
    FPU_IRQHandler                           0x08000263   Thumb Code     0  startup_stm32f40_41xxx.o(.text)
    FSMC_IRQHandler                          0x08000263   Thumb Code     0  startup_stm32f40_41xxx.o(.text)
    HASH_RNG_IRQHandler                      0x08000263   Thumb Code     0  startup_stm32f40_41xxx.o(.text)
    I2C1_ER_IRQHandler                       0x08000263   Thumb Code     0  startup_stm32f40_41xxx.o(.text)
    I2C1_EV_IRQHandler                       0x08000263   Thumb Code     0  startup_stm32f40_41xxx.o(.text)
    I2C2_ER_IRQHandler                       0x08000263   Thumb Code     0  startup_stm32f40_41xxx.o(.text)
    I2C2_EV_IRQHandler                       0x08000263   Thumb Code     0  startup_stm32f40_41xxx.o(.text)
    I2C3_ER_IRQHandler                       0x08000263   Thumb Code     0  startup_stm32f40_41xxx.o(.text)
    I2C3_EV_IRQHandler                       0x08000263   Thumb Code     0  startup_stm32f40_41xxx.o(.text)
    OTG_FS_IRQHandler                        0x08000263   Thumb Code     0  startup_stm32f40_41xxx.o(.text)
    OTG_FS_WKUP_IRQHandler                   0x08000263   Thumb Code     0  startup_stm32f40_41xxx.o(.text)
    OTG_HS_EP1_IN_IRQHandler                 0x08000263   Thumb Code     0  startup_stm32f40_41xxx.o(.text)
    OTG_HS_EP1_OUT_IRQHandler                0x08000263   Thumb Code     0  startup_stm32f40_41xxx.o(.text)
    OTG_HS_IRQHandler                        0x08000263   Thumb Code     0  startup_stm32f40_41xxx.o(.text)
    OTG_HS_WKUP_IRQHandler                   0x08000263   Thumb Code     0  startup_stm32f40_41xxx.o(.text)
    PVD_IRQHandler                           0x08000263   Thumb Code     0  startup_stm32f40_41xxx.o(.text)
    RCC_IRQHandler                           0x08000263   Thumb Code     0  startup_stm32f40_41xxx.o(.text)
    RTC_Alarm_IRQHandler                     0x08000263   Thumb Code     0  startup_stm32f40_41xxx.o(.text)
    RTC_WKUP_IRQHandler                      0x08000263   Thumb Code     0  startup_stm32f40_41xxx.o(.text)
    SDIO_IRQHandler                          0x08000263   Thumb Code     0  startup_stm32f40_41xxx.o(.text)
    SPI1_IRQHandler                          0x08000263   Thumb Code     0  startup_stm32f40_41xxx.o(.text)
    SPI2_IRQHandler                          0x08000263   Thumb Code     0  startup_stm32f40_41xxx.o(.text)
    SPI3_IRQHandler                          0x08000263   Thumb Code     0  startup_stm32f40_41xxx.o(.text)
    TAMP_STAMP_IRQHandler                    0x08000263   Thumb Code     0  startup_stm32f40_41xxx.o(.text)
    TIM1_BRK_TIM9_IRQHandler                 0x08000263   Thumb Code     0  startup_stm32f40_41xxx.o(.text)
    TIM1_CC_IRQHandler                       0x08000263   Thumb Code     0  startup_stm32f40_41xxx.o(.text)
    TIM1_TRG_COM_TIM11_IRQHandler            0x08000263   Thumb Code     0  startup_stm32f40_41xxx.o(.text)
    TIM1_UP_TIM10_IRQHandler                 0x08000263   Thumb Code     0  startup_stm32f40_41xxx.o(.text)
    TIM2_IRQHandler                          0x08000263   Thumb Code     0  startup_stm32f40_41xxx.o(.text)
    TIM3_IRQHandler                          0x08000263   Thumb Code     0  startup_stm32f40_41xxx.o(.text)
    TIM4_IRQHandler                          0x08000263   Thumb Code     0  startup_stm32f40_41xxx.o(.text)
    TIM5_IRQHandler                          0x08000263   Thumb Code     0  startup_stm32f40_41xxx.o(.text)
    TIM6_DAC_IRQHandler                      0x08000263   Thumb Code     0  startup_stm32f40_41xxx.o(.text)
    TIM7_IRQHandler                          0x08000263   Thumb Code     0  startup_stm32f40_41xxx.o(.text)
    TIM8_BRK_TIM12_IRQHandler                0x08000263   Thumb Code     0  startup_stm32f40_41xxx.o(.text)
    TIM8_CC_IRQHandler                       0x08000263   Thumb Code     0  startup_stm32f40_41xxx.o(.text)
    TIM8_TRG_COM_TIM14_IRQHandler            0x08000263   Thumb Code     0  startup_stm32f40_41xxx.o(.text)
    TIM8_UP_TIM13_IRQHandler                 0x08000263   Thumb Code     0  startup_stm32f40_41xxx.o(.text)
    UART4_IRQHandler                         0x08000263   Thumb Code     0  startup_stm32f40_41xxx.o(.text)
    UART5_IRQHandler                         0x08000263   Thumb Code     0  startup_stm32f40_41xxx.o(.text)
    USART2_IRQHandler                        0x08000263   Thumb Code     0  startup_stm32f40_41xxx.o(.text)
    USART3_IRQHandler                        0x08000263   Thumb Code     0  startup_stm32f40_41xxx.o(.text)
    USART6_IRQHandler                        0x08000263   Thumb Code     0  startup_stm32f40_41xxx.o(.text)
    WWDG_IRQHandler                          0x08000263   Thumb Code     0  startup_stm32f40_41xxx.o(.text)
    __user_initial_stackheap                 0x08000265   Thumb Code     0  startup_stm32f40_41xxx.o(.text)
    __use_no_semihosting                     0x08000285   Thumb Code     2  use_no_semi_2.o(.text)
    __2sprintf                               0x08000289   Thumb Code    34  noretval__2sprintf.o(.text)
    _printf_pre_padding                      0x080002b1   Thumb Code    44  _printf_pad.o(.text)
    _printf_post_padding                     0x080002dd   Thumb Code    34  _printf_pad.o(.text)
    _printf_int_dec                          0x08000301   Thumb Code   104  _printf_dec.o(.text)
    __printf                                 0x08000379   Thumb Code   388  __printf_flags_ss_wp.o(.text)
    __aeabi_memcpy4                          0x08000501   Thumb Code     0  rt_memcpy_w.o(.text)
    __aeabi_memcpy8                          0x08000501   Thumb Code     0  rt_memcpy_w.o(.text)
    __rt_memcpy_w                            0x08000501   Thumb Code   100  rt_memcpy_w.o(.text)
    _memcpy_lastbytes_aligned                0x08000549   Thumb Code     0  rt_memcpy_w.o(.text)
    __use_two_region_memory                  0x08000565   Thumb Code     2  heapauxi.o(.text)
    __rt_heap_escrow$2region                 0x08000567   Thumb Code     2  heapauxi.o(.text)
    __rt_heap_expand$2region                 0x08000569   Thumb Code     2  heapauxi.o(.text)
    __I$use$semihosting                      0x0800056b   Thumb Code     0  use_no_semi.o(.text)
    __use_no_semihosting_swi                 0x0800056b   Thumb Code     2  use_no_semi.o(.text)
    _printf_int_common                       0x0800056d   Thumb Code   178  _printf_intcommon.o(.text)
    __lib_sel_fp_printf                      0x0800061f   Thumb Code     2  _printf_fp_dec.o(.text)
    _printf_fp_dec_real                      0x080007d1   Thumb Code   620  _printf_fp_dec.o(.text)
    _printf_char_common                      0x08000a47   Thumb Code    32  _printf_char_common.o(.text)
    _sputc                                   0x08000a6d   Thumb Code    10  _sputc.o(.text)
    __rt_locale                              0x08000a79   Thumb Code     8  rt_locale_intlibspace.o(.text)
    _ll_udiv10                               0x08000a81   Thumb Code   138  lludiv10.o(.text)
    _printf_fp_infnan                        0x08000b0d   Thumb Code   112  _printf_fp_infnan.o(.text)
    _btod_etento                             0x08000b8d   Thumb Code   224  bigflt0.o(.text)
    __user_libspace                          0x08000c71   Thumb Code     8  libspace.o(.text)
    __user_perproc_libspace                  0x08000c71   Thumb Code     0  libspace.o(.text)
    __user_perthread_libspace                0x08000c71   Thumb Code     0  libspace.o(.text)
    __user_setup_stackheap                   0x08000c79   Thumb Code    74  sys_stackheap_outer.o(.text)
    exit                                     0x08000cc3   Thumb Code    18  exit.o(.text)
    strcmp                                   0x08000cd5   Thumb Code   128  strcmpv7m.o(.text)
    _btod_d2e                                0x08000d55   Thumb Code    62  btod.o(CL$$btod_d2e)
    _d2e_denorm_low                          0x08000d93   Thumb Code    70  btod.o(CL$$btod_d2e_denorm_low)
    _d2e_norm_op1                            0x08000dd9   Thumb Code    96  btod.o(CL$$btod_d2e_norm_op1)
    __btod_div_common                        0x08000e39   Thumb Code   696  btod.o(CL$$btod_div_common)
    _e2e                                     0x08001171   Thumb Code   220  btod.o(CL$$btod_e2e)
    _btod_ediv                               0x0800124d   Thumb Code    42  btod.o(CL$$btod_ediv)
    _btod_emul                               0x08001277   Thumb Code    42  btod.o(CL$$btod_emul)
    __btod_mult_common                       0x080012a1   Thumb Code   580  btod.o(CL$$btod_mult_common)
    OS_CPU_SR_Save                           0x080014e5   Thumb Code     0  core.o(CODE)
    OS_CPU_SR_Restore                        0x080014ed   Thumb Code     0  core.o(CODE)
    OSCtxSw                                  0x080014f3   Thumb Code     0  core.o(CODE)
    OSStartHighRdy                           0x080014fd   Thumb Code     0  core.o(CODE)
    PendSV_Handler                           0x0800151d   Thumb Code     0  core.o(CODE)
    BusFault_Handler                         0x08001561   Thumb Code     4  stm32f4xx_it.o(i.BusFault_Handler)
    DMA2_Stream0_IRQHandler                  0x080018b5   Thumb Code    20  user_adc.o(i.DMA2_Stream0_IRQHandler)
    DMA_ClearITPendingBit                    0x080018d1   Thumb Code    38  stm32f4xx_dma.o(i.DMA_ClearITPendingBit)
    DMA_GetITStatus                          0x08001905   Thumb Code    82  stm32f4xx_dma.o(i.DMA_GetITStatus)
    DebugMon_Handler                         0x08001969   Thumb Code     2  stm32f4xx_it.o(i.DebugMon_Handler)
    EXTI0_IRQHandler                         0x08001af1   Thumb Code   120  user.o(i.EXTI0_IRQHandler)
    EXTI_ClearITPendingBit                   0x08001b89   Thumb Code     6  stm32f4xx_exti.o(i.EXTI_ClearITPendingBit)
    EXTI_GetITStatus                         0x08001b95   Thumb Code    20  stm32f4xx_exti.o(i.EXTI_GetITStatus)
    EXTI_Init                                0x08001bad   Thumb Code   142  stm32f4xx_exti.o(i.EXTI_Init)
    EXTI_StructInit                          0x08001c41   Thumb Code    16  stm32f4xx_exti.o(i.EXTI_StructInit)
    FLASH_ClearFlag                          0x08001c51   Thumb Code     6  stm32f4xx_flash.o(i.FLASH_ClearFlag)
    FLASH_EraseSector                        0x08001c5d   Thumb Code   130  stm32f4xx_flash.o(i.FLASH_EraseSector)
    FLASH_GetStatus                          0x08001ce5   Thumb Code    80  stm32f4xx_flash.o(i.FLASH_GetStatus)
    FLASH_Lock                               0x08001d39   Thumb Code    14  stm32f4xx_flash.o(i.FLASH_Lock)
    FLASH_ProgramWord                        0x08001d4d   Thumb Code    74  stm32f4xx_flash.o(i.FLASH_ProgramWord)
    FLASH_Unlock                             0x08001d9d   Thumb Code    24  stm32f4xx_flash.o(i.FLASH_Unlock)
    FLASH_WaitForLastOperation               0x08001dc1   Thumb Code    34  stm32f4xx_flash.o(i.FLASH_WaitForLastOperation)
    FSMC_NORSRAMCmd                          0x08001de5   Thumb Code    46  stm32f4xx_fsmc.o(i.FSMC_NORSRAMCmd)
    FSMC_NORSRAMInit                         0x08001e19   Thumb Code   230  stm32f4xx_fsmc.o(i.FSMC_NORSRAMInit)
    GPIO_Init                                0x08001eff   Thumb Code   144  stm32f4xx_gpio.o(i.GPIO_Init)
    GPIO_PinAFConfig                         0x08001f8f   Thumb Code    70  stm32f4xx_gpio.o(i.GPIO_PinAFConfig)
    GPIO_ReadInputDataBit                    0x08001fd5   Thumb Code    18  stm32f4xx_gpio.o(i.GPIO_ReadInputDataBit)
    GPIO_ResetBits                           0x08001fe7   Thumb Code     4  stm32f4xx_gpio.o(i.GPIO_ResetBits)
    GPIO_SetBits                             0x08001feb   Thumb Code     4  stm32f4xx_gpio.o(i.GPIO_SetBits)
    GPIO_StructInit                          0x08001fef   Thumb Code    18  stm32f4xx_gpio.o(i.GPIO_StructInit)
    HardFault_Handler                        0x08002001   Thumb Code     4  stm32f4xx_it.o(i.HardFault_Handler)
    Key_StateSweep                           0x08002031   Thumb Code   192  drive_ps2.o(i.Key_StateSweep)
    LCD_Appoint_Clear                        0x080020f1   Thumb Code    72  tft_lcd.o(i.LCD_Appoint_Clear)
    LCD_Clear                                0x08002139   Thumb Code    38  tft_lcd.o(i.LCD_Clear)
    LCD_CtrlLinesConfig                      0x08002165   Thumb Code   322  tft_lcd.o(i.LCD_CtrlLinesConfig)
    LCD_FSMCConfig                           0x080022b9   Thumb Code    94  tft_lcd.o(i.LCD_FSMCConfig)
    LCD_REG_Select                           0x08002317   Thumb Code     8  tft_lcd.o(i.LCD_REG_Select)
    LCD_SetCursor                            0x0800231f   Thumb Code    68  tft_lcd.o(i.LCD_SetCursor)
    LCD_SetDisplayWindow                     0x08002363   Thumb Code    76  tft_lcd.o(i.LCD_SetDisplayWindow)
    LCD_WriteRAM                             0x080023af   Thumb Code     8  tft_lcd.o(i.LCD_WriteRAM)
    LCD_WriteRAM_Prepare                     0x080023b7   Thumb Code    10  tft_lcd.o(i.LCD_WriteRAM_Prepare)
    LED_Control                              0x080023c1   Thumb Code   152  app_led.o(i.LED_Control)
    LED_Init                                 0x08002465   Thumb Code    70  drive_gpio.o(i.LED_Init)
    LED_main                                 0x080024b5   Thumb Code    40  app_led.o(i.LED_main)
    MemManage_Handler                        0x080024e1   Thumb Code     4  stm32f4xx_it.o(i.MemManage_Handler)
    MyPs2KeyScan                             0x08003029   Thumb Code   456  drive_ps2.o(i.MyPs2KeyScan)
    NMI_Handler                              0x080031f9   Thumb Code     2  stm32f4xx_it.o(i.NMI_Handler)
    NVIC_Init                                0x080031fd   Thumb Code   106  misc.o(i.NVIC_Init)
    OSDelPrioRdy                             0x08003275   Thumb Code    16  os_cpu.o(i.OSDelPrioRdy)
    OSGetHighRdy                             0x08003289   Thumb Code    32  os_cpu.o(i.OSGetHighRdy)
    OSSetPrioRdy                             0x080032b1   Thumb Code    16  os_cpu.o(i.OSSetPrioRdy)
    OSTimeDly                                0x080032c5   Thumb Code    50  os_cpu.o(i.OSTimeDly)
    OS_Char_Show                             0x08003301   Thumb Code   266  os_ui.o(i.OS_Char_Show)
    OS_Font_Show                             0x08003421   Thumb Code   192  os_ui.o(i.OS_Font_Show)
    OS_HzMat_Get                             0x080034e9   Thumb Code   218  os_ui.o(i.OS_HzMat_Get)
    OS_IDLE_Task                             0x080035c9   Thumb Code     8  os_cpu.o(i.OS_IDLE_Task)
    OS_Init                                  0x080035d1   Thumb Code    20  main.o(i.OS_Init)
    OS_LCD_Init                              0x080035e5   Thumb Code    58  os_ui.o(i.OS_LCD_Init)
    OS_Point_Draw                            0x08003639   Thumb Code    30  os_ui.o(i.OS_Point_Draw)
    OS_Sched                                 0x08003659   Thumb Code    68  os_cpu.o(i.OS_Sched)
    OS_SchedLock                             0x080036b1   Thumb Code    22  os_cpu.o(i.OS_SchedLock)
    OS_SchedUnlock                           0x080036cd   Thumb Code    22  os_cpu.o(i.OS_SchedUnlock)
    OS_Start                                 0x080036e9   Thumb Code    66  os_cpu.o(i.OS_Start)
    OS_String_Show                           0x08003751   Thumb Code   124  os_ui.o(i.OS_String_Show)
    PGA112_GetGainValue                      0x080037e3   Thumb Code    14  user_pga112.o(i.PGA112_GetGainValue)
    PGA112_Init                              0x080037f1   Thumb Code    46  user_pga112.o(i.PGA112_Init)
    PGA112_SetGainCode                       0x08003829   Thumb Code    16  user_pga112.o(i.PGA112_SetGainCode)
    PGA112_Shutdown                          0x0800383d   Thumb Code    32  user_pga112.o(i.PGA112_Shutdown)
    PGA112_WriteConfig                       0x0800385d   Thumb Code    44  user_pga112.o(i.PGA112_WriteConfig)
    PS2_Keyboard_Init                        0x080038c1   Thumb Code     8  drive_ps2.o(i.PS2_Keyboard_Init)
    PS2_ReadKeyCodon                         0x080038c9   Thumb Code   170  drive_ps2.o(i.PS2_ReadKeyCodon)
    RCC_AHB1PeriphClockCmd                   0x08003a59   Thumb Code    26  stm32f4xx_rcc.o(i.RCC_AHB1PeriphClockCmd)
    RCC_AHB3PeriphClockCmd                   0x08003a79   Thumb Code    26  stm32f4xx_rcc.o(i.RCC_AHB3PeriphClockCmd)
    RCC_APB1PeriphClockCmd                   0x08003a99   Thumb Code    26  stm32f4xx_rcc.o(i.RCC_APB1PeriphClockCmd)
    RCC_APB2PeriphClockCmd                   0x08003ab9   Thumb Code    26  stm32f4xx_rcc.o(i.RCC_APB2PeriphClockCmd)
    RCC_APB2PeriphResetCmd                   0x08003ad9   Thumb Code    26  stm32f4xx_rcc.o(i.RCC_APB2PeriphResetCmd)
    SPI1_Init                                0x08003af9   Thumb Code   198  spi.o(i.SPI1_Init)
    SPI1_ReadWriteByte                       0x08003bcd   Thumb Code    50  spi.o(i.SPI1_ReadWriteByte)
    SPI1_SetSpeed                            0x08003c05   Thumb Code    36  spi.o(i.SPI1_SetSpeed)
    SPI_Cmd                                  0x08003c2d   Thumb Code    24  stm32f4xx_spi.o(i.SPI_Cmd)
    SPI_GPIO_Init                            0x08003c45   Thumb Code    54  user_spi.o(i.SPI_GPIO_Init)
    SPI_I2S_GetFlagStatus                    0x08003c81   Thumb Code    18  stm32f4xx_spi.o(i.SPI_I2S_GetFlagStatus)
    SPI_I2S_ReceiveData                      0x08003c93   Thumb Code     6  stm32f4xx_spi.o(i.SPI_I2S_ReceiveData)
    SPI_I2S_SendData                         0x08003c99   Thumb Code     4  stm32f4xx_spi.o(i.SPI_I2S_SendData)
    SPI_Init                                 0x08003c9d   Thumb Code    60  stm32f4xx_spi.o(i.SPI_Init)
    SVC_Handler                              0x08003cd9   Thumb Code     2  stm32f4xx_it.o(i.SVC_Handler)
    SYSCFG_EXTILineConfig                    0x08003cdd   Thumb Code    60  stm32f4xx_syscfg.o(i.SYSCFG_EXTILineConfig)
    SysTick_CLKSourceConfig                  0x08003e69   Thumb Code    40  misc.o(i.SysTick_CLKSourceConfig)
    SysTick_Handler                          0x08003e91   Thumb Code   120  os_cpu.o(i.SysTick_Handler)
    SystemInit                               0x08003f15   Thumb Code    88  system_stm32f4xx.o(i.SystemInit)
    System_init                              0x08003f7d   Thumb Code    76  os_cpu.o(i.System_init)
    TFT_LCD_Init                             0x08003fd9   Thumb Code   496  tft_lcd.o(i.TFT_LCD_Init)
    TIM_ARRPreloadConfig                     0x080041c9   Thumb Code    24  stm32f4xx_tim.o(i.TIM_ARRPreloadConfig)
    TIM_ClearFlag                            0x080041e1   Thumb Code     6  stm32f4xx_tim.o(i.TIM_ClearFlag)
    TIM_Cmd                                  0x080041e7   Thumb Code    24  stm32f4xx_tim.o(i.TIM_Cmd)
    TIM_GetCounter                           0x080041ff   Thumb Code     6  stm32f4xx_tim.o(i.TIM_GetCounter)
    TIM_OC1Init                              0x08004205   Thumb Code   114  stm32f4xx_tim.o(i.TIM_OC1Init)
    TIM_OC1PreloadConfig                     0x08004281   Thumb Code    18  stm32f4xx_tim.o(i.TIM_OC1PreloadConfig)
    TIM_OC2Init                              0x08004295   Thumb Code   154  stm32f4xx_tim.o(i.TIM_OC2Init)
    TIM_OC2PreloadConfig                     0x08004339   Thumb Code    26  stm32f4xx_tim.o(i.TIM_OC2PreloadConfig)
    TIM_OCStructInit                         0x08004353   Thumb Code    20  stm32f4xx_tim.o(i.TIM_OCStructInit)
    TIM_SetCounter                           0x08004367   Thumb Code     4  stm32f4xx_tim.o(i.TIM_SetCounter)
    TIM_TimeBaseInit                         0x0800436d   Thumb Code   104  stm32f4xx_tim.o(i.TIM_TimeBaseInit)
    TIM_TimeBaseStructInit                   0x080043f1   Thumb Code    18  stm32f4xx_tim.o(i.TIM_TimeBaseStructInit)
    Task_Create                              0x08004405   Thumb Code   212  os_cpu.o(i.Task_Create)
    Task_End                                 0x080044e1   Thumb Code     4  os_cpu.o(i.Task_End)
    USART1_IRQHandler                        0x080044e5   Thumb Code   122  usart.o(i.USART1_IRQHandler)
    USART_GetITStatus                        0x0800456d   Thumb Code    84  stm32f4xx_usart.o(i.USART_GetITStatus)
    USART_ReceiveData                        0x080045c1   Thumb Code    10  stm32f4xx_usart.o(i.USART_ReceiveData)
    Ultrasonic_FireBurst                     0x08004691   Thumb Code    80  drive_pwm.o(i.Ultrasonic_FireBurst)
    Ultrasonic_PWM_Init                      0x08004851   Thumb Code   286  drive_pwm.o(i.Ultrasonic_PWM_Init)
    Ultrasonic_PWM_OutputDisable             0x0800497d   Thumb Code    34  drive_pwm.o(i.Ultrasonic_PWM_OutputDisable)
    Ultrasonic_PWM_OutputEnable              0x080049a9   Thumb Code    44  drive_pwm.o(i.Ultrasonic_PWM_OutputEnable)
    UsageFault_Handler                       0x08004a99   Thumb Code     4  stm32f4xx_it.o(i.UsageFault_Handler)
    User_SPI_EndFrame                        0x08004a9d   Thumb Code    22  user_spi.o(i.User_SPI_EndFrame)
    User_SPI_Init                            0x08004ab9   Thumb Code    14  user_spi.o(i.User_SPI_Init)
    User_SPI_SetDioOutput                    0x08004ac9   Thumb Code    40  user_spi.o(i.User_SPI_SetDioOutput)
    User_SPI_StartFrame                      0x08004b19   Thumb Code    22  user_spi.o(i.User_SPI_StartFrame)
    User_SPI_Transfer16                      0x08004b35   Thumb Code   100  user_spi.o(i.User_SPI_Transfer16)
    User_SPI_Write16                         0x08004b9d   Thumb Code    20  user_spi.o(i.User_SPI_Write16)
    User_main                                0x08004bb1   Thumb Code    98  user.o(i.User_main)
    W25Q64_Init                              0x08004c1d   Thumb Code   106  w25q64.o(i.W25Q64_Init)
    W25Q64_Read                              0x08004c95   Thumb Code    82  w25q64.o(i.W25Q64_Read)
    W25Q64_ReadID                            0x08004ced   Thumb Code    70  w25q64.o(i.W25Q64_ReadID)
    __ARM_fpclassify                         0x08004d39   Thumb Code    48  fpclassify.o(i.__ARM_fpclassify)
    _is_digit                                0x08004d69   Thumb Code    14  __printf_wp.o(i._is_digit)
    _sys_exit                                0x08004d77   Thumb Code     6  usart.o(i._sys_exit)
    delay_ms                                 0x08004d7d   Thumb Code    60  delay.o(i.delay_ms)
    delay_us                                 0x08004dc1   Thumb Code    92  delay.o(i.delay_us)
    font_init                                0x08004e21   Thumb Code    64  fontupd.o(i.font_init)
    main                                     0x08004e65   Thumb Code    52  main.o(i.main)
    _get_lc_numeric                          0x08004eb1   Thumb Code    44  lc_numeric_c.o(locale$$code)
    __fpl_dretinf                            0x08004edd   Thumb Code    12  dretinf.o(x$fpl$dretinf)
    __aeabi_f2d                              0x08004ee9   Thumb Code     0  f2d.o(x$fpl$f2d)
    _f2d                                     0x08004ee9   Thumb Code    86  f2d.o(x$fpl$f2d)
    __fpl_fnaninf                            0x08004f3f   Thumb Code   140  fnaninf.o(x$fpl$fnaninf)
    _fp_init                                 0x08004fcb   Thumb Code    10  fpinit.o(x$fpl$fpinit)
    __fplib_config_fpu_vfp                   0x08004fd3   Thumb Code     0  fpinit.o(x$fpl$fpinit)
    __fplib_config_pureend_doubles           0x08004fd3   Thumb Code     0  fpinit.o(x$fpl$fpinit)
    _printf_fp_dec                           0x08004fd5   Thumb Code     4  printf1.o(x$fpl$printf1)
    __I$use$fp                               0x08004fd8   Number         0  usenofp.o(x$fpl$usenofp)
    Font_1608                                0x08004fe0   Data        6080  fonts.o(.constdata)
    Font_1608x                               0x080067a0   Data        6080  fonts.o(.constdata)
    Font_3216                                0x08007f60   Data        6080  fonts.o(.constdata)
    Font_2412                                0x08009720   Data       12480  fonts.o(.constdata)
    asc2_1608                                0x0800c7e0   Data        1520  fonts.o(.constdata)
    asc2_2412                                0x0800cdd0   Data        3420  fonts.o(.constdata)
    asc2_3216                                0x0800db2c   Data        6080  fonts.o(.constdata)
    Region$$Table$$Base                      0x0800f3d8   Number         0  anon$$obj.o(Region$$Table)
    Region$$Table$$Limit                     0x0800f3f8   Number         0  anon$$obj.o(Region$$Table)
    mem3base                                 0x10000000   Data       61440  os_malloc.o(.ARM.__AT_0x10000000)
    mem3mapbase                              0x1000f000   Data        3840  os_malloc.o(.ARM.__AT_0x1000F000)
    CPU_ExceptStkBase                        0x20000020   Data           4  os_cpu.o(.data)
    p_TCB_Cur                                0x20000024   Data           4  os_cpu.o(.data)
    p_TCBHightRdy                            0x20000028   Data           4  os_cpu.o(.data)
    OS_PrioCur                               0x2000002c   Data           1  os_cpu.o(.data)
    OS_PrioHighRdy                           0x2000002d   Data           1  os_cpu.o(.data)
    OSRdyTbl                                 0x20000030   Data           4  os_cpu.o(.data)
    fac_ms                                   0x20000034   Data           4  os_cpu.o(.data)
    fac_us                                   0x20000038   Data           4  os_cpu.o(.data)
    OS_Running                               0x2000003c   Data           1  os_cpu.o(.data)
    Sched_flag                               0x2000003d   Data           1  os_cpu.o(.data)
    __stdout                                 0x20000040   Data           4  usart.o(.data)
    USART_RX_STA                             0x20000044   Data           2  usart.o(.data)
    Count                                    0x20000048   Data           4  drive_ps2.o(.data)
    Ps2KeyValue                              0x2000004c   Data           1  drive_ps2.o(.data)
    Font16x08                                0x20000050   Data           8  fonts.o(.data)
    Font24x12                                0x20000058   Data           8  fonts.o(.data)
    Font16x08x                               0x20000060   Data           8  fonts.o(.data)
    Font32x16                                0x20000068   Data           8  fonts.o(.data)
    TextColor                                0x20000074   Data           2  tft_lcd.o(.data)
    BackColor                                0x20000076   Data           2  tft_lcd.o(.data)
    W25Q64_TYPE                              0x20000078   Data           2  w25q64.o(.data)
    SystemCoreClock                          0x2000007c   Data           4  system_stm32f4xx.o(.data)
    AHBPrescTable                            0x20000080   Data          16  system_stm32f4xx.o(.data)
    TASK_0_STK                               0x200000b0   Data       20480  main.o(.bss)
    TASK_1_STK                               0x200050b0   Data        2048  main.o(.bss)
    TASK_5_STK                               0x200058b0   Data         256  main.o(.bss)
    CPU_ExceptStk                            0x200059b0   Data         512  os_cpu.o(.bss)
    IDLE_STK                                 0x20005bb0   Data         256  os_cpu.o(.bss)
    TCB_Task                                 0x20005cb0   Data         384  os_cpu.o(.bss)
    USART_RX_BUF                             0x20005e30   Data         200  usart.o(.bss)
    Key_FSM_PS2                              0x20005ef8   Data          10  drive_ps2.o(.bss)
    ftinfo                                   0x20005f02   Data          33  fontupd.o(.bss)
    __libspace_start                         0x20005f24   Data          96  libspace.o(.bss)
    __temporary_stack_top$libspace           0x20005f84   Data           0  libspace.o(.bss)
    mem2base                                 0x68000000   Data       983040  os_malloc.o(.ARM.__AT_0x68000000)
    mem2mapbase                              0x680f0000   Data       61440  os_malloc.o(.ARM.__AT_0x680F0000)



==============================================================================

Memory Map of the image

  Image Entry point : 0x08000189

  Load Region LR_IROM1 (Base: 0x08000000, Size: 0x0000f4a4, Max: 0x00100000, ABSOLUTE)

    Execution Region ER_IROM1 (Exec base: 0x08000000, Load base: 0x08000000, Size: 0x0000f414, Max: 0x00100000, ABSOLUTE)

    Exec Addr    Load Addr    Size         Type   Attr      Idx    E Section Name        Object

    0x08000000   0x08000000   0x00000188   Data   RO         5884    RESET               startup_stm32f40_41xxx.o
    0x08000188   0x08000188   0x00000008   Code   RO         5937  * !!!main             c_w.l(__main.o)
    0x08000190   0x08000190   0x00000034   Code   RO         6393    !!!scatter          c_w.l(__scatter.o)
    0x080001c4   0x080001c4   0x0000001a   Code   RO         6395    !!handler_copy      c_w.l(__scatter_copy.o)
    0x080001de   0x080001de   0x00000002   PAD
    0x080001e0   0x080001e0   0x0000001c   Code   RO         6397    !!handler_zi        c_w.l(__scatter_zi.o)
    0x080001fc   0x080001fc   0x00000000   Code   RO         5930    .ARM.Collect$$_printf_percent$$00000000  c_w.l(_printf_percent.o)
    0x080001fc   0x080001fc   0x00000006   Code   RO         5926    .ARM.Collect$$_printf_percent$$00000003  c_w.l(_printf_f.o)
    0x08000202   0x08000202   0x00000006   Code   RO         5925    .ARM.Collect$$_printf_percent$$0000000A  c_w.l(_printf_u.o)
    0x08000208   0x08000208   0x00000004   Code   RO         6063    .ARM.Collect$$_printf_percent$$00000017  c_w.l(_printf_percent_end.o)
    0x0800020c   0x0800020c   0x00000002   Code   RO         6213    .ARM.Collect$$libinit$$00000000  c_w.l(libinit.o)
    0x0800020e   0x0800020e   0x00000004   Code   RO         6214    .ARM.Collect$$libinit$$00000001  c_w.l(libinit2.o)
    0x08000212   0x08000212   0x00000000   Code   RO         6217    .ARM.Collect$$libinit$$00000004  c_w.l(libinit2.o)
    0x08000212   0x08000212   0x00000000   Code   RO         6220    .ARM.Collect$$libinit$$0000000A  c_w.l(libinit2.o)
    0x08000212   0x08000212   0x00000000   Code   RO         6222    .ARM.Collect$$libinit$$0000000C  c_w.l(libinit2.o)
    0x08000212   0x08000212   0x00000000   Code   RO         6224    .ARM.Collect$$libinit$$0000000E  c_w.l(libinit2.o)
    0x08000212   0x08000212   0x00000006   Code   RO         6225    .ARM.Collect$$libinit$$0000000F  c_w.l(libinit2.o)
    0x08000218   0x08000218   0x00000000   Code   RO         6227    .ARM.Collect$$libinit$$00000011  c_w.l(libinit2.o)
    0x08000218   0x08000218   0x00000000   Code   RO         6229    .ARM.Collect$$libinit$$00000013  c_w.l(libinit2.o)
    0x08000218   0x08000218   0x00000000   Code   RO         6231    .ARM.Collect$$libinit$$00000015  c_w.l(libinit2.o)
    0x08000218   0x08000218   0x0000000a   Code   RO         6232    .ARM.Collect$$libinit$$00000016  c_w.l(libinit2.o)
    0x08000222   0x08000222   0x00000000   Code   RO         6233    .ARM.Collect$$libinit$$00000017  c_w.l(libinit2.o)
    0x08000222   0x08000222   0x00000000   Code   RO         6235    .ARM.Collect$$libinit$$00000019  c_w.l(libinit2.o)
    0x08000222   0x08000222   0x00000000   Code   RO         6237    .ARM.Collect$$libinit$$0000001B  c_w.l(libinit2.o)
    0x08000222   0x08000222   0x00000000   Code   RO         6239    .ARM.Collect$$libinit$$0000001D  c_w.l(libinit2.o)
    0x08000222   0x08000222   0x00000000   Code   RO         6241    .ARM.Collect$$libinit$$0000001F  c_w.l(libinit2.o)
    0x08000222   0x08000222   0x00000000   Code   RO         6243    .ARM.Collect$$libinit$$00000021  c_w.l(libinit2.o)
    0x08000222   0x08000222   0x00000000   Code   RO         6245    .ARM.Collect$$libinit$$00000023  c_w.l(libinit2.o)
    0x08000222   0x08000222   0x00000000   Code   RO         6247    .ARM.Collect$$libinit$$00000025  c_w.l(libinit2.o)
    0x08000222   0x08000222   0x00000000   Code   RO         6251    .ARM.Collect$$libinit$$0000002C  c_w.l(libinit2.o)
    0x08000222   0x08000222   0x00000000   Code   RO         6253    .ARM.Collect$$libinit$$0000002E  c_w.l(libinit2.o)
    0x08000222   0x08000222   0x00000000   Code   RO         6255    .ARM.Collect$$libinit$$00000030  c_w.l(libinit2.o)
    0x08000222   0x08000222   0x00000000   Code   RO         6257    .ARM.Collect$$libinit$$00000032  c_w.l(libinit2.o)
    0x08000222   0x08000222   0x00000002   Code   RO         6258    .ARM.Collect$$libinit$$00000033  c_w.l(libinit2.o)
    0x08000224   0x08000224   0x00000002   Code   RO         6341    .ARM.Collect$$libshutdown$$00000000  c_w.l(libshutdown.o)
    0x08000226   0x08000226   0x00000000   Code   RO         6376    .ARM.Collect$$libshutdown$$00000002  c_w.l(libshutdown2.o)
    0x08000226   0x08000226   0x00000000   Code   RO         6378    .ARM.Collect$$libshutdown$$00000004  c_w.l(libshutdown2.o)
    0x08000226   0x08000226   0x00000000   Code   RO         6381    .ARM.Collect$$libshutdown$$00000007  c_w.l(libshutdown2.o)
    0x08000226   0x08000226   0x00000000   Code   RO         6384    .ARM.Collect$$libshutdown$$0000000A  c_w.l(libshutdown2.o)
    0x08000226   0x08000226   0x00000000   Code   RO         6386    .ARM.Collect$$libshutdown$$0000000C  c_w.l(libshutdown2.o)
    0x08000226   0x08000226   0x00000000   Code   RO         6389    .ARM.Collect$$libshutdown$$0000000F  c_w.l(libshutdown2.o)
    0x08000226   0x08000226   0x00000002   Code   RO         6390    .ARM.Collect$$libshutdown$$00000010  c_w.l(libshutdown2.o)
    0x08000228   0x08000228   0x00000000   Code   RO         6045    .ARM.Collect$$rtentry$$00000000  c_w.l(__rtentry.o)
    0x08000228   0x08000228   0x00000000   Code   RO         6121    .ARM.Collect$$rtentry$$00000002  c_w.l(__rtentry2.o)
    0x08000228   0x08000228   0x00000006   Code   RO         6133    .ARM.Collect$$rtentry$$00000004  c_w.l(__rtentry4.o)
    0x0800022e   0x0800022e   0x00000000   Code   RO         6123    .ARM.Collect$$rtentry$$00000009  c_w.l(__rtentry2.o)
    0x0800022e   0x0800022e   0x00000004   Code   RO         6124    .ARM.Collect$$rtentry$$0000000A  c_w.l(__rtentry2.o)
    0x08000232   0x08000232   0x00000000   Code   RO         6126    .ARM.Collect$$rtentry$$0000000C  c_w.l(__rtentry2.o)
    0x08000232   0x08000232   0x00000008   Code   RO         6127    .ARM.Collect$$rtentry$$0000000D  c_w.l(__rtentry2.o)
    0x0800023a   0x0800023a   0x00000002   Code   RO         6261    .ARM.Collect$$rtexit$$00000000  c_w.l(rtexit.o)
    0x0800023c   0x0800023c   0x00000000   Code   RO         6297    .ARM.Collect$$rtexit$$00000002  c_w.l(rtexit2.o)
    0x0800023c   0x0800023c   0x00000004   Code   RO         6298    .ARM.Collect$$rtexit$$00000003  c_w.l(rtexit2.o)
    0x08000240   0x08000240   0x00000006   Code   RO         6299    .ARM.Collect$$rtexit$$00000004  c_w.l(rtexit2.o)
    0x08000246   0x08000246   0x00000002   PAD
    0x08000248   0x08000248   0x0000003c   Code   RO         5885    .text               startup_stm32f40_41xxx.o
    0x08000284   0x08000284   0x00000002   Code   RO         5891    .text               c_w.l(use_no_semi_2.o)
    0x08000286   0x08000286   0x00000002   PAD
    0x08000288   0x08000288   0x00000028   Code   RO         5897    .text               c_w.l(noretval__2sprintf.o)
    0x080002b0   0x080002b0   0x0000004e   Code   RO         5901    .text               c_w.l(_printf_pad.o)
    0x080002fe   0x080002fe   0x00000002   PAD
    0x08000300   0x08000300   0x00000078   Code   RO         5903    .text               c_w.l(_printf_dec.o)
    0x08000378   0x08000378   0x00000188   Code   RO         5922    .text               c_w.l(__printf_flags_ss_wp.o)
    0x08000500   0x08000500   0x00000064   Code   RO         5931    .text               c_w.l(rt_memcpy_w.o)
    0x08000564   0x08000564   0x00000006   Code   RO         5935    .text               c_w.l(heapauxi.o)
    0x0800056a   0x0800056a   0x00000002   Code   RO         6043    .text               c_w.l(use_no_semi.o)
    0x0800056c   0x0800056c   0x000000b2   Code   RO         6052    .text               c_w.l(_printf_intcommon.o)
    0x0800061e   0x0800061e   0x0000041e   Code   RO         6054    .text               c_w.l(_printf_fp_dec.o)
    0x08000a3c   0x08000a3c   0x00000030   Code   RO         6059    .text               c_w.l(_printf_char_common.o)
    0x08000a6c   0x08000a6c   0x0000000a   Code   RO         6061    .text               c_w.l(_sputc.o)
    0x08000a76   0x08000a76   0x00000002   PAD
    0x08000a78   0x08000a78   0x00000008   Code   RO         6140    .text               c_w.l(rt_locale_intlibspace.o)
    0x08000a80   0x08000a80   0x0000008a   Code   RO         6147    .text               c_w.l(lludiv10.o)
    0x08000b0a   0x08000b0a   0x00000002   PAD
    0x08000b0c   0x08000b0c   0x00000080   Code   RO         6151    .text               c_w.l(_printf_fp_infnan.o)
    0x08000b8c   0x08000b8c   0x000000e4   Code   RO         6157    .text               c_w.l(bigflt0.o)
    0x08000c70   0x08000c70   0x00000008   Code   RO         6191    .text               c_w.l(libspace.o)
    0x08000c78   0x08000c78   0x0000004a   Code   RO         6194    .text               c_w.l(sys_stackheap_outer.o)
    0x08000cc2   0x08000cc2   0x00000012   Code   RO         6200    .text               c_w.l(exit.o)
    0x08000cd4   0x08000cd4   0x00000080   Code   RO         6206    .text               c_w.l(strcmpv7m.o)
    0x08000d54   0x08000d54   0x0000003e   Code   RO         6160    CL$$btod_d2e        c_w.l(btod.o)
    0x08000d92   0x08000d92   0x00000046   Code   RO         6162    CL$$btod_d2e_denorm_low  c_w.l(btod.o)
    0x08000dd8   0x08000dd8   0x00000060   Code   RO         6161    CL$$btod_d2e_norm_op1  c_w.l(btod.o)
    0x08000e38   0x08000e38   0x00000338   Code   RO         6170    CL$$btod_div_common  c_w.l(btod.o)
    0x08001170   0x08001170   0x000000dc   Code   RO         6167    CL$$btod_e2e        c_w.l(btod.o)
    0x0800124c   0x0800124c   0x0000002a   Code   RO         6164    CL$$btod_ediv       c_w.l(btod.o)
    0x08001276   0x08001276   0x0000002a   Code   RO         6163    CL$$btod_emul       c_w.l(btod.o)
    0x080012a0   0x080012a0   0x00000244   Code   RO         6169    CL$$btod_mult_common  c_w.l(btod.o)
    0x080014e4   0x080014e4   0x0000007c   Code   RO          873    CODE                core.o
    0x08001560   0x08001560   0x00000004   Code   RO         5762    i.BusFault_Handler  stm32f4xx_it.o
    0x08001564   0x08001564   0x00000068   Code   RO          304    i.Calibration_IsValid  user.o
    0x080015cc   0x080015cc   0x00000028   Code   RO          305    i.Calibration_Load  user.o
    0x080015f4   0x080015f4   0x0000005c   Code   RO          306    i.Calibration_Save  user.o
    0x08001650   0x08001650   0x00000068   Code   RO          307    i.Change_Menu       user.o
    0x080016b8   0x080016b8   0x00000008   Code   RO          308    i.Clear_Work_Area   user.o
    0x080016c0   0x080016c0   0x000000c0   Code   RO          309    i.Clear_Work_Text   user.o
    0x08001780   0x08001780   0x000000e8   Code   RO          310    i.Convert_Time_To_Distance  user.o
    0x08001868   0x08001868   0x0000004c   Code   RO          311    i.Convert_Time_To_Distance_Default  user.o
    0x080018b4   0x080018b4   0x0000001c   Code   RO         1452    i.DMA2_Stream0_IRQHandler  user_adc.o
    0x080018d0   0x080018d0   0x00000034   Code   RO         3355    i.DMA_ClearITPendingBit  stm32f4xx_dma.o
    0x08001904   0x08001904   0x00000064   Code   RO         3366    i.DMA_GetITStatus   stm32f4xx_dma.o
    0x08001968   0x08001968   0x00000002   Code   RO         5763    i.DebugMon_Handler  stm32f4xx_it.o
    0x0800196a   0x0800196a   0x00000002   PAD
    0x0800196c   0x0800196c   0x00000140   Code   RO          312    i.Disp_Main         user.o
    0x08001aac   0x08001aac   0x0000002c   Code   RO          313    i.Draw_Key_Tips     user.o
    0x08001ad8   0x08001ad8   0x00000016   Code   RO          314    i.Draw_Work_Title   user.o
    0x08001aee   0x08001aee   0x00000002   PAD
    0x08001af0   0x08001af0   0x00000098   Code   RO          315    i.EXTI0_IRQHandler  user.o
    0x08001b88   0x08001b88   0x0000000c   Code   RO         3737    i.EXTI_ClearITPendingBit  stm32f4xx_exti.o
    0x08001b94   0x08001b94   0x00000018   Code   RO         3741    i.EXTI_GetITStatus  stm32f4xx_exti.o
    0x08001bac   0x08001bac   0x00000094   Code   RO         3742    i.EXTI_Init         stm32f4xx_exti.o
    0x08001c40   0x08001c40   0x00000010   Code   RO         3743    i.EXTI_StructInit   stm32f4xx_exti.o
    0x08001c50   0x08001c50   0x0000000c   Code   RO         3482    i.FLASH_ClearFlag   stm32f4xx_flash.o
    0x08001c5c   0x08001c5c   0x00000088   Code   RO         3488    i.FLASH_EraseSector  stm32f4xx_flash.o
    0x08001ce4   0x08001ce4   0x00000054   Code   RO         3490    i.FLASH_GetStatus   stm32f4xx_flash.o
    0x08001d38   0x08001d38   0x00000014   Code   RO         3494    i.FLASH_Lock        stm32f4xx_flash.o
    0x08001d4c   0x08001d4c   0x00000050   Code   RO         3518    i.FLASH_ProgramWord  stm32f4xx_flash.o
    0x08001d9c   0x08001d9c   0x00000024   Code   RO         3520    i.FLASH_Unlock      stm32f4xx_flash.o
    0x08001dc0   0x08001dc0   0x00000022   Code   RO         3521    i.FLASH_WaitForLastOperation  stm32f4xx_flash.o
    0x08001de2   0x08001de2   0x00000002   PAD
    0x08001de4   0x08001de4   0x00000034   Code   RO         3809    i.FSMC_NORSRAMCmd   stm32f4xx_fsmc.o
    0x08001e18   0x08001e18   0x000000e6   Code   RO         3811    i.FSMC_NORSRAMInit  stm32f4xx_fsmc.o
    0x08001efe   0x08001efe   0x00000090   Code   RO         3930    i.GPIO_Init         stm32f4xx_gpio.o
    0x08001f8e   0x08001f8e   0x00000046   Code   RO         3931    i.GPIO_PinAFConfig  stm32f4xx_gpio.o
    0x08001fd4   0x08001fd4   0x00000012   Code   RO         3934    i.GPIO_ReadInputDataBit  stm32f4xx_gpio.o
    0x08001fe6   0x08001fe6   0x00000004   Code   RO         3937    i.GPIO_ResetBits    stm32f4xx_gpio.o
    0x08001fea   0x08001fea   0x00000004   Code   RO         3938    i.GPIO_SetBits      stm32f4xx_gpio.o
    0x08001fee   0x08001fee   0x00000012   Code   RO         3939    i.GPIO_StructInit   stm32f4xx_gpio.o
    0x08002000   0x08002000   0x00000004   Code   RO         5764    i.HardFault_Handler  stm32f4xx_it.o
    0x08002004   0x08002004   0x0000002c   Code   RO          316    i.Init_All          user.o
    0x08002030   0x08002030   0x000000c0   Code   RO         1651    i.Key_StateSweep    drive_ps2.o
    0x080020f0   0x080020f0   0x00000048   Code   RO         2590    i.LCD_Appoint_Clear  tft_lcd.o
    0x08002138   0x08002138   0x0000002c   Code   RO         2591    i.LCD_Clear         tft_lcd.o
    0x08002164   0x08002164   0x00000154   Code   RO         2592    i.LCD_CtrlLinesConfig  tft_lcd.o
    0x080022b8   0x080022b8   0x0000005e   Code   RO         2607    i.LCD_FSMCConfig    tft_lcd.o
    0x08002316   0x08002316   0x00000008   Code   RO         2808    i.LCD_REG_Select    tft_lcd.o
    0x0800231e   0x0800231e   0x00000044   Code   RO         2613    i.LCD_SetCursor     tft_lcd.o
    0x08002362   0x08002362   0x0000004c   Code   RO         2614    i.LCD_SetDisplayWindow  tft_lcd.o
    0x080023ae   0x080023ae   0x00000008   Code   RO         2803    i.LCD_WriteRAM      tft_lcd.o
    0x080023b6   0x080023b6   0x0000000a   Code   RO         2813    i.LCD_WriteRAM_Prepare  tft_lcd.o
    0x080023c0   0x080023c0   0x000000a4   Code   RO          270    i.LED_Control       app_led.o
    0x08002464   0x08002464   0x00000050   Code   RO         1099    i.LED_Init          drive_gpio.o
    0x080024b4   0x080024b4   0x0000002c   Code   RO          271    i.LED_main          app_led.o
    0x080024e0   0x080024e0   0x00000004   Code   RO         5765    i.MemManage_Handler  stm32f4xx_it.o
    0x080024e4   0x080024e4   0x000002f4   Code   RO          317    i.MenuHandler_Calibrate  user.o
    0x080027d8   0x080027d8   0x00000284   Code   RO          318    i.MenuHandler_Measure  user.o
    0x08002a5c   0x08002a5c   0x00000308   Code   RO          319    i.MenuHandler_PGA_Test  user.o
    0x08002d64   0x08002d64   0x000002c4   Code   RO          320    i.MenuHandler_Status  user.o
    0x08003028   0x08003028   0x000001d0   Code   RO         1652    i.MyPs2KeyScan      drive_ps2.o
    0x080031f8   0x080031f8   0x00000002   Code   RO         5766    i.NMI_Handler       stm32f4xx_it.o
    0x080031fa   0x080031fa   0x00000002   PAD
    0x080031fc   0x080031fc   0x00000078   Code   RO         5335    i.NVIC_Init         misc.o
    0x08003274   0x08003274   0x00000014   Code   RO          611    i.OSDelPrioRdy      os_cpu.o
    0x08003288   0x08003288   0x00000028   Code   RO          515    i.OSGetHighRdy      os_cpu.o
    0x080032b0   0x080032b0   0x00000014   Code   RO          606    i.OSSetPrioRdy      os_cpu.o
    0x080032c4   0x080032c4   0x0000003c   Code   RO          518    i.OSTimeDly         os_cpu.o
    0x08003300   0x08003300   0x00000120   Code   RO          661    i.OS_Char_Show      os_ui.o
    0x08003420   0x08003420   0x000000c8   Code   RO          663    i.OS_Font_Show      os_ui.o
    0x080034e8   0x080034e8   0x000000e0   Code   RO          664    i.OS_HzMat_Get      os_ui.o
    0x080035c8   0x080035c8   0x00000008   Code   RO          519    i.OS_IDLE_Task      os_cpu.o
    0x080035d0   0x080035d0   0x00000014   Code   RO          486    i.OS_Init           main.o
    0x080035e4   0x080035e4   0x00000054   Code   RO          666    i.OS_LCD_Init       os_ui.o
    0x08003638   0x08003638   0x0000001e   Code   RO          670    i.OS_Point_Draw     os_ui.o
    0x08003656   0x08003656   0x00000002   PAD
    0x08003658   0x08003658   0x00000058   Code   RO          520    i.OS_Sched          os_cpu.o
    0x080036b0   0x080036b0   0x0000001c   Code   RO          521    i.OS_SchedLock      os_cpu.o
    0x080036cc   0x080036cc   0x0000001c   Code   RO          522    i.OS_SchedUnlock    os_cpu.o
    0x080036e8   0x080036e8   0x00000068   Code   RO          523    i.OS_Start          os_cpu.o
    0x08003750   0x08003750   0x0000007c   Code   RO          672    i.OS_String_Show    os_ui.o
    0x080037cc   0x080037cc   0x00000016   Code   RO         2075    i.PGA112_BuildWriteWord  user_pga112.o
    0x080037e2   0x080037e2   0x0000000e   Code   RO         2078    i.PGA112_GetGainValue  user_pga112.o
    0x080037f0   0x080037f0   0x00000038   Code   RO         2079    i.PGA112_Init       user_pga112.o
    0x08003828   0x08003828   0x00000014   Code   RO         2081    i.PGA112_SetGainCode  user_pga112.o
    0x0800383c   0x0800383c   0x00000020   Code   RO         2082    i.PGA112_Shutdown   user_pga112.o
    0x0800385c   0x0800385c   0x00000034   Code   RO         2083    i.PGA112_WriteConfig  user_pga112.o
    0x08003890   0x08003890   0x00000030   Code   RO         1653    i.PS2_GPIO_Init     drive_ps2.o
    0x080038c0   0x080038c0   0x00000008   Code   RO         1654    i.PS2_Keyboard_Init  drive_ps2.o
    0x080038c8   0x080038c8   0x000000b0   Code   RO         1655    i.PS2_ReadKeyCodon  drive_ps2.o
    0x08003978   0x08003978   0x00000058   Code   RO         1656    i.PS2_SCL_Set       drive_ps2.o
    0x080039d0   0x080039d0   0x00000088   Code   RO         1657    i.PS2_SCL_Wait      drive_ps2.o
    0x08003a58   0x08003a58   0x00000020   Code   RO         4251    i.RCC_AHB1PeriphClockCmd  stm32f4xx_rcc.o
    0x08003a78   0x08003a78   0x00000020   Code   RO         4257    i.RCC_AHB3PeriphClockCmd  stm32f4xx_rcc.o
    0x08003a98   0x08003a98   0x00000020   Code   RO         4260    i.RCC_APB1PeriphClockCmd  stm32f4xx_rcc.o
    0x08003ab8   0x08003ab8   0x00000020   Code   RO         4263    i.RCC_APB2PeriphClockCmd  stm32f4xx_rcc.o
    0x08003ad8   0x08003ad8   0x00000020   Code   RO         4265    i.RCC_APB2PeriphResetCmd  stm32f4xx_rcc.o
    0x08003af8   0x08003af8   0x000000d4   Code   RO         2521    i.SPI1_Init         spi.o
    0x08003bcc   0x08003bcc   0x00000038   Code   RO         2522    i.SPI1_ReadWriteByte  spi.o
    0x08003c04   0x08003c04   0x00000028   Code   RO         2523    i.SPI1_SetSpeed     spi.o
    0x08003c2c   0x08003c2c   0x00000018   Code   RO         5385    i.SPI_Cmd           stm32f4xx_spi.o
    0x08003c44   0x08003c44   0x0000003c   Code   RO         1534    i.SPI_GPIO_Init     user_spi.o
    0x08003c80   0x08003c80   0x00000012   Code   RO         5393    i.SPI_I2S_GetFlagStatus  stm32f4xx_spi.o
    0x08003c92   0x08003c92   0x00000006   Code   RO         5396    i.SPI_I2S_ReceiveData  stm32f4xx_spi.o
    0x08003c98   0x08003c98   0x00000004   Code   RO         5397    i.SPI_I2S_SendData  stm32f4xx_spi.o
    0x08003c9c   0x08003c9c   0x0000003c   Code   RO         5398    i.SPI_Init          stm32f4xx_spi.o
    0x08003cd8   0x08003cd8   0x00000002   Code   RO         5767    i.SVC_Handler       stm32f4xx_it.o
    0x08003cda   0x08003cda   0x00000002   PAD
    0x08003cdc   0x08003cdc   0x00000040   Code   RO         5546    i.SYSCFG_EXTILineConfig  stm32f4xx_syscfg.o
    0x08003d1c   0x08003d1c   0x000000ec   Code   RO         5847    i.SetSysClock       system_stm32f4xx.o
    0x08003e08   0x08003e08   0x00000024   Code   RO          322    i.Show_Text_Value_Only  user.o
    0x08003e2c   0x08003e2c   0x0000003c   Code   RO          325    i.Sort_Samples      user.o
    0x08003e68   0x08003e68   0x00000028   Code   RO         5339    i.SysTick_CLKSourceConfig  misc.o
    0x08003e90   0x08003e90   0x00000084   Code   RO          524    i.SysTick_Handler   os_cpu.o
    0x08003f14   0x08003f14   0x00000068   Code   RO         5849    i.SystemInit        system_stm32f4xx.o
    0x08003f7c   0x08003f7c   0x0000005c   Code   RO          525    i.System_init       os_cpu.o
    0x08003fd8   0x08003fd8   0x000001f0   Code   RO         2622    i.TFT_LCD_Init      tft_lcd.o
    0x080041c8   0x080041c8   0x00000018   Code   RO         4589    i.TIM_ARRPreloadConfig  stm32f4xx_tim.o
    0x080041e0   0x080041e0   0x00000006   Code   RO         4595    i.TIM_ClearFlag     stm32f4xx_tim.o
    0x080041e6   0x080041e6   0x00000018   Code   RO         4601    i.TIM_Cmd           stm32f4xx_tim.o
    0x080041fe   0x080041fe   0x00000006   Code   RO         4620    i.TIM_GetCounter    stm32f4xx_tim.o
    0x08004204   0x08004204   0x0000007c   Code   RO         4630    i.TIM_OC1Init       stm32f4xx_tim.o
    0x08004280   0x08004280   0x00000012   Code   RO         4633    i.TIM_OC1PreloadConfig  stm32f4xx_tim.o
    0x08004292   0x08004292   0x00000002   PAD
    0x08004294   0x08004294   0x000000a4   Code   RO         4635    i.TIM_OC2Init       stm32f4xx_tim.o
    0x08004338   0x08004338   0x0000001a   Code   RO         4638    i.TIM_OC2PreloadConfig  stm32f4xx_tim.o
    0x08004352   0x08004352   0x00000014   Code   RO         4648    i.TIM_OCStructInit  stm32f4xx_tim.o
    0x08004366   0x08004366   0x00000004   Code   RO         4667    i.TIM_SetCounter    stm32f4xx_tim.o
    0x0800436a   0x0800436a   0x00000002   PAD
    0x0800436c   0x0800436c   0x00000084   Code   RO         4673    i.TIM_TimeBaseInit  stm32f4xx_tim.o
    0x080043f0   0x080043f0   0x00000012   Code   RO         4674    i.TIM_TimeBaseStructInit  stm32f4xx_tim.o
    0x08004402   0x08004402   0x00000002   PAD
    0x08004404   0x08004404   0x000000dc   Code   RO          526    i.Task_Create       os_cpu.o
    0x080044e0   0x080044e0   0x00000004   Code   RO          527    i.Task_End          os_cpu.o
    0x080044e4   0x080044e4   0x00000088   Code   RO         1047    i.USART1_IRQHandler  usart.o
    0x0800456c   0x0800456c   0x00000054   Code   RO         5155    i.USART_GetITStatus  stm32f4xx_usart.o
    0x080045c0   0x080045c0   0x0000000a   Code   RO         5165    i.USART_ReceiveData  stm32f4xx_usart.o
    0x080045ca   0x080045ca   0x00000002   PAD
    0x080045cc   0x080045cc   0x0000002c   Code   RO          326    i.Ultrasonic_ApplyGain  user.o
    0x080045f8   0x080045f8   0x00000084   Code   RO          327    i.Ultrasonic_Echo_Init  user.o
    0x0800467c   0x0800467c   0x00000012   Code   RO          328    i.Ultrasonic_EstimatePeakTime  user.o
    0x0800468e   0x0800468e   0x00000002   PAD
    0x08004690   0x08004690   0x00000058   Code   RO         1391    i.Ultrasonic_FireBurst  drive_pwm.o
    0x080046e8   0x080046e8   0x000000e4   Code   RO          329    i.Ultrasonic_MeasureFiltered  user.o
    0x080047cc   0x080047cc   0x00000084   Code   RO          330    i.Ultrasonic_MeasureOnce  user.o
    0x08004850   0x08004850   0x0000012c   Code   RO         1392    i.Ultrasonic_PWM_Init  drive_pwm.o
    0x0800497c   0x0800497c   0x0000002c   Code   RO         1393    i.Ultrasonic_PWM_OutputDisable  drive_pwm.o
    0x080049a8   0x080049a8   0x00000034   Code   RO         1394    i.Ultrasonic_PWM_OutputEnable  drive_pwm.o
    0x080049dc   0x080049dc   0x00000030   Code   RO          331    i.Ultrasonic_PrepareGain  user.o
    0x08004a0c   0x08004a0c   0x0000004e   Code   RO          332    i.Ultrasonic_SelectGainCode  user.o
    0x08004a5a   0x08004a5a   0x00000002   PAD
    0x08004a5c   0x08004a5c   0x0000003c   Code   RO          333    i.Ultrasonic_Timer_Init  user.o
    0x08004a98   0x08004a98   0x00000004   Code   RO         5768    i.UsageFault_Handler  stm32f4xx_it.o
    0x08004a9c   0x08004a9c   0x0000001c   Code   RO         1535    i.User_SPI_EndFrame  user_spi.o
    0x08004ab8   0x08004ab8   0x0000000e   Code   RO         1536    i.User_SPI_Init     user_spi.o
    0x08004ac6   0x08004ac6   0x00000002   PAD
    0x08004ac8   0x08004ac8   0x0000002c   Code   RO         1539    i.User_SPI_SetDioOutput  user_spi.o
    0x08004af4   0x08004af4   0x00000024   Code   RO         1540    i.User_SPI_SetIdle  user_spi.o
    0x08004b18   0x08004b18   0x0000001c   Code   RO         1542    i.User_SPI_StartFrame  user_spi.o
    0x08004b34   0x08004b34   0x00000068   Code   RO         1543    i.User_SPI_Transfer16  user_spi.o
    0x08004b9c   0x08004b9c   0x00000014   Code   RO         1544    i.User_SPI_Write16  user_spi.o
    0x08004bb0   0x08004bb0   0x0000006c   Code   RO          334    i.User_main         user.o
    0x08004c1c   0x08004c1c   0x00000078   Code   RO         2837    i.W25Q64_Init       w25q64.o
    0x08004c94   0x08004c94   0x00000058   Code   RO         2839    i.W25Q64_Read       w25q64.o
    0x08004cec   0x08004cec   0x0000004c   Code   RO         2840    i.W25Q64_ReadID     w25q64.o
    0x08004d38   0x08004d38   0x00000030   Code   RO         6104    i.__ARM_fpclassify  m_wm.l(fpclassify.o)
    0x08004d68   0x08004d68   0x0000000e   Code   RO         5915    i._is_digit         c_w.l(__printf_wp.o)
    0x08004d76   0x08004d76   0x00000006   Code   RO         1048    i._sys_exit         usart.o
    0x08004d7c   0x08004d7c   0x00000044   Code   RO         1018    i.delay_ms          delay.o
    0x08004dc0   0x08004dc0   0x00000060   Code   RO         1019    i.delay_us          delay.o
    0x08004e20   0x08004e20   0x00000044   Code   RO         2485    i.font_init         fontupd.o
    0x08004e64   0x08004e64   0x0000004c   Code   RO          487    i.main              main.o
    0x08004eb0   0x08004eb0   0x0000002c   Code   RO         6183    locale$$code        c_w.l(lc_numeric_c.o)
    0x08004edc   0x08004edc   0x0000000c   Code   RO         6070    x$fpl$dretinf       fz_wm.l(dretinf.o)
    0x08004ee8   0x08004ee8   0x00000056   Code   RO         5977    x$fpl$f2d           fz_wm.l(f2d.o)
    0x08004f3e   0x08004f3e   0x0000008c   Code   RO         6074    x$fpl$fnaninf       fz_wm.l(fnaninf.o)
    0x08004fca   0x08004fca   0x0000000a   Code   RO         6278    x$fpl$fpinit        fz_wm.l(fpinit.o)
    0x08004fd4   0x08004fd4   0x00000004   Code   RO         5979    x$fpl$printf1       fz_wm.l(printf1.o)
    0x08004fd8   0x08004fd8   0x00000000   Code   RO         6080    x$fpl$usenofp       fz_wm.l(usenofp.o)
    0x08004fd8   0x08004fd8   0x00000008   Data   RO          336    .constdata          user.o
    0x08004fe0   0x08004fe0   0x0000a30c   Data   RO         2470    .constdata          fonts.o
    0x0800f2ec   0x0800f2ec   0x00000011   Data   RO         5923    .constdata          c_w.l(__printf_flags_ss_wp.o)
    0x0800f2fd   0x0800f2fd   0x00000003   PAD
    0x0800f300   0x0800f300   0x00000094   Data   RO         6158    .constdata          c_w.l(bigflt0.o)
    0x0800f394   0x0800f394   0x00000041   Data   RO          337    .conststring        user.o
    0x0800f3d5   0x0800f3d5   0x00000003   PAD
    0x0800f3d8   0x0800f3d8   0x00000020   Data   RO         6391    Region$$Table       anon$$obj.o
    0x0800f3f8   0x0800f3f8   0x0000001c   Data   RO         6182    locale$$data        c_w.l(lc_numeric_c.o)


    Execution Region RW_IRAM2 (Exec base: 0x10000000, Load base: 0x0800f4a4, Size: 0x0000ff00, Max: 0x00010000, ABSOLUTE)

    Exec Addr    Load Addr    Size         Type   Attr      Idx    E Section Name        Object

    0x10000000        -       0x0000f000   Zero   RW          804    .ARM.__AT_0x10000000  os_malloc.o
    0x1000f000        -       0x00000f00   Zero   RW          805    .ARM.__AT_0x1000F000  os_malloc.o


    Execution Region RW_IRAM1 (Exec base: 0x20000000, Load base: 0x0800f414, Size: 0x0000df88, Max: 0x00020000, ABSOLUTE)

    Exec Addr    Load Addr    Size         Type   Attr      Idx    E Section Name        Object

    0x20000000   0x0800f414   0x00000001   Data   RW          272    .data               app_led.o
    0x20000001   0x0800f415   0x00000003   PAD
    0x20000004   0x0800f418   0x0000001b   Data   RW          338    .data               user.o
    0x2000001f   0x0800f433   0x00000001   PAD
    0x20000020   0x0800f434   0x0000001e   Data   RW          529    .data               os_cpu.o
    0x2000003e   0x0800f452   0x00000002   PAD
    0x20000040   0x0800f454   0x00000006   Data   RW         1052    .data               usart.o
    0x20000046   0x0800f45a   0x00000002   PAD
    0x20000048   0x0800f45c   0x00000005   Data   RW         1659    .data               drive_ps2.o
    0x2000004d   0x0800f461   0x00000002   Data   RW         2084    .data               user_pga112.o
    0x2000004f   0x0800f463   0x00000001   PAD
    0x20000050   0x0800f464   0x00000020   Data   RW         2471    .data               fonts.o
    0x20000070   0x0800f484   0x00000008   Data   RW         2623    .data               tft_lcd.o
    0x20000078   0x0800f48c   0x00000002   Data   RW         2851    .data               w25q64.o
    0x2000007a   0x0800f48e   0x00000002   PAD
    0x2000007c   0x0800f490   0x00000014   Data   RW         5850    .data               system_stm32f4xx.o
    0x20000090        -       0x00000020   Zero   RW          335    .bss                user.o
    0x200000b0        -       0x00005900   Zero   RW          488    .bss                main.o
    0x200059b0        -       0x00000480   Zero   RW          528    .bss                os_cpu.o
    0x20005e30        -       0x000000c8   Zero   RW         1051    .bss                usart.o
    0x20005ef8        -       0x0000000a   Zero   RW         1658    .bss                drive_ps2.o
    0x20005f02        -       0x00000021   Zero   RW         2486    .bss                fontupd.o
    0x20005f23   0x0800f4a4   0x00000001   PAD
    0x20005f24        -       0x00000060   Zero   RW         6192    .bss                c_w.l(libspace.o)
    0x20005f84   0x0800f4a4   0x00000004   PAD
    0x20005f88        -       0x00000000   Zero   RW         5883    HEAP                startup_stm32f40_41xxx.o
    0x20005f88        -       0x00008000   Zero   RW         5882    STACK               startup_stm32f40_41xxx.o



  Load Region LR$$.ARM.__AT_0x68000000 (Base: 0x68000000, Size: 0x00000000, Max: 0x000f0000, ABSOLUTE)

    Execution Region ER$$.ARM.__AT_0x68000000 (Exec base: 0x68000000, Load base: 0x68000000, Size: 0x000f0000, Max: 0x000f0000, ABSOLUTE, UNINIT)

    Exec Addr    Load Addr    Size         Type   Attr      Idx    E Section Name        Object

    0x68000000        -       0x000f0000   Zero   RW          806    .ARM.__AT_0x68000000  os_malloc.o



  Load Region LR$$.ARM.__AT_0x680F0000 (Base: 0x680f0000, Size: 0x00000000, Max: 0x0000f000, ABSOLUTE)

    Execution Region ER$$.ARM.__AT_0x680F0000 (Exec base: 0x680f0000, Load base: 0x680f0000, Size: 0x0000f000, Max: 0x0000f000, ABSOLUTE, UNINIT)

    Exec Addr    Load Addr    Size         Type   Attr      Idx    E Section Name        Object

    0x680f0000        -       0x0000f000   Zero   RW          807    .ARM.__AT_0x680F0000  os_malloc.o


==============================================================================

Image component sizes


      Code (inc. data)   RO Data    RW Data    ZI Data      Debug   Object Name

       208         16          0          1          0       1053   app_led.o
         0          0          0          0          0     279936   app_touch.o
         0          0          0          0          0        709   character.o
       124         20          0          0          0        272   core.o
       164         12          0          0          0       1330   delay.o
        80         10          0          0          0        539   drive_gpio.o
      1112         34          0          5         10       7851   drive_ps2.o
       484         40          0          0          0       2326   drive_pwm.o
         0          0      41740         32          0       1418   fonts.o
        68          4          0          0         33       1281   fontupd.o
        96         24          0          0      22784       1524   main.o
       160         14          0          0          0       1638   misc.o
       844        132          0         30       1152       8786   os_cpu.o
         0          0          0          0    1109760       1738   os_malloc.o
       950         62          0          0          0       7073   os_ui.o
       308         24          0          0          0       1789   spi.o
        60         22        392          0      32768        840   startup_stm32f40_41xxx.o
       152         32          0          0          0       2694   stm32f4xx_dma.o
       200         16          0          0          0       2794   stm32f4xx_exti.o
       402         40          0          0          0       4729   stm32f4xx_flash.o
       282          6          0          0          0       1917   stm32f4xx_fsmc.o
       258          0          0          0          0       4269   stm32f4xx_gpio.o
        22          0          0          0          0       3243   stm32f4xx_it.o
       160         30          0          0          0       3085   stm32f4xx_rcc.o
       112          0          0          0          0       3670   stm32f4xx_spi.o
        64          4          0          0          0        676   stm32f4xx_syscfg.o
       566         48          0          0          0       8196   stm32f4xx_tim.o
        94          0          0          0          0       2088   stm32f4xx_usart.o
         0          0          0          0          0     302032   sys.o
       340         32          0         20          0       1797   system_stm32f4xx.o
      1216         24          0          8          0       7822   tft_lcd.o
       142         14          0          6        200       2896   usart.o
      5258       1434         73         27         32      19303   user.o
        28          8          0          0          0        506   user_adc.o
       196         22          0          2          0       3580   user_pga112.o
       334         30          0          0          0       4283   user_spi.o
       284         26          0          2          0       2444   w25q64.o

    ----------------------------------------------------------------------
     14794       2180      42240        144    1166740     702127   Object Totals
         0          0         32          0          0          0   (incl. Generated)
        26          0          3         11          1          0   (incl. Padding)

    ----------------------------------------------------------------------

      Code (inc. data)   RO Data    RW Data    ZI Data      Debug   Library Member Name

         8          0          0          0          0         68   __main.o
       392          4         17          0          0         92   __printf_flags_ss_wp.o
        14          0          0          0          0         68   __printf_wp.o
         0          0          0          0          0          0   __rtentry.o
        12          0          0          0          0          0   __rtentry2.o
         6          0          0          0          0          0   __rtentry4.o
        52          8          0          0          0          0   __scatter.o
        26          0          0          0          0          0   __scatter_copy.o
        28          0          0          0          0          0   __scatter_zi.o
        48          6          0          0          0         96   _printf_char_common.o
       120         16          0          0          0         92   _printf_dec.o
         6          0          0          0          0          0   _printf_f.o
      1054          0          0          0          0        216   _printf_fp_dec.o
       128         16          0          0          0         84   _printf_fp_infnan.o
       178          0          0          0          0         88   _printf_intcommon.o
        78          0          0          0          0        108   _printf_pad.o
         0          0          0          0          0          0   _printf_percent.o
         4          0          0          0          0          0   _printf_percent_end.o
         6          0          0          0          0          0   _printf_u.o
        10          0          0          0          0         68   _sputc.o
       228          4        148          0          0         96   bigflt0.o
      1936        128          0          0          0        672   btod.o
        18          0          0          0          0         80   exit.o
         6          0          0          0          0        152   heapauxi.o
        44         10         28          0          0         76   lc_numeric_c.o
         2          0          0          0          0          0   libinit.o
        22          0          0          0          0          0   libinit2.o
         2          0          0          0          0          0   libshutdown.o
         2          0          0          0          0          0   libshutdown2.o
         8          4          0          0         96         68   libspace.o
       138          0          0          0          0         80   lludiv10.o
        40          6          0          0          0         84   noretval__2sprintf.o
         8          4          0          0          0         68   rt_locale_intlibspace.o
       100          0          0          0          0         80   rt_memcpy_w.o
         2          0          0          0          0          0   rtexit.o
        10          0          0          0          0          0   rtexit2.o
       128          0          0          0          0         68   strcmpv7m.o
        74          0          0          0          0         80   sys_stackheap_outer.o
         2          0          0          0          0         68   use_no_semi.o
         2          0          0          0          0         68   use_no_semi_2.o
        12          0          0          0          0        116   dretinf.o
        86          4          0          0          0        132   f2d.o
       140          4          0          0          0        132   fnaninf.o
        10          0          0          0          0        116   fpinit.o
         4          0          0          0          0        116   printf1.o
         0          0          0          0          0          0   usenofp.o
        48          0          0          0          0        124   fpclassify.o

    ----------------------------------------------------------------------
      5254        214        196          0        100       3456   Library Totals
        12          0          3          0          4          0   (incl. Padding)

    ----------------------------------------------------------------------

      Code (inc. data)   RO Data    RW Data    ZI Data      Debug   Library Name

      4942        206        193          0         96       2720   c_w.l
       252          8          0          0          0        612   fz_wm.l
        48          0          0          0          0        124   m_wm.l

    ----------------------------------------------------------------------
      5254        214        196          0        100       3456   Library Totals

    ----------------------------------------------------------------------

==============================================================================


      Code (inc. data)   RO Data    RW Data    ZI Data      Debug   

     20048       2394      42436        144    1166840     688627   Grand Totals
     20048       2394      42436        144    1166840     688627   ELF Image Totals
     20048       2394      42436        144          0          0   ROM Totals

==============================================================================

    Total RO  Size (Code + RO Data)                62484 (  61.02kB)
    Total RW  Size (RW Data + ZI Data)           1166984 (1139.63kB)
    Total ROM Size (Code + RO Data + RW Data)      62628 (  61.16kB)

==============================================================================

