<html>
<body>
<pre>
<h1>礦ision Build Log</h1>
<h2>Tool Versions:</h2>
IDE-Version: μVision V5.24.2.0
Copyright (C) 2017 ARM Ltd and ARM Germany GmbH. All rights reserved.
License Information: a a, a, LIC=SDA0P-MVGRV-12VLE-5EBKW-2QW6X-VA0U6
 
Tool Versions:
Toolchain:       MDK-ARM Plus  Version: 5.24.1
Toolchain Path:  D:\keil5\ARM\ARMCC\Bin
C Compiler:      Armcc.exe V5.06 update 5 (build 528)
Assembler:       Armasm.exe V5.06 update 5 (build 528)
Linker/Locator:  ArmLink.exe V5.06 update 5 (build 528)
Library Manager: ArmAr.exe V5.06 update 5 (build 528)
Hex Converter:   FromElf.exe V5.06 update 5 (build 528)
CPU DLL:         SARMCM3.DLL V5.24.1
Dialog DLL:      DCM.DLL V1.16.0.0
Target DLL:      Segger\JL2CM3.dll V2.99.26.0
Dialog DLL:      TCM.DLL V1.32.0.0
 
<h2>Project:</h2>
d:\STM32F4project\Ultrasonic Ranging\STM32project\_04.uvprojx
Project File Date:  06/02/2026

<h2>Output:</h2>
*** Using Compiler 'V5.06 update 5 (build 528)', folder: 'D:\keil5\ARM\ARMCC\Bin'
Build target '_04 OS'
compiling User.c...
.\_01_App\User.h(18): warning:  #1-D: last line of file ends without a newline
  #endif
.\_03_Drive\User_DAC.h(25): warning:  #1295-D: Deprecated declaration User_DAC_Configure - give arg types
  void User_DAC_Configure();
_01_App\User.h(18): warning:  #1-D: last line of file ends without a newline
  #endif
_01_App\User.c(22): warning:  #47-D: incompatible redefinition of macro "TITLE_STR"  (declared at line 7 of "_01_App\User.h")
  #define TITLE_STR        "超声波测距仪"       // 主界面标题
_01_App\User.c(23): warning:  #47-D: incompatible redefinition of macro "MODEL_VER_STR"  (declared at line 8 of "_01_App\User.h")
  #define MODEL_VER_STR    "型号：HC-SR04"      // 硬件型号
_01_App\User.c(24): warning:  #47-D: incompatible redefinition of macro "USER_VER_STR"  (declared at line 9 of "_01_App\User.h")
  #define USER_VER_STR     "版本：V1.0"         // 软件版本
_01_App\User.c(25): warning:  #47-D: incompatible redefinition of macro "MENU1_CHOICE1"  (declared at line 12 of "_01_App\User.h")
  #define MENU1_CHOICE1    "1. 实时测量"        // 菜单选项1
_01_App\User.c(26): warning:  #47-D: incompatible redefinition of macro "MENU1_CHOICE2"  (declared at line 13 of "_01_App\User.h")
  #define MENU1_CHOICE2    "2. 距离校准"        // 菜单选项2
_01_App\User.c(27): warning:  #47-D: incompatible redefinition of macro "MENU1_CHOICE3"  (declared at line 14 of "_01_App\User.h")
  #define MENU1_CHOICE3    "3. 系统状态"        // 菜单选项3
_01_App\User.c(155): warning:  #223-D: function "Ultrasonic_PWM_Init" declared implicitly
      Ultrasonic_PWM_Init();             // 初始化超声波触发引脚(PWM输出)
_01_App\User.c(476): warning:  #223-D: function "Ultrasonic_FireBurst" declared implicitly
      Ultrasonic_FireBurst();
_01_App\User.c(280): warning:  #177-D: function "Show_Text_Line"  was declared but never referenced
  static void Show_Text_Line(uint16_t line, char *text)
_01_App\User.c(293): warning:  #177-D: function "Show_Value_Line"  was declared but never referenced
  static void Show_Value_Line(uint16_t line, char *label, double value, char *format)
_01_App\User.c(302): warning:  #177-D: function "Show_Value_Only"  was declared but never referenced
  static void Show_Value_Only(uint16_t line, double value, char *format)
_01_App\User.c: 14 warnings, 0 errors
linking...
Program Size: Code=19280 RO-data=42436 RW-data=144 ZI-data=1166840  
".\Output\_04.axf" - 0 Error(s), 14 Warning(s).

<h2>Software Packages used:</h2>

Package Vendor: Keil
                http://www.keil.com/pack/Keil.STM32F4xx_DFP.1.0.8.pack
                Keil.STM32F4xx_DFP.1.0.8
                STMicroelectronics STM32F4 Series Device Support, Drivers and Examples

<h2>Collection of Component include folders:</h2>
  .\RTE\__04_OS
  D:\keil5\ARM\PACK\Keil\STM32F4xx_DFP\1.0.8\Device\Include

<h2>Collection of Component Files used:</h2>
Build Time Elapsed:  00:00:02
</pre>
</body>
</html>
