Component: ARM Compiler 5.06 update 5 (build 528) Tool: armlink [4d35e2]

==============================================================================

Section Cross References

    app_touch.o(i.TouchStart_Judge) refers to app_touch.o(.bss) for TouchStruct
    app_touch.o(i.Touch_Clear) refers to app_touch.o(.bss) for TouchStruct
    app_touch.o(i.Touch_Judge) refers to app_touch.o(i.Touch_Clear) for Touch_Clear
    app_touch.o(i.Touch_Judge) refers to app_touch.o(.bss) for TouchStruct
    app_touch.o(i.Touch_main) refers to drive_touch.o(i.TouchRead) for TouchRead
    app_touch.o(i.Touch_main) refers to os_cpu.o(i.OSTimeDly) for OSTimeDly
    app_touch.o(i.Touch_main) refers to app_touch.o(.bss) for TouchStruct
    app_touch.o(i.Touch_main) refers to app_touch.o(.data) for LastX
    app_led.o(i.LED_main) refers to app_led.o(i.LED_Control) for LED_Control
    app_led.o(i.LED_main) refers to os_cpu.o(i.OSTimeDly) for OSTimeDly
    app_led.o(i.LED_main) refers to app_led.o(.data) for _led_cnt
    user.o(i.Calibration_Load) refers to rt_memcpy_w.o(.text) for __aeabi_memcpy4
    user.o(i.Calibration_Load) refers to user.o(i.Calibration_IsValid) for Calibration_IsValid
    user.o(i.Calibration_Load) refers to user.o(.bss) for g_calib
    user.o(i.Calibration_Load) refers to user.o(.data) for g_calib_valid
    user.o(i.Calibration_Save) refers to stm32f4xx_flash.o(i.FLASH_Unlock) for FLASH_Unlock
    user.o(i.Calibration_Save) refers to stm32f4xx_flash.o(i.FLASH_ClearFlag) for FLASH_ClearFlag
    user.o(i.Calibration_Save) refers to stm32f4xx_flash.o(i.FLASH_EraseSector) for FLASH_EraseSector
    user.o(i.Calibration_Save) refers to stm32f4xx_flash.o(i.FLASH_ProgramWord) for FLASH_ProgramWord
    user.o(i.Calibration_Save) refers to stm32f4xx_flash.o(i.FLASH_Lock) for FLASH_Lock
    user.o(i.Change_Menu) refers to user.o(i.Clear_Work_Area) for Clear_Work_Area
    user.o(i.Change_Menu) refers to os_ui.o(i.OS_String_Show) for OS_String_Show
    user.o(i.Change_Menu) refers to user.o(.data) for g_menu_sign
    user.o(i.Change_Menu) refers to drive_ps2.o(.data) for Ps2KeyValue
    user.o(i.Clear_Work_Area) refers to user.o(i.Clear_Work_Text) for Clear_Work_Text
    user.o(i.Clear_Work_Text) refers to os_ui.o(i.OS_String_Show) for OS_String_Show
    user.o(i.Clear_Work_Text) refers to user.o(.conststring) for .conststring
    user.o(i.Convert_Time_To_Distance) refers to user.o(i.Convert_Time_To_Distance_Default) for Convert_Time_To_Distance_Default
    user.o(i.Convert_Time_To_Distance) refers to user.o(.data) for g_calib_valid
    user.o(i.Convert_Time_To_Distance) refers to user.o(.bss) for g_calib
    user.o(i.Convert_Time_To_Distance) refers to user.o(.constdata) for k_calib_distance_mm
    user.o(i.Disp_Main) refers to os_ui.o(i.OS_String_Show) for OS_String_Show
    user.o(i.Disp_Main) refers to tft_lcd.o(i.LCD_Appoint_Clear) for LCD_Appoint_Clear
    user.o(i.Draw_Key_Tips) refers to os_ui.o(i.OS_String_Show) for OS_String_Show
    user.o(i.Draw_Key_Tips) refers to user.o(.conststring) for .conststring
    user.o(i.Draw_Work_Title) refers to user.o(i.Clear_Work_Area) for Clear_Work_Area
    user.o(i.Draw_Work_Title) refers to os_ui.o(i.OS_String_Show) for OS_String_Show
    user.o(i.EXTI0_IRQHandler) refers to stm32f4xx_exti.o(i.EXTI_GetITStatus) for EXTI_GetITStatus
    user.o(i.EXTI0_IRQHandler) refers to stm32f4xx_tim.o(i.TIM_GetCounter) for TIM_GetCounter
    user.o(i.EXTI0_IRQHandler) refers to stm32f4xx_exti.o(i.EXTI_ClearITPendingBit) for EXTI_ClearITPendingBit
    user.o(i.EXTI0_IRQHandler) refers to user.o(.data) for g_measure_active
    user.o(i.Init_All) refers to tft_lcd.o(i.LCD_Clear) for LCD_Clear
    user.o(i.Init_All) refers to drive_pwm.o(i.Ultrasonic_PWM_Init) for Ultrasonic_PWM_Init
    user.o(i.Init_All) refers to user.o(i.Ultrasonic_Timer_Init) for Ultrasonic_Timer_Init
    user.o(i.Init_All) refers to user.o(i.Ultrasonic_Echo_Init) for Ultrasonic_Echo_Init
    user.o(i.Init_All) refers to user.o(i.Calibration_Load) for Calibration_Load
    user.o(i.Init_All) refers to user.o(i.Ultrasonic_ApplyGain) for Ultrasonic_ApplyGain
    user.o(i.MenuHandler_Calibrate) refers to _printf_percent.o(.ARM.Collect$$_printf_percent$$00000000) for _printf_percent
    user.o(i.MenuHandler_Calibrate) refers to _printf_u.o(.ARM.Collect$$_printf_percent$$0000000A) for _printf_u
    user.o(i.MenuHandler_Calibrate) refers to _printf_dec.o(.text) for _printf_int_dec
    user.o(i.MenuHandler_Calibrate) refers to _printf_f.o(.ARM.Collect$$_printf_percent$$00000003) for _printf_f
    user.o(i.MenuHandler_Calibrate) refers to printf1.o(x$fpl$printf1) for _printf_fp_dec
    user.o(i.MenuHandler_Calibrate) refers to user.o(i.Draw_Work_Title) for Draw_Work_Title
    user.o(i.MenuHandler_Calibrate) refers to user.o(i.Draw_Key_Tips) for Draw_Key_Tips
    user.o(i.MenuHandler_Calibrate) refers to noretval__2sprintf.o(.text) for __2sprintf
[...]
    i.delay_us                               0x08004c7c   Section        0  delay.o(i.delay_us)
    i.font_init                              0x08004cdc   Section        0  fontupd.o(i.font_init)
    i.main                                   0x08004d20   Section        0  main.o(i.main)
    locale$$code                             0x08004d6c   Section       44  lc_numeric_c.o(locale$$code)
    x$fpl$dfltu                              0x08004d98   Section       38  dflt_clz.o(x$fpl$dfltu)
    $v0                                      0x08004d98   Number         0  dflt_clz.o(x$fpl$dfltu)
    x$fpl$dretinf                            0x08004dbe   Section       12  dretinf.o(x$fpl$dretinf)
    $v0                                      0x08004dbe   Number         0  dretinf.o(x$fpl$dretinf)
    x$fpl$f2d                                0x08004dcc   Section       86  f2d.o(x$fpl$f2d)
    $v0                                      0x08004dcc   Number         0  f2d.o(x$fpl$f2d)
    x$fpl$fnaninf                            0x08004e22   Section      140  fnaninf.o(x$fpl$fnaninf)
    $v0                                      0x08004e22   Number         0  fnaninf.o(x$fpl$fnaninf)
    x$fpl$fpinit                             0x08004eae   Section       10  fpinit.o(x$fpl$fpinit)
    $v0                                      0x08004eae   Number         0  fpinit.o(x$fpl$fpinit)
    x$fpl$printf1                            0x08004eb8   Section        4  printf1.o(x$fpl$printf1)
    $v0                                      0x08004eb8   Number         0  printf1.o(x$fpl$printf1)
    x$fpl$printf2                            0x08004ebc   Section        4  printf2.o(x$fpl$printf2)
    $v0                                      0x08004ebc   Number         0  printf2.o(x$fpl$printf2)
    .constdata                               0x08004ec0   Section        8  user.o(.constdata)
    x$fpl$usenofp                            0x08004ec0   Section        0  usenofp.o(x$fpl$usenofp)
    k_calib_distance_mm                      0x08004ec0   Data           8  user.o(.constdata)
    .constdata                               0x08004ec8   Section    41740  fonts.o(.constdata)
    .constdata                               0x0800f1d4   Section       17  __printf_flags_ss_wp.o(.constdata)
    maptable                                 0x0800f1d4   Data          17  __printf_flags_ss_wp.o(.constdata)
    .constdata                               0x0800f1e5   Section       38  _printf_fp_hex.o(.constdata)
    lc_hextab                                0x0800f1e5   Data          19  _printf_fp_hex.o(.constdata)
    uc_hextab                                0x0800f1f8   Data          19  _printf_fp_hex.o(.constdata)
    .constdata                               0x0800f20c   Section      148  bigflt0.o(.constdata)
    tenpwrs_x                                0x0800f20c   Data          60  bigflt0.o(.constdata)
    tenpwrs_i                                0x0800f248   Data          64  bigflt0.o(.constdata)
    .conststring                             0x0800f2a0   Section       65  user.o(.conststring)
    locale$$data                             0x0800f304   Section       28  lc_numeric_c.o(locale$$data)
    __lcnum_c_name                           0x0800f308   Data           2  lc_numeric_c.o(locale$$data)
    __lcnum_c_start                          0x0800f310   Data           0  lc_numeric_c.o(locale$$data)
    __lcnum_c_point                          0x0800f31c   Data           0  lc_numeric_c.o(locale$$data)
    __lcnum_c_thousands                      0x0800f31e   Data           0  lc_numeric_c.o(locale$$data)
    __lcnum_c_grouping                       0x0800f31f   Data           0  lc_numeric_c.o(locale$$data)
    __lcnum_c_end                            0x0800f320   Data           0  lc_numeric_c.o(locale$$data)
    .ARM.__AT_0x10000000                     0x10000000   Section    61440  os_malloc.o(.ARM.__AT_0x10000000)
    .ARM.__AT_0x1000F000                     0x1000f000   Section     3840  os_malloc.o(.ARM.__AT_0x1000F000)
    .data                                    0x20000000   Section        1  app_led.o(.data)
    _led_cnt                                 0x20000000   Data           1  app_led.o(.data)
    .data                                    0x20000004   Section       15  user.o(.data)
    g_echo_captured                          0x20000004   Data           1  user.o(.data)
    g_measure_active                         0x20000005   Data           1  user.o(.data)
    g_echo_time_us                           0x20000008   Data           4  user.o(.data)
    g_last_echo_us                           0x2000000c   Data           4  user.o(.data)
    g_ultrasonic_gain_code                   0x20000010   Data           1  user.o(.data)
    g_calib_valid                            0x20000011   Data           1  user.o(.data)
    g_menu_sign                              0x20000012   Data           1  user.o(.data)
    .data                                    0x20000014   Section       30  os_cpu.o(.data)
    .data                                    0x20000034   Section        6  usart.o(.data)
    .data                                    0x2000003c   Section        5  drive_ps2.o(.data)
    .data                                    0x20000041   Section        2  user_pga112.o(.data)
    g_pga112_gain_code                       0x20000041   Data           1  user_pga112.o(.data)
    g_pga112_channel_code                    0x20000042   Data           1  user_pga112.o(.data)
    .data                                    0x20000044   Section       32  fonts.o(.data)
    .data                                    0x20000064   Section        8  tft_lcd.o(.data)
    LCD_Currentfonts                         0x20000064   Data           4  tft_lcd.o(.data)
    .data                                    0x2000006c   Section        2  w25q64.o(.data)
    .data                                    0x20000070   Section       20  system_stm32f4xx.o(.data)
    .bss                                     0x20000084   Section       32  user.o(.bss)
    g_calib                                  0x20000084   Data          32  user.o(.bss)
    .bss                                     0x200000a4   Section    22784  main.o(.bss)
    .bss                                     0x200059a4   Section     1152  os_cpu.o(.bss)
    .bss                                     0x20005e24   Section      200  usart.o(.bss)
    .bss                                     0x20005eec   Section       10  drive_ps2.o(.bss)
    .bss                                     0x20005ef6   Section       33  fontupd.o(.bss)
    .bss                                     0x20005f18   Section       96  libspace.o(.bss)
    HEAP                                     0x20005f78   Section        0  startup_stm32f40_41xxx.o(HEAP)
    STACK                                    0x20005f78   Section    32768  startup_stm32f40_41xxx.o(STACK)
    Heap_Mem                                 0x20005f78   Data           0  startup_stm32f40_41xxx.o(HEAP)
    Stack_Mem                                0x20005f78   Data       32768  startup_stm32f40_41xxx.o(STACK)
    __initial_sp                             0x2000df78   Data           0  startup_stm32f40_41xxx.o(STACK)
    .ARM.__AT_0x68000000                     0x68000000   Section    983040  os_malloc.o(.ARM.__AT_0x68000000)
    .ARM.__AT_0x680F0000                     0x680f0000   Section    61440  os_malloc.o(.ARM.__AT_0x680F0000)

    Global Symbols

    Symbol Name                              Value     Ov Type        Size  Object(Section)

    BuildAttributes$$THM_ISAv4$E$P$D$K$B$S$7EM$VFPi3$EXTD16$VFPS$VFMA$PE$A:L22UL41UL21$X:L11$S22US41US21$IEEE1$IW$USESV6$~STKCKD$USESV7$~SHL$OTIME$ROPI$IEEEX$EBA8$UX$STANDARDLIB$REQ8$PRES8$EABIv2 0x00000000   Number         0  anon$$obj.o ABSOLUTE
    __ARM_use_no_argv                        0x00000000   Number         0  main.o ABSOLUTE
    _printf_flags                            0x00000000   Number         0  printf_stubs.o ABSOLUTE
    _printf_return_value                     0x00000000   Number         0  printf_stubs.o ABSOLUTE
    _printf_sizespec                         0x00000000   Number         0  printf_stubs.o ABSOLUTE
    _printf_widthprec                        0x00000000   Number         0  printf_stubs.o ABSOLUTE
    __ARM_exceptions_init                     - Undefined Weak Reference
    __alloca_initialize                       - Undefined Weak Reference
    __arm_preinit_                            - Undefined Weak Reference
    __cpp_initialize__aeabi_                  - Undefined Weak Reference
    __cxa_finalize                            - Undefined Weak Reference
    __sigvec_lookup                           - Undefined Weak Reference
    _atexit_init                              - Undefined Weak Reference
    _call_atexit_fns                          - Undefined Weak Reference
    _clock_init                               - Undefined Weak Reference
    _fp_trap_init                             - Undefined Weak Reference
    _fp_trap_shutdown                         - Undefined Weak Reference
    _get_lc_collate                           - Undefined Weak Reference
    _get_lc_monetary                          - Undefined Weak Reference
    _get_lc_time                              - Undefined Weak Reference
    _getenv_init                              - Undefined Weak Reference
    _handle_redirection                       - Undefined Weak Reference
    _init_alloc                               - Undefined Weak Reference
    _init_user_alloc                          - Undefined Weak Reference
    _initio                                   - Undefined Weak Reference
    _printf_mbtowc                            - Undefined Weak Reference
    _printf_truncate_signed                   - Undefined Weak Reference
    _printf_truncate_unsigned                 - Undefined Weak Reference
    _rand_init                                - Undefined Weak Reference
    _signal_finish                            - Undefined Weak Reference
    _signal_init                              - Undefined Weak Reference
    _terminate_alloc                          - Undefined Weak Reference
    _terminate_user_alloc                     - Undefined Weak Reference
    _terminateio                              - Undefined Weak Reference
    __Vectors_Size                           0x00000188   Number         0  startup_stm32f40_41xxx.o ABSOLUTE
    __Vectors                                0x08000000   Data           4  startup_stm32f40_41xxx.o(RESET)
    __Vectors_End                            0x08000188   Data           0  startup_stm32f40_41xxx.o(RESET)
    __main                                   0x08000189   Thumb Code     8  __main.o(!!!main)
    __scatterload                            0x08000191   Thumb Code     0  __scatter.o(!!!scatter)
    __scatterload_rt2                        0x08000191   Thumb Code    44  __scatter.o(!!!scatter)
    __scatterload_rt2_thumb_only             0x08000191   Thumb Code     0  __scatter.o(!!!scatter)
    __scatterload_null                       0x0800019f   Thumb Code     0  __scatter.o(!!!scatter)
    __scatterload_copy                       0x080001c5   Thumb Code    26  __scatter_copy.o(!!handler_copy)
    __scatterload_zeroinit                   0x080001e1   Thumb Code    28  __scatter_zi.o(!!handler_zi)
    _printf_f                                0x080001fd   Thumb Code     0  _printf_f.o(.ARM.Collect$$_printf_percent$$00000003)
    _printf_percent                          0x080001fd   Thumb Code     0  _printf_percent.o(.ARM.Collect$$_printf_percent$$00000000)
    _printf_e                                0x08000203   Thumb Code     0  _printf_e.o(.ARM.Collect$$_printf_percent$$00000004)
    _printf_g                                0x08000209   Thumb Code     0  _printf_g.o(.ARM.Collect$$_printf_percent$$00000005)
    _printf_a                                0x0800020f   Thumb Code     0  _printf_a.o(.ARM.Collect$$_printf_percent$$00000006)
    _printf_u                                0x08000215   Thumb Code     0  _printf_u.o(.ARM.Collect$$_printf_percent$$0000000A)
    _printf_s                                0x0800021b   Thumb Code     0  _printf_s.o(.ARM.Collect$$_printf_percent$$00000014)
    _printf_percent_end                      0x08000221   Thumb Code     0  _printf_percent_end.o(.ARM.Collect$$_printf_percent$$00000017)
    __rt_lib_init                            0x08000225   Thumb Code     0  libinit.o(.ARM.Collect$$libinit$$00000000)
    __rt_lib_init_fp_1                       0x08000227   Thumb Code     0  libinit2.o(.ARM.Collect$$libinit$$00000001)
    __rt_lib_init_heap_1                     0x0800022b   Thumb Code     0  libinit2.o(.ARM.Collect$$libinit$$0000000A)
    __rt_lib_init_lc_common                  0x0800022b   Thumb Code     0  libinit2.o(.ARM.Collect$$libinit$$0000000F)
    __rt_lib_init_preinit_1                  0x0800022b   Thumb Code     0  libinit2.o(.ARM.Collect$$libinit$$00000004)
    __rt_lib_init_rand_1                     0x0800022b   Thumb Code     0  libinit2.o(.ARM.Collect$$libinit$$0000000E)
    __rt_lib_init_user_alloc_1               0x0800022b   Thumb Code     0  libinit2.o(.ARM.Collect$$libinit$$0000000C)
    __rt_lib_init_lc_collate_1               0x08000231   Thumb Code     0  libinit2.o(.ARM.Collect$$libinit$$00000011)
    __rt_lib_init_lc_ctype_1                 0x08000231   Thumb Code     0  libinit2.o(.ARM.Collect$$libinit$$00000013)
    __rt_lib_init_lc_monetary_1              0x08000231   Thumb Code     0  libinit2.o(.ARM.Collect$$libinit$$00000015)
    __rt_lib_init_lc_numeric_2               0x08000231   Thumb Code     0  libinit2.o(.ARM.Collect$$libinit$$00000016)
    __rt_lib_init_alloca_1                   0x0800023b   Thumb Code     0  libinit2.o(.ARM.Collect$$libinit$$0000002E)
    __rt_lib_init_argv_1                     0x0800023b   Thumb Code     0  libinit2.o(.ARM.Collect$$libinit$$0000002C)
    __rt_lib_init_atexit_1                   0x0800023b   Thumb Code     0  libinit2.o(.ARM.Collect$$libinit$$0000001B)
    __rt_lib_init_clock_1                    0x0800023b   Thumb Code     0  libinit2.o(.ARM.Collect$$libinit$$00000021)
    __rt_lib_init_cpp_1                      0x0800023b   Thumb Code     0  libinit2.o(.ARM.Collect$$libinit$$00000032)
    __rt_lib_init_exceptions_1               0x0800023b   Thumb Code     0  libinit2.o(.ARM.Collect$$libinit$$00000030)
    __rt_lib_init_fp_trap_1                  0x0800023b   Thumb Code     0  libinit2.o(.ARM.Collect$$libinit$$0000001F)
    __rt_lib_init_getenv_1                   0x0800023b   Thumb Code     0  libinit2.o(.ARM.Collect$$libinit$$00000023)
    __rt_lib_init_lc_numeric_1               0x0800023b   Thumb Code     0  libinit2.o(.ARM.Collect$$libinit$$00000017)
    __rt_lib_init_lc_time_1                  0x0800023b   Thumb Code     0  libinit2.o(.ARM.Collect$$libinit$$00000019)
    __rt_lib_init_return                     0x0800023b   Thumb Code     0  libinit2.o(.ARM.Collect$$libinit$$00000033)
    __rt_lib_init_signal_1                   0x0800023b   Thumb Code     0  libinit2.o(.ARM.Collect$$libinit$$0000001D)
    __rt_lib_init_stdio_1                    0x0800023b   Thumb Code     0  libinit2.o(.ARM.Collect$$libinit$$00000025)
    __rt_lib_shutdown                        0x0800023d   Thumb Code     0  libshutdown.o(.ARM.Collect$$libshutdown$$00000000)
    __rt_lib_shutdown_cpp_1                  0x0800023f   Thumb Code     0  libshutdown2.o(.ARM.Collect$$libshutdown$$00000002)
    __rt_lib_shutdown_fp_trap_1              0x0800023f   Thumb Code     0  libshutdown2.o(.ARM.Collect$$libshutdown$$00000007)
    __rt_lib_shutdown_heap_1                 0x0800023f   Thumb Code     0  libshutdown2.o(.ARM.Collect$$libshutdown$$0000000F)
    __rt_lib_shutdown_return                 0x0800023f   Thumb Code     0  libshutdown2.o(.ARM.Collect$$libshutdown$$00000010)
    __rt_lib_shutdown_signal_1               0x0800023f   Thumb Code     0  libshutdown2.o(.ARM.Collect$$libshutdown$$0000000A)
    __rt_lib_shutdown_stdio_1                0x0800023f   Thumb Code     0  libshutdown2.o(.ARM.Collect$$libshutdown$$00000004)
    __rt_lib_shutdown_user_alloc_1           0x0800023f   Thumb Code     0  libshutdown2.o(.ARM.Collect$$libshutdown$$0000000C)
    __rt_entry                               0x08000241   Thumb Code     0  __rtentry.o(.ARM.Collect$$rtentry$$00000000)
    __rt_entry_presh_1                       0x08000241   Thumb Code     0  __rtentry2.o(.ARM.Collect$$rtentry$$00000002)
    __rt_entry_sh                            0x08000241   Thumb Code     0  __rtentry4.o(.ARM.Collect$$rtentry$$00000004)
    __rt_entry_li                            0x08000247   Thumb Code     0  __rtentry2.o(.ARM.Collect$$rtentry$$0000000A)
    __rt_entry_postsh_1                      0x08000247   Thumb Code     0  __rtentry2.o(.ARM.Collect$$rtentry$$00000009)
    __rt_entry_main                          0x0800024b   Thumb Code     0  __rtentry2.o(.ARM.Collect$$rtentry$$0000000D)
    __rt_entry_postli_1                      0x0800024b   Thumb Code     0  __rtentry2.o(.ARM.Collect$$rtentry$$0000000C)
    __rt_exit                                0x08000253   Thumb Code     0  rtexit.o(.ARM.Collect$$rtexit$$00000000)
    __rt_exit_ls                             0x08000255   Thumb Code     0  rtexit2.o(.ARM.Collect$$rtexit$$00000003)
    __rt_exit_prels_1                        0x08000255   Thumb Code     0  rtexit2.o(.ARM.Collect$$rtexit$$00000002)
    __rt_exit_exit                           0x08000259   Thumb Code     0  rtexit2.o(.ARM.Collect$$rtexit$$00000004)
    Reset_Handler                            0x08000261   Thumb Code     8  startup_stm32f40_41xxx.o(.text)
    ADC_IRQHandler                           0x0800027b   Thumb Code     0  startup_stm32f40_41xxx.o(.text)
    CAN1_RX0_IRQHandler                      0x0800027b   Thumb Code     0  startup_stm32f40_41xxx.o(.text)
    CAN1_RX1_IRQHandler                      0x0800027b   Thumb Code     0  startup_stm32f40_41xxx.o(.text)
    CAN1_SCE_IRQHandler                      0x0800027b   Thumb Code     0  startup_stm32f40_41xxx.o(.text)
    CAN1_TX_IRQHandler                       0x0800027b   Thumb Code     0  startup_stm32f40_41xxx.o(.text)
    CAN2_RX0_IRQHandler                      0x0800027b   Thumb Code     0  startup_stm32f40_41xxx.o(.text)
    CAN2_RX1_IRQHandler                      0x0800027b   Thumb Code     0  startup_stm32f40_41xxx.o(.text)
    CAN2_SCE_IRQHandler                      0x0800027b   Thumb Code     0  startup_stm32f40_41xxx.o(.text)
    CAN2_TX_IRQHandler                       0x0800027b   Thumb Code     0  startup_stm32f40_41xxx.o(.text)
    CRYP_IRQHandler                          0x0800027b   Thumb Code     0  startup_stm32f40_41xxx.o(.text)
    DCMI_IRQHandler                          0x0800027b   Thumb Code     0  startup_stm32f40_41xxx.o(.text)
    DMA1_Stream0_IRQHandler                  0x0800027b   Thumb Code     0  startup_stm32f40_41xxx.o(.text)
    DMA1_Stream1_IRQHandler                  0x0800027b   Thumb Code     0  startup_stm32f40_41xxx.o(.text)
    DMA1_Stream2_IRQHandler                  0x0800027b   Thumb Code     0  startup_stm32f40_41xxx.o(.text)
    DMA1_Stream3_IRQHandler                  0x0800027b   Thumb Code     0  startup_stm32f40_41xxx.o(.text)
    DMA1_Stream4_IRQHandler                  0x0800027b   Thumb Code     0  startup_stm32f40_41xxx.o(.text)
    DMA1_Stream5_IRQHandler                  0x0800027b   Thumb Code     0  startup_stm32f40_41xxx.o(.text)
    DMA1_Stream6_IRQHandler                  0x0800027b   Thumb Code     0  startup_stm32f40_41xxx.o(.text)
    DMA1_Stream7_IRQHandler                  0x0800027b   Thumb Code     0  startup_stm32f40_41xxx.o(.text)
    DMA2_Stream1_IRQHandler                  0x0800027b   Thumb Code     0  startup_stm32f40_41xxx.o(.text)
    DMA2_Stream2_IRQHandler                  0x0800027b   Thumb Code     0  startup_stm32f40_41xxx.o(.text)
    DMA2_Stream3_IRQHandler                  0x0800027b   Thumb Code     0  startup_stm32f40_41xxx.o(.text)
    DMA2_Stream4_IRQHandler                  0x0800027b   Thumb Code     0  startup_stm32f40_41xxx.o(.text)
    DMA2_Stream5_IRQHandler                  0x0800027b   Thumb Code     0  startup_stm32f40_41xxx.o(.text)
    DMA2_Stream6_IRQHandler                  0x0800027b   Thumb Code     0  startup_stm32f40_41xxx.o(.text)
    DMA2_Stream7_IRQHandler                  0x0800027b   Thumb Code     0  startup_stm32f40_41xxx.o(.text)
    ETH_IRQHandler                           0x0800027b   Thumb Code     0  startup_stm32f40_41xxx.o(.text)
    ETH_WKUP_IRQHandler                      0x0800027b   Thumb Code     0  startup_stm32f40_41xxx.o(.text)
    EXTI15_10_IRQHandler                     0x0800027b   Thumb Code     0  startup_stm32f40_41xxx.o(.text)
    EXTI1_IRQHandler                         0x0800027b   Thumb Code     0  startup_stm32f40_41xxx.o(.text)
    EXTI2_IRQHandler                         0x0800027b   Thumb Code     0  startup_stm32f40_41xxx.o(.text)
    EXTI3_IRQHandler                         0x0800027b   Thumb Code     0  startup_stm32f40_41xxx.o(.text)
    EXTI4_IRQHandler                         0x0800027b   Thumb Code     0  startup_stm32f40_41xxx.o(.text)
    EXTI9_5_IRQHandler                       0x0800027b   Thumb Code     0  startup_stm32f40_41xxx.o(.text)
    FLASH_IRQHandler                         0x0800027b   Thumb Code     0  startup_stm32f40_41xxx.o(.text)
    FPU_IRQHandler                           0x0800027b   Thumb Code     0  startup_stm32f40_41xxx.o(.text)
    FSMC_IRQHandler                          0x0800027b   Thumb Code     0  startup_stm32f40_41xxx.o(.text)
    HASH_RNG_IRQHandler                      0x0800027b   Thumb Code     0  startup_stm32f40_41xxx.o(.text)
    I2C1_ER_IRQHandler                       0x0800027b   Thumb Code     0  startup_stm32f40_41xxx.o(.text)
    I2C1_EV_IRQHandler                       0x0800027b   Thumb Code     0  startup_stm32f40_41xxx.o(.text)
    I2C2_ER_IRQHandler                       0x0800027b   Thumb Code     0  startup_stm32f40_41xxx.o(.text)
    I2C2_EV_IRQHandler                       0x0800027b   Thumb Code     0  startup_stm32f40_41xxx.o(.text)
    I2C3_ER_IRQHandler                       0x0800027b   Thumb Code     0  startup_stm32f40_41xxx.o(.text)
    I2C3_EV_IRQHandler                       0x0800027b   Thumb Code     0  startup_stm32f40_41xxx.o(.text)
    OTG_FS_IRQHandler                        0x0800027b   Thumb Code     0  startup_stm32f40_41xxx.o(.text)
    OTG_FS_WKUP_IRQHandler                   0x0800027b   Thumb Code     0  startup_stm32f40_41xxx.o(.text)
    OTG_HS_EP1_IN_IRQHandler                 0x0800027b   Thumb Code     0  startup_stm32f40_41xxx.o(.text)
    OTG_HS_EP1_OUT_IRQHandler                0x0800027b   Thumb Code     0  startup_stm32f40_41xxx.o(.text)
    OTG_HS_IRQHandler                        0x0800027b   Thumb Code     0  startup_stm32f40_41xxx.o(.text)
    OTG_HS_WKUP_IRQHandler                   0x0800027b   Thumb Code     0  startup_stm32f40_41xxx.o(.text)
    PVD_IRQHandler                           0x0800027b   Thumb Code     0  startup_stm32f40_41xxx.o(.text)
    RCC_IRQHandler                           0x0800027b   Thumb Code     0  startup_stm32f40_41xxx.o(.text)
    RTC_Alarm_IRQHandler                     0x0800027b   Thumb Code     0  startup_stm32f40_41xxx.o(.text)
    RTC_WKUP_IRQHandler                      0x0800027b   Thumb Code     0  startup_stm32f40_41xxx.o(.text)
    SDIO_IRQHandler                          0x0800027b   Thumb Code     0  startup_stm32f40_41xxx.o(.text)
    SPI1_IRQHandler                          0x0800027b   Thumb Code     0  startup_stm32f40_41xxx.o(.text)
    SPI2_IRQHandler                          0x0800027b   Thumb Code     0  startup_stm32f40_41xxx.o(.text)
    SPI3_IRQHandler                          0x0800027b   Thumb Code     0  startup_stm32f40_41xxx.o(.text)
    TAMP_STAMP_IRQHandler                    0x0800027b   Thumb Code     0  startup_stm32f40_41xxx.o(.text)
    TIM1_BRK_TIM9_IRQHandler                 0x0800027b   Thumb Code     0  startup_stm32f40_41xxx.o(.text)
    TIM1_CC_IRQHandler                       0x0800027b   Thumb Code     0  startup_stm32f40_41xxx.o(.text)
    TIM1_TRG_COM_TIM11_IRQHandler            0x0800027b   Thumb Code     0  startup_stm32f40_41xxx.o(.text)
    TIM1_UP_TIM10_IRQHandler                 0x0800027b   Thumb Code     0  startup_stm32f40_41xxx.o(.text)
    TIM2_IRQHandler                          0x0800027b   Thumb Code     0  startup_stm32f40_41xxx.o(.text)
    TIM3_IRQHandler                          0x0800027b   Thumb Code     0  startup_stm32f40_41xxx.o(.text)
    TIM4_IRQHandler                          0x0800027b   Thumb Code     0  startup_stm32f40_41xxx.o(.text)
    TIM5_IRQHandler                          0x0800027b   Thumb Code     0  startup_stm32f40_41xxx.o(.text)
    TIM6_DAC_IRQHandler                      0x0800027b   Thumb Code     0  startup_stm32f40_41xxx.o(.text)
    TIM7_IRQHandler                          0x0800027b   Thumb Code     0  startup_stm32f40_41xxx.o(.text)
    TIM8_BRK_TIM12_IRQHandler                0x0800027b   Thumb Code     0  startup_stm32f40_41xxx.o(.text)
    TIM8_CC_IRQHandler                       0x0800027b   Thumb Code     0  startup_stm32f40_41xxx.o(.text)
    TIM8_TRG_COM_TIM14_IRQHandler            0x0800027b   Thumb Code     0  startup_stm32f40_41xxx.o(.text)
    TIM8_UP_TIM13_IRQHandler                 0x0800027b   Thumb Code     0  startup_stm32f40_41xxx.o(.text)
    UART4_IRQHandler                         0x0800027b   Thumb Code     0  startup_stm32f40_41xxx.o(.text)
    UART5_IRQHandler                         0x0800027b   Thumb Code     0  startup_stm32f40_41xxx.o(.text)
    USART2_IRQHandler                        0x0800027b   Thumb Code     0  startup_stm32f40_41xxx.o(.text)
    USART3_IRQHandler                        0x0800027b   Thumb Code     0  startup_stm32f40_41xxx.o(.text)
    USART6_IRQHandler                        0x0800027b   Thumb Code     0  startup_stm32f40_41xxx.o(.text)
    WWDG_IRQHandler                          0x0800027b   Thumb Code     0  startup_stm32f40_41xxx.o(.text)
    __user_initial_stackheap                 0x0800027d   Thumb Code     0  startup_stm32f40_41xxx.o(.text)
    __use_no_semihosting                     0x0800029d   Thumb Code     2  use_no_semi_2.o(.text)
    __2sprintf                               0x080002a1   Thumb Code    34  noretval__2sprintf.o(.text)
    _printf_pre_padding                      0x080002c9   Thumb Code    44  _printf_pad.o(.text)
    _printf_post_padding                     0x080002f5   Thumb Code    34  _printf_pad.o(.text)
    _printf_str                              0x08000317   Thumb Code    82  _printf_str.o(.text)
    _printf_int_dec                          0x08000369   Thumb Code   104  _printf_dec.o(.text)
    __printf                                 0x080003e1   Thumb Code   388  __printf_flags_ss_wp.o(.text)
    __aeabi_memcpy4                          0x08000569   Thumb Code     0  rt_memcpy_w.o(.text)
    __aeabi_memcpy8                          0x08000569   Thumb Code     0  rt_memcpy_w.o(.text)
    __rt_memcpy_w                            0x08000569   Thumb Code   100  rt_memcpy_w.o(.text)
    _memcpy_lastbytes_aligned                0x080005b1   Thumb Code     0  rt_memcpy_w.o(.text)
    __aeabi_memclr4                          0x080005cd   Thumb Code     0  rt_memclr_w.o(.text)
    __aeabi_memclr8                          0x080005cd   Thumb Code     0  rt_memclr_w.o(.text)
    __rt_memclr_w                            0x080005cd   Thumb Code    78  rt_memclr_w.o(.text)
    _memset_w                                0x080005d1   Thumb Code     0  rt_memclr_w.o(.text)
    __use_two_region_memory                  0x0800061b   Thumb Code     2  heapauxi.o(.text)
    __rt_heap_escrow$2region                 0x0800061d   Thumb Code     2  heapauxi.o(.text)
    __rt_heap_expand$2region                 0x0800061f   Thumb Code     2  heapauxi.o(.text)
    __I$use$semihosting                      0x08000621   Thumb Code     0  use_no_semi.o(.text)
    __use_no_semihosting_swi                 0x08000621   Thumb Code     2  use_no_semi.o(.text)
    _printf_int_common                       0x08000623   Thumb Code   178  _printf_intcommon.o(.text)
    __lib_sel_fp_printf                      0x080006d5   Thumb Code     2  _printf_fp_dec.o(.text)
    _printf_fp_dec_real                      0x08000887   Thumb Code   620  _printf_fp_dec.o(.text)
    _printf_fp_hex_real                      0x08000af5   Thumb Code   756  _printf_fp_hex.o(.text)
    _printf_char_common                      0x08000dfb   Thumb Code    32  _printf_char_common.o(.text)
    _sputc                                   0x08000e21   Thumb Code    10  _sputc.o(.text)
    _printf_cs_common                        0x08000e2b   Thumb Code    20  _printf_char.o(.text)
    _printf_char                             0x08000e3f   Thumb Code    16  _printf_char.o(.text)
    _printf_string                           0x08000e4f   Thumb Code     8  _printf_char.o(.text)
    __rt_locale                              0x08000e59   Thumb Code     8  rt_locale_intlibspace.o(.text)
    _ll_udiv10                               0x08000e61   Thumb Code   138  lludiv10.o(.text)
    _printf_fp_infnan                        0x08000eed   Thumb Code   112  _printf_fp_infnan.o(.text)
    _btod_etento                             0x08000f6d   Thumb Code   224  bigflt0.o(.text)
    __user_libspace                          0x08001051   Thumb Code     8  libspace.o(.text)
    __user_perproc_libspace                  0x08001051   Thumb Code     0  libspace.o(.text)
    __user_perthread_libspace                0x08001051   Thumb Code     0  libspace.o(.text)
    __user_setup_stackheap                   0x08001059   Thumb Code    74  sys_stackheap_outer.o(.text)
    exit                                     0x080010a3   Thumb Code    18  exit.o(.text)
    strcmp                                   0x080010b5   Thumb Code   128  strcmpv7m.o(.text)
    _btod_d2e                                0x08001135   Thumb Code    62  btod.o(CL$$btod_d2e)
    _d2e_denorm_low                          0x08001173   Thumb Code    70  btod.o(CL$$btod_d2e_denorm_low)
    _d2e_norm_op1                            0x080011b9   Thumb Code    96  btod.o(CL$$btod_d2e_norm_op1)
    __btod_div_common                        0x08001219   Thumb Code   696  btod.o(CL$$btod_div_common)
    _e2e                                     0x08001551   Thumb Code   220  btod.o(CL$$btod_e2e)
    _btod_ediv                               0x0800162d   Thumb Code    42  btod.o(CL$$btod_ediv)
    _btod_emul                               0x08001657   Thumb Code    42  btod.o(CL$$btod_emul)
    __btod_mult_common                       0x08001681   Thumb Code   580  btod.o(CL$$btod_mult_common)
    OS_CPU_SR_Save                           0x080018c5   Thumb Code     0  core.o(CODE)
    OS_CPU_SR_Restore                        0x080018cd   Thumb Code     0  core.o(CODE)
    OSCtxSw                                  0x080018d3   Thumb Code     0  core.o(CODE)
    OSStartHighRdy                           0x080018dd   Thumb Code     0  core.o(CODE)
    PendSV_Handler                           0x080018fd   Thumb Code     0  core.o(CODE)
    BusFault_Handler                         0x08001941   Thumb Code     4  stm32f4xx_it.o(i.BusFault_Handler)
    DMA2_Stream0_IRQHandler                  0x08001ca5   Thumb Code    20  user_adc.o(i.DMA2_Stream0_IRQHandler)
    DMA_ClearITPendingBit                    0x08001cc1   Thumb Code    38  stm32f4xx_dma.o(i.DMA_ClearITPendingBit)
    DMA_GetITStatus                          0x08001cf5   Thumb Code    82  stm32f4xx_dma.o(i.DMA_GetITStatus)
    DebugMon_Handler                         0x08001d59   Thumb Code     2  stm32f4xx_it.o(i.DebugMon_Handler)
    EXTI0_IRQHandler                         0x08001ef1   Thumb Code    54  user.o(i.EXTI0_IRQHandler)
    EXTI_ClearITPendingBit                   0x08001f39   Thumb Code     6  stm32f4xx_exti.o(i.EXTI_ClearITPendingBit)
    EXTI_GetITStatus                         0x08001f45   Thumb Code    20  stm32f4xx_exti.o(i.EXTI_GetITStatus)
    EXTI_Init                                0x08001f5d   Thumb Code   142  stm32f4xx_exti.o(i.EXTI_Init)
    EXTI_StructInit                          0x08001ff1   Thumb Code    16  stm32f4xx_exti.o(i.EXTI_StructInit)
    FLASH_ClearFlag                          0x08002001   Thumb Code     6  stm32f4xx_flash.o(i.FLASH_ClearFlag)
    FLASH_EraseSector                        0x0800200d   Thumb Code   130  stm32f4xx_flash.o(i.FLASH_EraseSector)
    FLASH_GetStatus                          0x08002095   Thumb Code    80  stm32f4xx_flash.o(i.FLASH_GetStatus)
    FLASH_Lock                               0x080020e9   Thumb Code    14  stm32f4xx_flash.o(i.FLASH_Lock)
    FLASH_ProgramWord                        0x080020fd   Thumb Code    74  stm32f4xx_flash.o(i.FLASH_ProgramWord)
    FLASH_Unlock                             0x0800214d   Thumb Code    24  stm32f4xx_flash.o(i.FLASH_Unlock)
    FLASH_WaitForLastOperation               0x08002171   Thumb Code    34  stm32f4xx_flash.o(i.FLASH_WaitForLastOperation)
    FSMC_NORSRAMCmd                          0x08002195   Thumb Code    46  stm32f4xx_fsmc.o(i.FSMC_NORSRAMCmd)
    FSMC_NORSRAMInit                         0x080021c9   Thumb Code   230  stm32f4xx_fsmc.o(i.FSMC_NORSRAMInit)
    GPIO_Init                                0x080022af   Thumb Code   144  stm32f4xx_gpio.o(i.GPIO_Init)
    GPIO_PinAFConfig                         0x0800233f   Thumb Code    70  stm32f4xx_gpio.o(i.GPIO_PinAFConfig)
    GPIO_ReadInputDataBit                    0x08002385   Thumb Code    18  stm32f4xx_gpio.o(i.GPIO_ReadInputDataBit)
    GPIO_ResetBits                           0x08002397   Thumb Code     4  stm32f4xx_gpio.o(i.GPIO_ResetBits)
    GPIO_SetBits                             0x0800239b   Thumb Code     4  stm32f4xx_gpio.o(i.GPIO_SetBits)
    GPIO_StructInit                          0x0800239f   Thumb Code    18  stm32f4xx_gpio.o(i.GPIO_StructInit)
    HardFault_Handler                        0x080023b1   Thumb Code     4  stm32f4xx_it.o(i.HardFault_Handler)
    Key_StateSweep                           0x080023d5   Thumb Code   192  drive_ps2.o(i.Key_StateSweep)
    LCD_Appoint_Clear                        0x08002495   Thumb Code    72  tft_lcd.o(i.LCD_Appoint_Clear)
    LCD_Clear                                0x080024dd   Thumb Code    38  tft_lcd.o(i.LCD_Clear)
    LCD_CtrlLinesConfig                      0x08002509   Thumb Code   322  tft_lcd.o(i.LCD_CtrlLinesConfig)
    LCD_FSMCConfig                           0x0800265d   Thumb Code    94  tft_lcd.o(i.LCD_FSMCConfig)
    LCD_REG_Select                           0x080026bb   Thumb Code     8  tft_lcd.o(i.LCD_REG_Select)
    LCD_SetCursor                            0x080026c3   Thumb Code    68  tft_lcd.o(i.LCD_SetCursor)
    LCD_SetDisplayWindow                     0x08002707   Thumb Code    76  tft_lcd.o(i.LCD_SetDisplayWindow)
    LCD_WriteRAM                             0x08002753   Thumb Code     8  tft_lcd.o(i.LCD_WriteRAM)
    LCD_WriteRAM_Prepare                     0x0800275b   Thumb Code    10  tft_lcd.o(i.LCD_WriteRAM_Prepare)
    LED_Control                              0x08002765   Thumb Code   152  app_led.o(i.LED_Control)
    LED_Init                                 0x08002809   Thumb Code    70  drive_gpio.o(i.LED_Init)
    LED_main                                 0x08002859   Thumb Code    40  app_led.o(i.LED_main)
    MemManage_Handler                        0x08002885   Thumb Code     4  stm32f4xx_it.o(i.MemManage_Handler)
    MyPs2KeyScan                             0x08002e95   Thumb Code   456  drive_ps2.o(i.MyPs2KeyScan)
    NMI_Handler                              0x08003065   Thumb Code     2  stm32f4xx_it.o(i.NMI_Handler)
    NVIC_Init                                0x08003069   Thumb Code   106  misc.o(i.NVIC_Init)
    OSDelPrioRdy                             0x080030e1   Thumb Code    16  os_cpu.o(i.OSDelPrioRdy)
    OSGetHighRdy                             0x080030f5   Thumb Code    32  os_cpu.o(i.OSGetHighRdy)
    OSSetPrioRdy                             0x0800311d   Thumb Code    16  os_cpu.o(i.OSSetPrioRdy)
    OSTimeDly                                0x08003131   Thumb Code    50  os_cpu.o(i.OSTimeDly)
    OS_Char_Show                             0x0800316d   Thumb Code   266  os_ui.o(i.OS_Char_Show)
    OS_Font_Show                             0x0800328d   Thumb Code   192  os_ui.o(i.OS_Font_Show)
    OS_HzMat_Get                             0x08003355   Thumb Code   218  os_ui.o(i.OS_HzMat_Get)
    OS_IDLE_Task                             0x08003435   Thumb Code     8  os_cpu.o(i.OS_IDLE_Task)
    OS_Init                                  0x0800343d   Thumb Code    20  main.o(i.OS_Init)
    OS_LCD_Init                              0x08003451   Thumb Code    58  os_ui.o(i.OS_LCD_Init)
    OS_Num_Show                              0x080034a5   Thumb Code    92  os_ui.o(i.OS_Num_Show)
    OS_Point_Draw                            0x08003505   Thumb Code    30  os_ui.o(i.OS_Point_Draw)
    OS_Sched                                 0x08003525   Thumb Code    68  os_cpu.o(i.OS_Sched)
    OS_SchedLock                             0x0800357d   Thumb Code    22  os_cpu.o(i.OS_SchedLock)
    OS_SchedUnlock                           0x08003599   Thumb Code    22  os_cpu.o(i.OS_SchedUnlock)
    OS_Start                                 0x080035b5   Thumb Code    66  os_cpu.o(i.OS_Start)
    OS_String_Show                           0x0800361d   Thumb Code   124  os_ui.o(i.OS_String_Show)
    PGA112_GetGainValue                      0x080036af   Thumb Code    14  user_pga112.o(i.PGA112_GetGainValue)
    PGA112_Init                              0x080036bd   Thumb Code    28  user_pga112.o(i.PGA112_Init)
    PGA112_SetGainCode                       0x080036e1   Thumb Code    16  user_pga112.o(i.PGA112_SetGainCode)
    PGA112_Shutdown                          0x080036f5   Thumb Code    32  user_pga112.o(i.PGA112_Shutdown)
    PGA112_WriteConfig                       0x08003715   Thumb Code    44  user_pga112.o(i.PGA112_WriteConfig)
    PS2_Keyboard_Init                        0x08003779   Thumb Code     8  drive_ps2.o(i.PS2_Keyboard_Init)
    PS2_ReadKeyCodon                         0x08003781   Thumb Code   170  drive_ps2.o(i.PS2_ReadKeyCodon)
    RCC_AHB1PeriphClockCmd                   0x08003911   Thumb Code    26  stm32f4xx_rcc.o(i.RCC_AHB1PeriphClockCmd)
    RCC_AHB3PeriphClockCmd                   0x08003931   Thumb Code    26  stm32f4xx_rcc.o(i.RCC_AHB3PeriphClockCmd)
    RCC_APB1PeriphClockCmd                   0x08003951   Thumb Code    26  stm32f4xx_rcc.o(i.RCC_APB1PeriphClockCmd)
    RCC_APB2PeriphClockCmd                   0x08003971   Thumb Code    26  stm32f4xx_rcc.o(i.RCC_APB2PeriphClockCmd)
    RCC_APB2PeriphResetCmd                   0x08003991   Thumb Code    26  stm32f4xx_rcc.o(i.RCC_APB2PeriphResetCmd)
    SPI1_Init                                0x080039b1   Thumb Code   198  spi.o(i.SPI1_Init)
    SPI1_ReadWriteByte                       0x08003a85   Thumb Code    50  spi.o(i.SPI1_ReadWriteByte)
    SPI1_SetSpeed                            0x08003abd   Thumb Code    36  spi.o(i.SPI1_SetSpeed)
    SPI_Cmd                                  0x08003ae5   Thumb Code    24  stm32f4xx_spi.o(i.SPI_Cmd)
    SPI_GPIO_Init                            0x08003afd   Thumb Code    54  user_spi.o(i.SPI_GPIO_Init)
    SPI_I2S_GetFlagStatus                    0x08003b39   Thumb Code    18  stm32f4xx_spi.o(i.SPI_I2S_GetFlagStatus)
    SPI_I2S_ReceiveData                      0x08003b4b   Thumb Code     6  stm32f4xx_spi.o(i.SPI_I2S_ReceiveData)
    SPI_I2S_SendData                         0x08003b51   Thumb Code     4  stm32f4xx_spi.o(i.SPI_I2S_SendData)
    SPI_Init                                 0x08003b55   Thumb Code    60  stm32f4xx_spi.o(i.SPI_Init)
    SVC_Handler                              0x08003b91   Thumb Code     2  stm32f4xx_it.o(i.SVC_Handler)
    SYSCFG_EXTILineConfig                    0x08003b95   Thumb Code    60  stm32f4xx_syscfg.o(i.SYSCFG_EXTILineConfig)
    SysTick_CLKSourceConfig                  0x08003e03   Thumb Code    40  misc.o(i.SysTick_CLKSourceConfig)
    SysTick_Handler                          0x08003e2d   Thumb Code   120  os_cpu.o(i.SysTick_Handler)
    SystemInit                               0x08003eb1   Thumb Code    88  system_stm32f4xx.o(i.SystemInit)
    System_init                              0x08003f19   Thumb Code    76  os_cpu.o(i.System_init)
    TFT_LCD_Init                             0x08003f75   Thumb Code   496  tft_lcd.o(i.TFT_LCD_Init)
    TIM_ARRPreloadConfig                     0x08004165   Thumb Code    24  stm32f4xx_tim.o(i.TIM_ARRPreloadConfig)
    TIM_ClearFlag                            0x0800417d   Thumb Code     6  stm32f4xx_tim.o(i.TIM_ClearFlag)
    TIM_Cmd                                  0x08004183   Thumb Code    24  stm32f4xx_tim.o(i.TIM_Cmd)
    TIM_CtrlPWMOutputs                       0x0800419b   Thumb Code    30  stm32f4xx_tim.o(i.TIM_CtrlPWMOutputs)
    TIM_GetCounter                           0x080041b9   Thumb Code     6  stm32f4xx_tim.o(i.TIM_GetCounter)
    TIM_GetFlagStatus                        0x080041bf   Thumb Code    18  stm32f4xx_tim.o(i.TIM_GetFlagStatus)
    TIM_OC1Init                              0x080041d1   Thumb Code   114  stm32f4xx_tim.o(i.TIM_OC1Init)
    TIM_OC1PreloadConfig                     0x0800424d   Thumb Code    18  stm32f4xx_tim.o(i.TIM_OC1PreloadConfig)
    TIM_OC2Init                              0x08004261   Thumb Code   154  stm32f4xx_tim.o(i.TIM_OC2Init)
    TIM_OC2PreloadConfig                     0x08004305   Thumb Code    26  stm32f4xx_tim.o(i.TIM_OC2PreloadConfig)
    TIM_OCStructInit                         0x0800431f   Thumb Code    20  stm32f4xx_tim.o(i.TIM_OCStructInit)
    TIM_SelectOnePulseMode                   0x08004333   Thumb Code    18  stm32f4xx_tim.o(i.TIM_SelectOnePulseMode)
    TIM_SetCounter                           0x08004345   Thumb Code     4  stm32f4xx_tim.o(i.TIM_SetCounter)
    TIM_TimeBaseInit                         0x08004349   Thumb Code   104  stm32f4xx_tim.o(i.TIM_TimeBaseInit)
    TIM_TimeBaseStructInit                   0x080043cd   Thumb Code    18  stm32f4xx_tim.o(i.TIM_TimeBaseStructInit)
    Task_Create                              0x080043e1   Thumb Code   212  os_cpu.o(i.Task_Create)
    Task_End                                 0x080044bd   Thumb Code     4  os_cpu.o(i.Task_End)
    USART1_IRQHandler                        0x080044c1   Thumb Code   122  usart.o(i.USART1_IRQHandler)
    USART_GetITStatus                        0x08004549   Thumb Code    84  stm32f4xx_usart.o(i.USART_GetITStatus)
    USART_ReceiveData                        0x0800459d   Thumb Code    10  stm32f4xx_usart.o(i.USART_ReceiveData)
    Ultrasonic_FireBurst                     0x08004645   Thumb Code    58  drive_pwm.o(i.Ultrasonic_FireBurst)
    Ultrasonic_PWM_Init                      0x08004799   Thumb Code   252  drive_pwm.o(i.Ultrasonic_PWM_Init)
    UsageFault_Handler                       0x08004959   Thumb Code     4  stm32f4xx_it.o(i.UsageFault_Handler)
    User_SPI_EndFrame                        0x0800495d   Thumb Code    22  user_spi.o(i.User_SPI_EndFrame)
    User_SPI_Init                            0x08004979   Thumb Code    14  user_spi.o(i.User_SPI_Init)
    User_SPI_SetDioOutput                    0x08004989   Thumb Code    40  user_spi.o(i.User_SPI_SetDioOutput)
    User_SPI_StartFrame                      0x080049d9   Thumb Code    22  user_spi.o(i.User_SPI_StartFrame)
    User_SPI_Transfer16                      0x080049f5   Thumb Code   100  user_spi.o(i.User_SPI_Transfer16)
    User_SPI_Write16                         0x08004a5d   Thumb Code    20  user_spi.o(i.User_SPI_Write16)
    User_main                                0x08004a71   Thumb Code    94  user.o(i.User_main)
    W25Q64_Init                              0x08004ad9   Thumb Code   106  w25q64.o(i.W25Q64_Init)
    W25Q64_Read                              0x08004b51   Thumb Code    82  w25q64.o(i.W25Q64_Read)
    W25Q64_ReadID                            0x08004ba9   Thumb Code    70  w25q64.o(i.W25Q64_ReadID)
    __ARM_fpclassify                         0x08004bf5   Thumb Code    48  fpclassify.o(i.__ARM_fpclassify)
    _is_digit                                0x08004c25   Thumb Code    14  __printf_wp.o(i._is_digit)
    _sys_exit                                0x08004c33   Thumb Code     6  usart.o(i._sys_exit)
    delay_ms                                 0x08004c39   Thumb Code    60  delay.o(i.delay_ms)
    delay_us                                 0x08004c7d   Thumb Code    92  delay.o(i.delay_us)
    font_init                                0x08004cdd   Thumb Code    64  fontupd.o(i.font_init)
    main                                     0x08004d21   Thumb Code    52  main.o(i.main)
    _get_lc_numeric                          0x08004d6d   Thumb Code    44  lc_numeric_c.o(locale$$code)
    __aeabi_ui2d                             0x08004d99   Thumb Code     0  dflt_clz.o(x$fpl$dfltu)
    _dfltu                                   0x08004d99   Thumb Code    38  dflt_clz.o(x$fpl$dfltu)
    __fpl_dretinf                            0x08004dbf   Thumb Code    12  dretinf.o(x$fpl$dretinf)
    __aeabi_f2d                              0x08004dcd   Thumb Code     0  f2d.o(x$fpl$f2d)
    _f2d                                     0x08004dcd   Thumb Code    86  f2d.o(x$fpl$f2d)
    __fpl_fnaninf                            0x08004e23   Thumb Code   140  fnaninf.o(x$fpl$fnaninf)
    _fp_init                                 0x08004eaf   Thumb Code    10  fpinit.o(x$fpl$fpinit)
    __fplib_config_fpu_vfp                   0x08004eb7   Thumb Code     0  fpinit.o(x$fpl$fpinit)
    __fplib_config_pureend_doubles           0x08004eb7   Thumb Code     0  fpinit.o(x$fpl$fpinit)
    _printf_fp_dec                           0x08004eb9   Thumb Code     4  printf1.o(x$fpl$printf1)
    _printf_fp_hex                           0x08004ebd   Thumb Code     4  printf2.o(x$fpl$printf2)
    __I$use$fp                               0x08004ec0   Number         0  usenofp.o(x$fpl$usenofp)
    Font_1608                                0x08004ec8   Data        6080  fonts.o(.constdata)
    Font_1608x                               0x08006688   Data        6080  fonts.o(.constdata)
    Font_3216                                0x08007e48   Data        6080  fonts.o(.constdata)
    Font_2412                                0x08009608   Data       12480  fonts.o(.constdata)
    asc2_1608                                0x0800c6c8   Data        1520  fonts.o(.constdata)
    asc2_2412                                0x0800ccb8   Data        3420  fonts.o(.constdata)
    asc2_3216                                0x0800da14   Data        6080  fonts.o(.constdata)
    Region$$Table$$Base                      0x0800f2e4   Number         0  anon$$obj.o(Region$$Table)
    Region$$Table$$Limit                     0x0800f304   Number         0  anon$$obj.o(Region$$Table)
    mem3base                                 0x10000000   Data       61440  os_malloc.o(.ARM.__AT_0x10000000)
    mem3mapbase                              0x1000f000   Data        3840  os_malloc.o(.ARM.__AT_0x1000F000)
    CPU_ExceptStkBase                        0x20000014   Data           4  os_cpu.o(.data)
    p_TCB_Cur                                0x20000018   Data           4  os_cpu.o(.data)
    p_TCBHightRdy                            0x2000001c   Data           4  os_cpu.o(.data)
    OS_PrioCur                               0x20000020   Data           1  os_cpu.o(.data)
    OS_PrioHighRdy                           0x20000021   Data           1  os_cpu.o(.data)
    OSRdyTbl                                 0x20000024   Data           4  os_cpu.o(.data)
    fac_ms                                   0x20000028   Data           4  os_cpu.o(.data)
    fac_us                                   0x2000002c   Data           4  os_cpu.o(.data)
    OS_Running                               0x20000030   Data           1  os_cpu.o(.data)
    Sched_flag                               0x20000031   Data           1  os_cpu.o(.data)
    __stdout                                 0x20000034   Data           4  usart.o(.data)
    USART_RX_STA                             0x20000038   Data           2  usart.o(.data)
    Count                                    0x2000003c   Data           4  drive_ps2.o(.data)
    Ps2KeyValue                              0x20000040   Data           1  drive_ps2.o(.data)
    Font16x08                                0x20000044   Data           8  fonts.o(.data)
    Font24x12                                0x2000004c   Data           8  fonts.o(.data)
    Font16x08x                               0x20000054   Data           8  fonts.o(.data)
    Font32x16                                0x2000005c   Data           8  fonts.o(.data)
    TextColor                                0x20000068   Data           2  tft_lcd.o(.data)
    BackColor                                0x2000006a   Data           2  tft_lcd.o(.data)
    W25Q64_TYPE                              0x2000006c   Data           2  w25q64.o(.data)
    SystemCoreClock                          0x20000070   Data           4  system_stm32f4xx.o(.data)
    AHBPrescTable                            0x20000074   Data          16  system_stm32f4xx.o(.data)
    TASK_0_STK                               0x200000a4   Data       20480  main.o(.bss)
    TASK_1_STK                               0x200050a4   Data        2048  main.o(.bss)
    TASK_5_STK                               0x200058a4   Data         256  main.o(.bss)
    CPU_ExceptStk                            0x200059a4   Data         512  os_cpu.o(.bss)
    IDLE_STK                                 0x20005ba4   Data         256  os_cpu.o(.bss)
    TCB_Task                                 0x20005ca4   Data         384  os_cpu.o(.bss)
    USART_RX_BUF                             0x20005e24   Data         200  usart.o(.bss)
    Key_FSM_PS2                              0x20005eec   Data          10  drive_ps2.o(.bss)
    ftinfo                                   0x20005ef6   Data          33  fontupd.o(.bss)
    __libspace_start                         0x20005f18   Data          96  libspace.o(.bss)
    __temporary_stack_top$libspace           0x20005f78   Data           0  libspace.o(.bss)
    mem2base                                 0x68000000   Data       983040  os_malloc.o(.ARM.__AT_0x68000000)
    mem2mapbase                              0x680f0000   Data       61440  os_malloc.o(.ARM.__AT_0x680F0000)



==============================================================================

Memory Map of the image

  Image Entry point : 0x08000189

  Load Region LR_IROM1 (Base: 0x08000000, Size: 0x0000f3a4, Max: 0x00100000, ABSOLUTE)

    Execution Region ER_IROM1 (Exec base: 0x08000000, Load base: 0x08000000, Size: 0x0000f320, Max: 0x00100000, ABSOLUTE)

    Exec Addr    Load Addr    Size         Type   Attr      Idx    E Section Name        Object

    0x08000000   0x08000000   0x00000188   Data   RO         5848    RESET               startup_stm32f40_41xxx.o
    0x08000188   0x08000188   0x00000008   Code   RO         5904  * !!!main             c_w.l(__main.o)
    0x08000190   0x08000190   0x00000034   Code   RO         6362    !!!scatter          c_w.l(__scatter.o)
    0x080001c4   0x080001c4   0x0000001a   Code   RO         6364    !!handler_copy      c_w.l(__scatter_copy.o)
    0x080001de   0x080001de   0x00000002   PAD
    0x080001e0   0x080001e0   0x0000001c   Code   RO         6366    !!handler_zi        c_w.l(__scatter_zi.o)
    0x080001fc   0x080001fc   0x00000000   Code   RO         5897    .ARM.Collect$$_printf_percent$$00000000  c_w.l(_printf_percent.o)
    0x080001fc   0x080001fc   0x00000006   Code   RO         5893    .ARM.Collect$$_printf_percent$$00000003  c_w.l(_printf_f.o)
    0x08000202   0x08000202   0x00000006   Code   RO         5894    .ARM.Collect$$_printf_percent$$00000004  c_w.l(_printf_e.o)
    0x08000208   0x08000208   0x00000006   Code   RO         5895    .ARM.Collect$$_printf_percent$$00000005  c_w.l(_printf_g.o)
    0x0800020e   0x0800020e   0x00000006   Code   RO         5896    .ARM.Collect$$_printf_percent$$00000006  c_w.l(_printf_a.o)
    0x08000214   0x08000214   0x00000006   Code   RO         5892    .ARM.Collect$$_printf_percent$$0000000A  c_w.l(_printf_u.o)
    0x0800021a   0x0800021a   0x00000006   Code   RO         5891    .ARM.Collect$$_printf_percent$$00000014  c_w.l(_printf_s.o)
    0x08000220   0x08000220   0x00000004   Code   RO         6032    .ARM.Collect$$_printf_percent$$00000017  c_w.l(_printf_percent_end.o)
    0x08000224   0x08000224   0x00000002   Code   RO         6182    .ARM.Collect$$libinit$$00000000  c_w.l(libinit.o)
    0x08000226   0x08000226   0x00000004   Code   RO         6183    .ARM.Collect$$libinit$$00000001  c_w.l(libinit2.o)
    0x0800022a   0x0800022a   0x00000000   Code   RO         6186    .ARM.Collect$$libinit$$00000004  c_w.l(libinit2.o)
    0x0800022a   0x0800022a   0x00000000   Code   RO         6189    .ARM.Collect$$libinit$$0000000A  c_w.l(libinit2.o)
    0x0800022a   0x0800022a   0x00000000   Code   RO         6191    .ARM.Collect$$libinit$$0000000C  c_w.l(libinit2.o)
    0x0800022a   0x0800022a   0x00000000   Code   RO         6193    .ARM.Collect$$libinit$$0000000E  c_w.l(libinit2.o)
    0x0800022a   0x0800022a   0x00000006   Code   RO         6194    .ARM.Collect$$libinit$$0000000F  c_w.l(libinit2.o)
    0x08000230   0x08000230   0x00000000   Code   RO         6196    .ARM.Collect$$libinit$$00000011  c_w.l(libinit2.o)
    0x08000230   0x08000230   0x00000000   Code   RO         6198    .ARM.Collect$$libinit$$00000013  c_w.l(libinit2.o)
    0x08000230   0x08000230   0x00000000   Code   RO         6200    .ARM.Collect$$libinit$$00000015  c_w.l(libinit2.o)
    0x08000230   0x08000230   0x0000000a   Code   RO         6201    .ARM.Collect$$libinit$$00000016  c_w.l(libinit2.o)
    0x0800023a   0x0800023a   0x00000000   Code   RO         6202    .ARM.Collect$$libinit$$00000017  c_w.l(libinit2.o)
    0x0800023a   0x0800023a   0x00000000   Code   RO         6204    .ARM.Collect$$libinit$$00000019  c_w.l(libinit2.o)
    0x0800023a   0x0800023a   0x00000000   Code   RO         6206    .ARM.Collect$$libinit$$0000001B  c_w.l(libinit2.o)
    0x0800023a   0x0800023a   0x00000000   Code   RO         6208    .ARM.Collect$$libinit$$0000001D  c_w.l(libinit2.o)
    0x0800023a   0x0800023a   0x00000000   Code   RO         6210    .ARM.Collect$$libinit$$0000001F  c_w.l(libinit2.o)
    0x0800023a   0x0800023a   0x00000000   Code   RO         6212    .ARM.Collect$$libinit$$00000021  c_w.l(libinit2.o)
    0x0800023a   0x0800023a   0x00000000   Code   RO         6214    .ARM.Collect$$libinit$$00000023  c_w.l(libinit2.o)
    0x0800023a   0x0800023a   0x00000000   Code   RO         6216    .ARM.Collect$$libinit$$00000025  c_w.l(libinit2.o)
    0x0800023a   0x0800023a   0x00000000   Code   RO         6220    .ARM.Collect$$libinit$$0000002C  c_w.l(libinit2.o)
    0x0800023a   0x0800023a   0x00000000   Code   RO         6222    .ARM.Collect$$libinit$$0000002E  c_w.l(libinit2.o)
    0x0800023a   0x0800023a   0x00000000   Code   RO         6224    .ARM.Collect$$libinit$$00000030  c_w.l(libinit2.o)
    0x0800023a   0x0800023a   0x00000000   Code   RO         6226    .ARM.Collect$$libinit$$00000032  c_w.l(libinit2.o)
    0x0800023a   0x0800023a   0x00000002   Code   RO         6227    .ARM.Collect$$libinit$$00000033  c_w.l(libinit2.o)
    0x0800023c   0x0800023c   0x00000002   Code   RO         6310    .ARM.Collect$$libshutdown$$00000000  c_w.l(libshutdown.o)
    0x0800023e   0x0800023e   0x00000000   Code   RO         6345    .ARM.Collect$$libshutdown$$00000002  c_w.l(libshutdown2.o)
    0x0800023e   0x0800023e   0x00000000   Code   RO         6347    .ARM.Collect$$libshutdown$$00000004  c_w.l(libshutdown2.o)
    0x0800023e   0x0800023e   0x00000000   Code   RO         6350    .ARM.Collect$$libshutdown$$00000007  c_w.l(libshutdown2.o)
    0x0800023e   0x0800023e   0x00000000   Code   RO         6353    .ARM.Collect$$libshutdown$$0000000A  c_w.l(libshutdown2.o)
    0x0800023e   0x0800023e   0x00000000   Code   RO         6355    .ARM.Collect$$libshutdown$$0000000C  c_w.l(libshutdown2.o)
    0x0800023e   0x0800023e   0x00000000   Code   RO         6358    .ARM.Collect$$libshutdown$$0000000F  c_w.l(libshutdown2.o)
    0x0800023e   0x0800023e   0x00000002   Code   RO         6359    .ARM.Collect$$libshutdown$$00000010  c_w.l(libshutdown2.o)
    0x08000240   0x08000240   0x00000000   Code   RO         6012    .ARM.Collect$$rtentry$$00000000  c_w.l(__rtentry.o)
    0x08000240   0x08000240   0x00000000   Code   RO         6090    .ARM.Collect$$rtentry$$00000002  c_w.l(__rtentry2.o)
    0x08000240   0x08000240   0x00000006   Code   RO         6102    .ARM.Collect$$rtentry$$00000004  c_w.l(__rtentry4.o)
    0x08000246   0x08000246   0x00000000   Code   RO         6092    .ARM.Collect$$rtentry$$00000009  c_w.l(__rtentry2.o)
    0x08000246   0x08000246   0x00000004   Code   RO         6093    .ARM.Collect$$rtentry$$0000000A  c_w.l(__rtentry2.o)
    0x0800024a   0x0800024a   0x00000000   Code   RO         6095    .ARM.Collect$$rtentry$$0000000C  c_w.l(__rtentry2.o)
    0x0800024a   0x0800024a   0x00000008   Code   RO         6096    .ARM.Collect$$rtentry$$0000000D  c_w.l(__rtentry2.o)
    0x08000252   0x08000252   0x00000002   Code   RO         6230    .ARM.Collect$$rtexit$$00000000  c_w.l(rtexit.o)
    0x08000254   0x08000254   0x00000000   Code   RO         6266    .ARM.Collect$$rtexit$$00000002  c_w.l(rtexit2.o)
    0x08000254   0x08000254   0x00000004   Code   RO         6267    .ARM.Collect$$rtexit$$00000003  c_w.l(rtexit2.o)
    0x08000258   0x08000258   0x00000006   Code   RO         6268    .ARM.Collect$$rtexit$$00000004  c_w.l(rtexit2.o)
    0x0800025e   0x0800025e   0x00000002   PAD
    0x08000260   0x08000260   0x0000003c   Code   RO         5849    .text               startup_stm32f40_41xxx.o
    0x0800029c   0x0800029c   0x00000002   Code   RO         5855    .text               c_w.l(use_no_semi_2.o)
    0x0800029e   0x0800029e   0x00000002   PAD
    0x080002a0   0x080002a0   0x00000028   Code   RO         5861    .text               c_w.l(noretval__2sprintf.o)
    0x080002c8   0x080002c8   0x0000004e   Code   RO         5865    .text               c_w.l(_printf_pad.o)
    0x08000316   0x08000316   0x00000052   Code   RO         5867    .text               c_w.l(_printf_str.o)
    0x08000368   0x08000368   0x00000078   Code   RO         5869    .text               c_w.l(_printf_dec.o)
    0x080003e0   0x080003e0   0x00000188   Code   RO         5888    .text               c_w.l(__printf_flags_ss_wp.o)
    0x08000568   0x08000568   0x00000064   Code   RO         5898    .text               c_w.l(rt_memcpy_w.o)
    0x080005cc   0x080005cc   0x0000004e   Code   RO         5900    .text               c_w.l(rt_memclr_w.o)
    0x0800061a   0x0800061a   0x00000006   Code   RO         5902    .text               c_w.l(heapauxi.o)
    0x08000620   0x08000620   0x00000002   Code   RO         6010    .text               c_w.l(use_no_semi.o)
    0x08000622   0x08000622   0x000000b2   Code   RO         6019    .text               c_w.l(_printf_intcommon.o)
    0x080006d4   0x080006d4   0x0000041e   Code   RO         6021    .text               c_w.l(_printf_fp_dec.o)
    0x08000af2   0x08000af2   0x00000002   PAD
    0x08000af4   0x08000af4   0x000002fc   Code   RO         6023    .text               c_w.l(_printf_fp_hex.o)
    0x08000df0   0x08000df0   0x00000030   Code   RO         6026    .text               c_w.l(_printf_char_common.o)
    0x08000e20   0x08000e20   0x0000000a   Code   RO         6028    .text               c_w.l(_sputc.o)
    0x08000e2a   0x08000e2a   0x0000002c   Code   RO         6030    .text               c_w.l(_printf_char.o)
    0x08000e56   0x08000e56   0x00000002   PAD
    0x08000e58   0x08000e58   0x00000008   Code   RO         6109    .text               c_w.l(rt_locale_intlibspace.o)
    0x08000e60   0x08000e60   0x0000008a   Code   RO         6116    .text               c_w.l(lludiv10.o)
    0x08000eea   0x08000eea   0x00000002   PAD
    0x08000eec   0x08000eec   0x00000080   Code   RO         6120    .text               c_w.l(_printf_fp_infnan.o)
    0x08000f6c   0x08000f6c   0x000000e4   Code   RO         6126    .text               c_w.l(bigflt0.o)
    0x08001050   0x08001050   0x00000008   Code   RO         6160    .text               c_w.l(libspace.o)
    0x08001058   0x08001058   0x0000004a   Code   RO         6163    .text               c_w.l(sys_stackheap_outer.o)
    0x080010a2   0x080010a2   0x00000012   Code   RO         6169    .text               c_w.l(exit.o)
    0x080010b4   0x080010b4   0x00000080   Code   RO         6175    .text               c_w.l(strcmpv7m.o)
    0x08001134   0x08001134   0x0000003e   Code   RO         6129    CL$$btod_d2e        c_w.l(btod.o)
    0x08001172   0x08001172   0x00000046   Code   RO         6131    CL$$btod_d2e_denorm_low  c_w.l(btod.o)
    0x080011b8   0x080011b8   0x00000060   Code   RO         6130    CL$$btod_d2e_norm_op1  c_w.l(btod.o)
    0x08001218   0x08001218   0x00000338   Code   RO         6139    CL$$btod_div_common  c_w.l(btod.o)
    0x08001550   0x08001550   0x000000dc   Code   RO         6136    CL$$btod_e2e        c_w.l(btod.o)
    0x0800162c   0x0800162c   0x0000002a   Code   RO         6133    CL$$btod_ediv       c_w.l(btod.o)
    0x08001656   0x08001656   0x0000002a   Code   RO         6132    CL$$btod_emul       c_w.l(btod.o)
    0x08001680   0x08001680   0x00000244   Code   RO         6138    CL$$btod_mult_common  c_w.l(btod.o)
    0x080018c4   0x080018c4   0x0000007c   Code   RO          855    CODE                core.o
    0x08001940   0x08001940   0x00000004   Code   RO         5726    i.BusFault_Handler  stm32f4xx_it.o
    0x08001944   0x08001944   0x00000068   Code   RO          304    i.Calibration_IsValid  user.o
    0x080019ac   0x080019ac   0x00000028   Code   RO          305    i.Calibration_Load  user.o
    0x080019d4   0x080019d4   0x0000005c   Code   RO          306    i.Calibration_Save  user.o
    0x08001a30   0x08001a30   0x00000068   Code   RO          307    i.Change_Menu       user.o
    0x08001a98   0x08001a98   0x00000008   Code   RO          308    i.Clear_Work_Area   user.o
    0x08001aa0   0x08001aa0   0x000000c4   Code   RO          309    i.Clear_Work_Text   user.o
    0x08001b64   0x08001b64   0x000000f4   Code   RO          310    i.Convert_Time_To_Distance  user.o
    0x08001c58   0x08001c58   0x0000004c   Code   RO          311    i.Convert_Time_To_Distance_Default  user.o
    0x08001ca4   0x08001ca4   0x0000001c   Code   RO         1321    i.DMA2_Stream0_IRQHandler  user_adc.o
    0x08001cc0   0x08001cc0   0x00000034   Code   RO         3319    i.DMA_ClearITPendingBit  stm32f4xx_dma.o
    0x08001cf4   0x08001cf4   0x00000064   Code   RO         3330    i.DMA_GetITStatus   stm32f4xx_dma.o
    0x08001d58   0x08001d58   0x00000002   Code   RO         5727    i.DebugMon_Handler  stm32f4xx_it.o
    0x08001d5a   0x08001d5a   0x00000002   PAD
    0x08001d5c   0x08001d5c   0x00000120   Code   RO          312    i.Disp_Main         user.o
    0x08001e7c   0x08001e7c   0x00000058   Code   RO          313    i.Draw_Key_Tips     user.o
    0x08001ed4   0x08001ed4   0x0000001a   Code   RO          314    i.Draw_Work_Title   user.o
    0x08001eee   0x08001eee   0x00000002   PAD
    0x08001ef0   0x08001ef0   0x00000048   Code   RO          315    i.EXTI0_IRQHandler  user.o
    0x08001f38   0x08001f38   0x0000000c   Code   RO         3701    i.EXTI_ClearITPendingBit  stm32f4xx_exti.o
    0x08001f44   0x08001f44   0x00000018   Code   RO         3705    i.EXTI_GetITStatus  stm32f4xx_exti.o
    0x08001f5c   0x08001f5c   0x00000094   Code   RO         3706    i.EXTI_Init         stm32f4xx_exti.o
    0x08001ff0   0x08001ff0   0x00000010   Code   RO         3707    i.EXTI_StructInit   stm32f4xx_exti.o
    0x08002000   0x08002000   0x0000000c   Code   RO         3446    i.FLASH_ClearFlag   stm32f4xx_flash.o
    0x0800200c   0x0800200c   0x00000088   Code   RO         3452    i.FLASH_EraseSector  stm32f4xx_flash.o
    0x08002094   0x08002094   0x00000054   Code   RO         3454    i.FLASH_GetStatus   stm32f4xx_flash.o
    0x080020e8   0x080020e8   0x00000014   Code   RO         3458    i.FLASH_Lock        stm32f4xx_flash.o
    0x080020fc   0x080020fc   0x00000050   Code   RO         3482    i.FLASH_ProgramWord  stm32f4xx_flash.o
    0x0800214c   0x0800214c   0x00000024   Code   RO         3484    i.FLASH_Unlock      stm32f4xx_flash.o
    0x08002170   0x08002170   0x00000022   Code   RO         3485    i.FLASH_WaitForLastOperation  stm32f4xx_flash.o
    0x08002192   0x08002192   0x00000002   PAD
    0x08002194   0x08002194   0x00000034   Code   RO         3773    i.FSMC_NORSRAMCmd   stm32f4xx_fsmc.o
    0x080021c8   0x080021c8   0x000000e6   Code   RO         3775    i.FSMC_NORSRAMInit  stm32f4xx_fsmc.o
    0x080022ae   0x080022ae   0x00000090   Code   RO         3894    i.GPIO_Init         stm32f4xx_gpio.o
    0x0800233e   0x0800233e   0x00000046   Code   RO         3895    i.GPIO_PinAFConfig  stm32f4xx_gpio.o
    0x08002384   0x08002384   0x00000012   Code   RO         3898    i.GPIO_ReadInputDataBit  stm32f4xx_gpio.o
    0x08002396   0x08002396   0x00000004   Code   RO         3901    i.GPIO_ResetBits    stm32f4xx_gpio.o
    0x0800239a   0x0800239a   0x00000004   Code   RO         3902    i.GPIO_SetBits      stm32f4xx_gpio.o
    0x0800239e   0x0800239e   0x00000012   Code   RO         3903    i.GPIO_StructInit   stm32f4xx_gpio.o
    0x080023b0   0x080023b0   0x00000004   Code   RO         5728    i.HardFault_Handler  stm32f4xx_it.o
    0x080023b4   0x080023b4   0x00000020   Code   RO          316    i.Init_All          user.o
    0x080023d4   0x080023d4   0x000000c0   Code   RO         1520    i.Key_StateSweep    drive_ps2.o
    0x08002494   0x08002494   0x00000048   Code   RO         2453    i.LCD_Appoint_Clear  tft_lcd.o
    0x080024dc   0x080024dc   0x0000002c   Code   RO         2454    i.LCD_Clear         tft_lcd.o
    0x08002508   0x08002508   0x00000154   Code   RO         2455    i.LCD_CtrlLinesConfig  tft_lcd.o
    0x0800265c   0x0800265c   0x0000005e   Code   RO         2470    i.LCD_FSMCConfig    tft_lcd.o
    0x080026ba   0x080026ba   0x00000008   Code   RO         2671    i.LCD_REG_Select    tft_lcd.o
    0x080026c2   0x080026c2   0x00000044   Code   RO         2476    i.LCD_SetCursor     tft_lcd.o
    0x08002706   0x08002706   0x0000004c   Code   RO         2477    i.LCD_SetDisplayWindow  tft_lcd.o
    0x08002752   0x08002752   0x00000008   Code   RO         2666    i.LCD_WriteRAM      tft_lcd.o
    0x0800275a   0x0800275a   0x0000000a   Code   RO         2676    i.LCD_WriteRAM_Prepare  tft_lcd.o
    0x08002764   0x08002764   0x000000a4   Code   RO          270    i.LED_Control       app_led.o
    0x08002808   0x08002808   0x00000050   Code   RO          980    i.LED_Init          drive_gpio.o
    0x08002858   0x08002858   0x0000002c   Code   RO          271    i.LED_main          app_led.o
    0x08002884   0x08002884   0x00000004   Code   RO         5729    i.MemManage_Handler  stm32f4xx_it.o
    0x08002888   0x08002888   0x000001e4   Code   RO          317    i.MenuHandler_Calibrate  user.o
    0x08002a6c   0x08002a6c   0x000001f8   Code   RO          318    i.MenuHandler_Measure  user.o
    0x08002c64   0x08002c64   0x00000230   Code   RO          319    i.MenuHandler_Status  user.o
    0x08002e94   0x08002e94   0x000001d0   Code   RO         1521    i.MyPs2KeyScan      drive_ps2.o
    0x08003064   0x08003064   0x00000002   Code   RO         5730    i.NMI_Handler       stm32f4xx_it.o
    0x08003066   0x08003066   0x00000002   PAD
    0x08003068   0x08003068   0x00000078   Code   RO         5299    i.NVIC_Init         misc.o
    0x080030e0   0x080030e0   0x00000014   Code   RO          593    i.OSDelPrioRdy      os_cpu.o
    0x080030f4   0x080030f4   0x00000028   Code   RO          497    i.OSGetHighRdy      os_cpu.o
    0x0800311c   0x0800311c   0x00000014   Code   RO          588    i.OSSetPrioRdy      os_cpu.o
    0x08003130   0x08003130   0x0000003c   Code   RO          500    i.OSTimeDly         os_cpu.o
    0x0800316c   0x0800316c   0x00000120   Code   RO          643    i.OS_Char_Show      os_ui.o
    0x0800328c   0x0800328c   0x000000c8   Code   RO          645    i.OS_Font_Show      os_ui.o
    0x08003354   0x08003354   0x000000e0   Code   RO          646    i.OS_HzMat_Get      os_ui.o
    0x08003434   0x08003434   0x00000008   Code   RO          501    i.OS_IDLE_Task      os_cpu.o
    0x0800343c   0x0800343c   0x00000014   Code   RO          468    i.OS_Init           main.o
    0x08003450   0x08003450   0x00000054   Code   RO          648    i.OS_LCD_Init       os_ui.o
    0x080034a4   0x080034a4   0x00000060   Code   RO          650    i.OS_Num_Show       os_ui.o
    0x08003504   0x08003504   0x0000001e   Code   RO          652    i.OS_Point_Draw     os_ui.o
    0x08003522   0x08003522   0x00000002   PAD
    0x08003524   0x08003524   0x00000058   Code   RO          502    i.OS_Sched          os_cpu.o
    0x0800357c   0x0800357c   0x0000001c   Code   RO          503    i.OS_SchedLock      os_cpu.o
    0x08003598   0x08003598   0x0000001c   Code   RO          504    i.OS_SchedUnlock    os_cpu.o
    0x080035b4   0x080035b4   0x00000068   Code   RO          505    i.OS_Start          os_cpu.o
    0x0800361c   0x0800361c   0x0000007c   Code   RO          654    i.OS_String_Show    os_ui.o
    0x08003698   0x08003698   0x00000016   Code   RO         1944    i.PGA112_BuildWriteWord  user_pga112.o
    0x080036ae   0x080036ae   0x0000000e   Code   RO         1947    i.PGA112_GetGainValue  user_pga112.o
    0x080036bc   0x080036bc   0x00000024   Code   RO         1948    i.PGA112_Init       user_pga112.o
    0x080036e0   0x080036e0   0x00000014   Code   RO         1950    i.PGA112_SetGainCode  user_pga112.o
    0x080036f4   0x080036f4   0x00000020   Code   RO         1951    i.PGA112_Shutdown   user_pga112.o
    0x08003714   0x08003714   0x00000034   Code   RO         1952    i.PGA112_WriteConfig  user_pga112.o
    0x08003748   0x08003748   0x00000030   Code   RO         1522    i.PS2_GPIO_Init     drive_ps2.o
    0x08003778   0x08003778   0x00000008   Code   RO         1523    i.PS2_Keyboard_Init  drive_ps2.o
    0x08003780   0x08003780   0x000000b0   Code   RO         1524    i.PS2_ReadKeyCodon  drive_ps2.o
    0x08003830   0x08003830   0x00000058   Code   RO         1525    i.PS2_SCL_Set       drive_ps2.o
    0x08003888   0x08003888   0x00000088   Code   RO         1526    i.PS2_SCL_Wait      drive_ps2.o
    0x08003910   0x08003910   0x00000020   Code   RO         4215    i.RCC_AHB1PeriphClockCmd  stm32f4xx_rcc.o
    0x08003930   0x08003930   0x00000020   Code   RO         4221    i.RCC_AHB3PeriphClockCmd  stm32f4xx_rcc.o
    0x08003950   0x08003950   0x00000020   Code   RO         4224    i.RCC_APB1PeriphClockCmd  stm32f4xx_rcc.o
    0x08003970   0x08003970   0x00000020   Code   RO         4227    i.RCC_APB2PeriphClockCmd  stm32f4xx_rcc.o
    0x08003990   0x08003990   0x00000020   Code   RO         4229    i.RCC_APB2PeriphResetCmd  stm32f4xx_rcc.o
    0x080039b0   0x080039b0   0x000000d4   Code   RO         2384    i.SPI1_Init         spi.o
    0x08003a84   0x08003a84   0x00000038   Code   RO         2385    i.SPI1_ReadWriteByte  spi.o
    0x08003abc   0x08003abc   0x00000028   Code   RO         2386    i.SPI1_SetSpeed     spi.o
    0x08003ae4   0x08003ae4   0x00000018   Code   RO         5349    i.SPI_Cmd           stm32f4xx_spi.o
    0x08003afc   0x08003afc   0x0000003c   Code   RO         1403    i.SPI_GPIO_Init     user_spi.o
    0x08003b38   0x08003b38   0x00000012   Code   RO         5357    i.SPI_I2S_GetFlagStatus  stm32f4xx_spi.o
    0x08003b4a   0x08003b4a   0x00000006   Code   RO         5360    i.SPI_I2S_ReceiveData  stm32f4xx_spi.o
    0x08003b50   0x08003b50   0x00000004   Code   RO         5361    i.SPI_I2S_SendData  stm32f4xx_spi.o
    0x08003b54   0x08003b54   0x0000003c   Code   RO         5362    i.SPI_Init          stm32f4xx_spi.o
    0x08003b90   0x08003b90   0x00000002   Code   RO         5731    i.SVC_Handler       stm32f4xx_it.o
    0x08003b92   0x08003b92   0x00000002   PAD
    0x08003b94   0x08003b94   0x00000040   Code   RO         5510    i.SYSCFG_EXTILineConfig  stm32f4xx_syscfg.o
    0x08003bd4   0x08003bd4   0x000000ec   Code   RO         5811    i.SetSysClock       system_stm32f4xx.o
    0x08003cc0   0x08003cc0   0x0000006c   Code   RO          320    i.Show_Text_Line    user.o
    0x08003d2c   0x08003d2c   0x00000098   Code   RO          321    i.Show_Value_Line   user.o
    0x08003dc4   0x08003dc4   0x0000003e   Code   RO          322    i.Sort_Samples      user.o
    0x08003e02   0x08003e02   0x00000028   Code   RO         5303    i.SysTick_CLKSourceConfig  misc.o
    0x08003e2a   0x08003e2a   0x00000002   PAD
    0x08003e2c   0x08003e2c   0x00000084   Code   RO          506    i.SysTick_Handler   os_cpu.o
    0x08003eb0   0x08003eb0   0x00000068   Code   RO         5813    i.SystemInit        system_stm32f4xx.o
    0x08003f18   0x08003f18   0x0000005c   Code   RO          507    i.System_init       os_cpu.o
    0x08003f74   0x08003f74   0x000001f0   Code   RO         2485    i.TFT_LCD_Init      tft_lcd.o
    0x08004164   0x08004164   0x00000018   Code   RO         4553    i.TIM_ARRPreloadConfig  stm32f4xx_tim.o
    0x0800417c   0x0800417c   0x00000006   Code   RO         4559    i.TIM_ClearFlag     stm32f4xx_tim.o
    0x08004182   0x08004182   0x00000018   Code   RO         4565    i.TIM_Cmd           stm32f4xx_tim.o
    0x0800419a   0x0800419a   0x0000001e   Code   RO         4567    i.TIM_CtrlPWMOutputs  stm32f4xx_tim.o
    0x080041b8   0x080041b8   0x00000006   Code   RO         4584    i.TIM_GetCounter    stm32f4xx_tim.o
    0x080041be   0x080041be   0x00000012   Code   RO         4585    i.TIM_GetFlagStatus  stm32f4xx_tim.o
    0x080041d0   0x080041d0   0x0000007c   Code   RO         4594    i.TIM_OC1Init       stm32f4xx_tim.o
    0x0800424c   0x0800424c   0x00000012   Code   RO         4597    i.TIM_OC1PreloadConfig  stm32f4xx_tim.o
    0x0800425e   0x0800425e   0x00000002   PAD
    0x08004260   0x08004260   0x000000a4   Code   RO         4599    i.TIM_OC2Init       stm32f4xx_tim.o
    0x08004304   0x08004304   0x0000001a   Code   RO         4602    i.TIM_OC2PreloadConfig  stm32f4xx_tim.o
    0x0800431e   0x0800431e   0x00000014   Code   RO         4612    i.TIM_OCStructInit  stm32f4xx_tim.o
    0x08004332   0x08004332   0x00000012   Code   RO         4622    i.TIM_SelectOnePulseMode  stm32f4xx_tim.o
    0x08004344   0x08004344   0x00000004   Code   RO         4631    i.TIM_SetCounter    stm32f4xx_tim.o
    0x08004348   0x08004348   0x00000084   Code   RO         4637    i.TIM_TimeBaseInit  stm32f4xx_tim.o
    0x080043cc   0x080043cc   0x00000012   Code   RO         4638    i.TIM_TimeBaseStructInit  stm32f4xx_tim.o
    0x080043de   0x080043de   0x00000002   PAD
    0x080043e0   0x080043e0   0x000000dc   Code   RO          508    i.Task_Create       os_cpu.o
    0x080044bc   0x080044bc   0x00000004   Code   RO          509    i.Task_End          os_cpu.o
    0x080044c0   0x080044c0   0x00000088   Code   RO          928    i.USART1_IRQHandler  usart.o
    0x08004548   0x08004548   0x00000054   Code   RO         5119    i.USART_GetITStatus  stm32f4xx_usart.o
    0x0800459c   0x0800459c   0x0000000a   Code   RO         5129    i.USART_ReceiveData  stm32f4xx_usart.o
    0x080045a6   0x080045a6   0x00000002   PAD
    0x080045a8   0x080045a8   0x00000018   Code   RO          323    i.Ultrasonic_ApplyGain  user.o
    0x080045c0   0x080045c0   0x00000084   Code   RO          324    i.Ultrasonic_Echo_Init  user.o
    0x08004644   0x08004644   0x00000040   Code   RO         1272    i.Ultrasonic_FireBurst  drive_pwm.o
    0x08004684   0x08004684   0x0000000c   Code   RO          325    i.Ultrasonic_GetGainValue  user.o
    0x08004690   0x08004690   0x0000009c   Code   RO          326    i.Ultrasonic_MeasureFiltered  user.o
    0x0800472c   0x0800472c   0x0000006c   Code   RO          327    i.Ultrasonic_MeasureOnce  user.o
    0x08004798   0x08004798   0x00000104   Code   RO         1273    i.Ultrasonic_PWM_Init  drive_pwm.o
    0x0800489c   0x0800489c   0x00000030   Code   RO          328    i.Ultrasonic_PrepareGain  user.o
    0x080048cc   0x080048cc   0x0000004e   Code   RO          329    i.Ultrasonic_SelectGainCode  user.o
    0x0800491a   0x0800491a   0x00000002   PAD
    0x0800491c   0x0800491c   0x0000003c   Code   RO          330    i.Ultrasonic_Timer_Init  user.o
    0x08004958   0x08004958   0x00000004   Code   RO         5732    i.UsageFault_Handler  stm32f4xx_it.o
    0x0800495c   0x0800495c   0x0000001c   Code   RO         1404    i.User_SPI_EndFrame  user_spi.o
    0x08004978   0x08004978   0x0000000e   Code   RO         1405    i.User_SPI_Init     user_spi.o
    0x08004986   0x08004986   0x00000002   PAD
    0x08004988   0x08004988   0x0000002c   Code   RO         1408    i.User_SPI_SetDioOutput  user_spi.o
    0x080049b4   0x080049b4   0x00000024   Code   RO         1409    i.User_SPI_SetIdle  user_spi.o
    0x080049d8   0x080049d8   0x0000001c   Code   RO         1411    i.User_SPI_StartFrame  user_spi.o
    0x080049f4   0x080049f4   0x00000068   Code   RO         1412    i.User_SPI_Transfer16  user_spi.o
    0x08004a5c   0x08004a5c   0x00000014   Code   RO         1413    i.User_SPI_Write16  user_spi.o
    0x08004a70   0x08004a70   0x00000068   Code   RO          331    i.User_main         user.o
    0x08004ad8   0x08004ad8   0x00000078   Code   RO         2700    i.W25Q64_Init       w25q64.o
    0x08004b50   0x08004b50   0x00000058   Code   RO         2702    i.W25Q64_Read       w25q64.o
    0x08004ba8   0x08004ba8   0x0000004c   Code   RO         2703    i.W25Q64_ReadID     w25q64.o
    0x08004bf4   0x08004bf4   0x00000030   Code   RO         6073    i.__ARM_fpclassify  m_wm.l(fpclassify.o)
    0x08004c24   0x08004c24   0x0000000e   Code   RO         5881    i._is_digit         c_w.l(__printf_wp.o)
    0x08004c32   0x08004c32   0x00000006   Code   RO          929    i._sys_exit         usart.o
    0x08004c38   0x08004c38   0x00000044   Code   RO          899    i.delay_ms          delay.o
    0x08004c7c   0x08004c7c   0x00000060   Code   RO          900    i.delay_us          delay.o
    0x08004cdc   0x08004cdc   0x00000044   Code   RO         2348    i.font_init         fontupd.o
    0x08004d20   0x08004d20   0x0000004c   Code   RO          469    i.main              main.o
    0x08004d6c   0x08004d6c   0x0000002c   Code   RO         6152    locale$$code        c_w.l(lc_numeric_c.o)
    0x08004d98   0x08004d98   0x00000026   Code   RO         5932    x$fpl$dfltu         fz_wm.l(dflt_clz.o)
    0x08004dbe   0x08004dbe   0x0000000c   Code   RO         6039    x$fpl$dretinf       fz_wm.l(dretinf.o)
    0x08004dca   0x08004dca   0x00000002   PAD
    0x08004dcc   0x08004dcc   0x00000056   Code   RO         5944    x$fpl$f2d           fz_wm.l(f2d.o)
    0x08004e22   0x08004e22   0x0000008c   Code   RO         6043    x$fpl$fnaninf       fz_wm.l(fnaninf.o)
    0x08004eae   0x08004eae   0x0000000a   Code   RO         6247    x$fpl$fpinit        fz_wm.l(fpinit.o)
    0x08004eb8   0x08004eb8   0x00000004   Code   RO         5946    x$fpl$printf1       fz_wm.l(printf1.o)
    0x08004ebc   0x08004ebc   0x00000004   Code   RO         5948    x$fpl$printf2       fz_wm.l(printf2.o)
    0x08004ec0   0x08004ec0   0x00000000   Code   RO         6049    x$fpl$usenofp       fz_wm.l(usenofp.o)
    0x08004ec0   0x08004ec0   0x00000008   Data   RO          333    .constdata          user.o
    0x08004ec8   0x08004ec8   0x0000a30c   Data   RO         2333    .constdata          fonts.o
    0x0800f1d4   0x0800f1d4   0x00000011   Data   RO         5889    .constdata          c_w.l(__printf_flags_ss_wp.o)
    0x0800f1e5   0x0800f1e5   0x00000026   Data   RO         6024    .constdata          c_w.l(_printf_fp_hex.o)
    0x0800f20b   0x0800f20b   0x00000001   PAD
    0x0800f20c   0x0800f20c   0x00000094   Data   RO         6127    .constdata          c_w.l(bigflt0.o)
    0x0800f2a0   0x0800f2a0   0x00000041   Data   RO          334    .conststring        user.o
    0x0800f2e1   0x0800f2e1   0x00000003   PAD
    0x0800f2e4   0x0800f2e4   0x00000020   Data   RO         6360    Region$$Table       anon$$obj.o
    0x0800f304   0x0800f304   0x0000001c   Data   RO         6151    locale$$data        c_w.l(lc_numeric_c.o)


    Execution Region RW_IRAM2 (Exec base: 0x10000000, Load base: 0x0800f3a4, Size: 0x0000ff00, Max: 0x00010000, ABSOLUTE)

    Exec Addr    Load Addr    Size         Type   Attr      Idx    E Section Name        Object

    0x10000000        -       0x0000f000   Zero   RW          786    .ARM.__AT_0x10000000  os_malloc.o
    0x1000f000        -       0x00000f00   Zero   RW          787    .ARM.__AT_0x1000F000  os_malloc.o


    Execution Region RW_IRAM1 (Exec base: 0x20000000, Load base: 0x0800f320, Size: 0x0000df78, Max: 0x00020000, ABSOLUTE)

    Exec Addr    Load Addr    Size         Type   Attr      Idx    E Section Name        Object

    0x20000000   0x0800f320   0x00000001   Data   RW          272    .data               app_led.o
    0x20000001   0x0800f321   0x00000003   PAD
    0x20000004   0x0800f324   0x0000000f   Data   RW          335    .data               user.o
    0x20000013   0x0800f333   0x00000001   PAD
    0x20000014   0x0800f334   0x0000001e   Data   RW          511    .data               os_cpu.o
    0x20000032   0x0800f352   0x00000002   PAD
    0x20000034   0x0800f354   0x00000006   Data   RW          933    .data               usart.o
    0x2000003a   0x0800f35a   0x00000002   PAD
    0x2000003c   0x0800f35c   0x00000005   Data   RW         1528    .data               drive_ps2.o
    0x20000041   0x0800f361   0x00000002   Data   RW         1953    .data               user_pga112.o
    0x20000043   0x0800f363   0x00000001   PAD
    0x20000044   0x0800f364   0x00000020   Data   RW         2334    .data               fonts.o
    0x20000064   0x0800f384   0x00000008   Data   RW         2486    .data               tft_lcd.o
    0x2000006c   0x0800f38c   0x00000002   Data   RW         2714    .data               w25q64.o
    0x2000006e   0x0800f38e   0x00000002   PAD
    0x20000070   0x0800f390   0x00000014   Data   RW         5814    .data               system_stm32f4xx.o
    0x20000084        -       0x00000020   Zero   RW          332    .bss                user.o
    0x200000a4        -       0x00005900   Zero   RW          470    .bss                main.o
    0x200059a4        -       0x00000480   Zero   RW          510    .bss                os_cpu.o
    0x20005e24        -       0x000000c8   Zero   RW          932    .bss                usart.o
    0x20005eec        -       0x0000000a   Zero   RW         1527    .bss                drive_ps2.o
    0x20005ef6        -       0x00000021   Zero   RW         2349    .bss                fontupd.o
    0x20005f17   0x0800f3a4   0x00000001   PAD
    0x20005f18        -       0x00000060   Zero   RW         6161    .bss                c_w.l(libspace.o)
    0x20005f78        -       0x00000000   Zero   RW         5847    HEAP                startup_stm32f40_41xxx.o
    0x20005f78        -       0x00008000   Zero   RW         5846    STACK               startup_stm32f40_41xxx.o



  Load Region LR$$.ARM.__AT_0x68000000 (Base: 0x68000000, Size: 0x00000000, Max: 0x000f0000, ABSOLUTE)

    Execution Region ER$$.ARM.__AT_0x68000000 (Exec base: 0x68000000, Load base: 0x68000000, Size: 0x000f0000, Max: 0x000f0000, ABSOLUTE, UNINIT)

    Exec Addr    Load Addr    Size         Type   Attr      Idx    E Section Name        Object

    0x68000000        -       0x000f0000   Zero   RW          788    .ARM.__AT_0x68000000  os_malloc.o



  Load Region LR$$.ARM.__AT_0x680F0000 (Base: 0x680f0000, Size: 0x00000000, Max: 0x0000f000, ABSOLUTE)

    Execution Region ER$$.ARM.__AT_0x680F0000 (Exec base: 0x680f0000, Load base: 0x680f0000, Size: 0x0000f000, Max: 0x0000f000, ABSOLUTE, UNINIT)

    Exec Addr    Load Addr    Size         Type   Attr      Idx    E Section Name        Object

    0x680f0000        -       0x0000f000   Zero   RW          789    .ARM.__AT_0x680F0000  os_malloc.o


==============================================================================

Image component sizes


      Code (inc. data)   RO Data    RW Data    ZI Data      Debug   Object Name

       208         16          0          1          0       1053   app_led.o
         0          0          0          0          0     287868   app_touch.o
         0          0          0          0          0        709   character.o
       124         20          0          0          0        272   core.o
       164         12          0          0          0       1330   delay.o
        80         10          0          0          0        539   drive_gpio.o
      1112         34          0          5         10       7851   drive_ps2.o
       324         14          0          0          0       1237   drive_pwm.o
         0          0      41740         32          0       1418   fonts.o
        68          4          0          0         33       1281   fontupd.o
        96         24          0          0      22784       1524   main.o
       160         14          0          0          0       1630   misc.o
       844        132          0         30       1152     236290   os_cpu.o
         0          0          0          0    1109760       1738   os_malloc.o
      1046         66          0          0          0       7967   os_ui.o
       308         24          0          0          0       1789   spi.o
        60         22        392          0      32768        832   startup_stm32f40_41xxx.o
         0          0          0          0          0     301992   stm32f4xx_adc.o
       152         32          0          0          0       2682   stm32f4xx_dma.o
       200         16          0          0          0       2778   stm32f4xx_exti.o
       402         40          0          0          0       4697   stm32f4xx_flash.o
       282          6          0          0          0       1913   stm32f4xx_fsmc.o
       258          0          0          0          0       4241   stm32f4xx_gpio.o
        22          0          0          0          0       3219   stm32f4xx_it.o
       160         30          0          0          0       3065   stm32f4xx_rcc.o
       112          0          0          0          0       3646   stm32f4xx_spi.o
        64          4          0          0          0        672   stm32f4xx_syscfg.o
       632         48          0          0          0      10010   stm32f4xx_tim.o
        94          0          0          0          0       2076   stm32f4xx_usart.o
       340         32          0         20          0       1781   system_stm32f4xx.o
      1216         24          0          8          0       7822   tft_lcd.o
       142         14          0          6        200       2896   usart.o
      3962       1054         73         15         32      18443   user.o
        28          8          0          0          0        506   user_adc.o
       176         20          0          2          0       3564   user_pga112.o
       334         30          0          0          0       4283   user_spi.o
       284         26          0          2          0       2444   w25q64.o

    ----------------------------------------------------------------------
     13478       1776      42240        132    1166740     938058   Object Totals
         0          0         32          0          0          0   (incl. Generated)
        24          0          3         11          1          0   (incl. Padding)

    ----------------------------------------------------------------------

      Code (inc. data)   RO Data    RW Data    ZI Data      Debug   Library Member Name

         8          0          0          0          0         68   __main.o
       392          4         17          0          0         92   __printf_flags_ss_wp.o
        14          0          0          0          0         68   __printf_wp.o
         0          0          0          0          0          0   __rtentry.o
        12          0          0          0          0          0   __rtentry2.o
         6          0          0          0          0          0   __rtentry4.o
        52          8          0          0          0          0   __scatter.o
        26          0          0          0          0          0   __scatter_copy.o
        28          0          0          0          0          0   __scatter_zi.o
         6          0          0          0          0          0   _printf_a.o
        44          0          0          0          0        108   _printf_char.o
        48          6          0          0          0         96   _printf_char_common.o
       120         16          0          0          0         92   _printf_dec.o
         6          0          0          0          0          0   _printf_e.o
         6          0          0          0          0          0   _printf_f.o
      1054          0          0          0          0        216   _printf_fp_dec.o
       764          8         38          0          0        100   _printf_fp_hex.o
       128         16          0          0          0         84   _printf_fp_infnan.o
         6          0          0          0          0          0   _printf_g.o
       178          0          0          0          0         88   _printf_intcommon.o
        78          0          0          0          0        108   _printf_pad.o
         0          0          0          0          0          0   _printf_percent.o
         4          0          0          0          0          0   _printf_percent_end.o
         6          0          0          0          0          0   _printf_s.o
        82          0          0          0          0         80   _printf_str.o
         6          0          0          0          0          0   _printf_u.o
        10          0          0          0          0         68   _sputc.o
       228          4        148          0          0         96   bigflt0.o
      1936        128          0          0          0        672   btod.o
        18          0          0          0          0         80   exit.o
         6          0          0          0          0        152   heapauxi.o
        44         10         28          0          0         76   lc_numeric_c.o
         2          0          0          0          0          0   libinit.o
        22          0          0          0          0          0   libinit2.o
         2          0          0          0          0          0   libshutdown.o
         2          0          0          0          0          0   libshutdown2.o
         8          4          0          0         96         68   libspace.o
       138          0          0          0          0         80   lludiv10.o
        40          6          0          0          0         84   noretval__2sprintf.o
         8          4          0          0          0         68   rt_locale_intlibspace.o
        78          0          0          0          0         80   rt_memclr_w.o
       100          0          0          0          0         80   rt_memcpy_w.o
         2          0          0          0          0          0   rtexit.o
        10          0          0          0          0          0   rtexit2.o
       128          0          0          0          0         68   strcmpv7m.o
        74          0          0          0          0         80   sys_stackheap_outer.o
         2          0          0          0          0         68   use_no_semi.o
         2          0          0          0          0         68   use_no_semi_2.o
        38          0          0          0          0        116   dflt_clz.o
        12          0          0          0          0        116   dretinf.o
        86          4          0          0          0        132   f2d.o
       140          4          0          0          0        132   fnaninf.o
        10          0          0          0          0        116   fpinit.o
         4          0          0          0          0        116   printf1.o
         4          0          0          0          0        116   printf2.o
         0          0          0          0          0          0   usenofp.o
        48          0          0          0          0        124   fpclassify.o

    ----------------------------------------------------------------------
      6290        222        232          0         96       4056   Library Totals
        14          0          1          0          0          0   (incl. Padding)

    ----------------------------------------------------------------------

      Code (inc. data)   RO Data    RW Data    ZI Data      Debug   Library Name

      5934        214        231          0         96       3088   c_w.l
       294          8          0          0          0        844   fz_wm.l
        48          0          0          0          0        124   m_wm.l

    ----------------------------------------------------------------------
      6290        222        232          0         96       4056   Library Totals

    ----------------------------------------------------------------------

==============================================================================


      Code (inc. data)   RO Data    RW Data    ZI Data      Debug   

     19768       1998      42472        132    1166836     924550   Grand Totals
     19768       1998      42472        132    1166836     924550   ELF Image Totals
     19768       1998      42472        132          0          0   ROM Totals

==============================================================================

    Total RO  Size (Code + RO Data)                62240 (  60.78kB)
    Total RW  Size (RW Data + ZI Data)           1166968 (1139.62kB)
    Total ROM Size (Code + RO Data + RW Data)      62372 (  60.91kB)

==============================================================================

