*** Using Compiler 'V5.06 update 5 (build 528)', folder: 'D:\keil5\ARM\ARMCC\Bin'
Build target '_04 OS'
compiling User.c...
.\_01_App\User.h(8): warning:  #1-D: last line of file ends without a newline
  #endif
.\_03_Drive\User_DAC.h(25): warning:  #1295-D: Deprecated declaration User_DAC_Configure - give arg types
  void User_DAC_Configure();
_01_App\User.h(8): warning:  #1-D: last line of file ends without a newline
  #endif
_01_App\User.c(727): warning:  #177-D: variable "best_mid"  was declared but never referenced
          uint8_t best_mid;
_01_App\User.c(326): warning:  #177-D: function "Show_Text_Line"  was declared but never referenced
  static void Show_Text_Line(uint16_t line, char *text) 
_01_App\User.c(339): warning:  #177-D: function "Show_Value_Line"  was declared but never referenced
  static void Show_Value_Line(uint16_t line, char *label, double value, char *format) 
_01_App\User.c(354): warning:  #177-D: function "Show_Value_Only"  was declared but never referenced
  static void Show_Value_Only(uint16_t line, double value, char *format) 
_01_App\User.c: 7 warnings, 0 errors
linking...
Program Size: Code=21240 RO-data=42436 RW-data=160 ZI-data=1166840  
".\Output\_04.axf" - 0 Error(s), 7 Warning(s).
Build Time Elapsed:  00:00:02
